Archive member included to satisfy reference by file (symbol)

c:/renesas/ra/e2studio_v2023-04_fsp_v4.5.0/toolchains/gcc_arm/gcc-arm-none-eabi-10.3-2021.10/bin/../lib/gcc/arm-none-eabi/10.3.1/thumb/v8-m.main+fp/hard\libgcc.a(_aeabi_ldivmod.o)
                              ./ra/fsp/src/r_sci_uart/r_sci_uart.o (__aeabi_ldivmod)
c:/renesas/ra/e2studio_v2023-04_fsp_v4.5.0/toolchains/gcc_arm/gcc-arm-none-eabi-10.3-2021.10/bin/../lib/gcc/arm-none-eabi/10.3.1/thumb/v8-m.main+fp/hard\libgcc.a(_aeabi_uldivmod.o)
                              ./dshanmcu_ra6m5/drivers/Servor.o (__aeabi_uldivmod)
c:/renesas/ra/e2studio_v2023-04_fsp_v4.5.0/toolchains/gcc_arm/gcc-arm-none-eabi-10.3-2021.10/bin/../lib/gcc/arm-none-eabi/10.3.1/thumb/v8-m.main+fp/hard\libgcc.a(_udivmoddi4.o)
                              c:/renesas/ra/e2studio_v2023-04_fsp_v4.5.0/toolchains/gcc_arm/gcc-arm-none-eabi-10.3-2021.10/bin/../lib/gcc/arm-none-eabi/10.3.1/thumb/v8-m.main+fp/hard\libgcc.a(_aeabi_ldivmod.o) (__udivmoddi4)
c:/renesas/ra/e2studio_v2023-04_fsp_v4.5.0/toolchains/gcc_arm/gcc-arm-none-eabi-10.3-2021.10/bin/../lib/gcc/arm-none-eabi/10.3.1/thumb/v8-m.main+fp/hard\libgcc.a(_dvmd_tls.o)
                              c:/renesas/ra/e2studio_v2023-04_fsp_v4.5.0/toolchains/gcc_arm/gcc-arm-none-eabi-10.3-2021.10/bin/../lib/gcc/arm-none-eabi/10.3.1/thumb/v8-m.main+fp/hard\libgcc.a(_aeabi_ldivmod.o) (__aeabi_ldiv0)
c:/renesas/ra/e2studio_v2023-04_fsp_v4.5.0/toolchains/gcc_arm/gcc-arm-none-eabi-10.3-2021.10/bin/../lib/gcc/arm-none-eabi/10.3.1/../../../../arm-none-eabi/lib/thumb/v8-m.main+fp/hard\libg_nano.a(lib_a-errno.o)
                              ./ra/fsp/src/bsp/mcu/all/bsp_sbrk.o (__errno)
c:/renesas/ra/e2studio_v2023-04_fsp_v4.5.0/toolchains/gcc_arm/gcc-arm-none-eabi-10.3-2021.10/bin/../lib/gcc/arm-none-eabi/10.3.1/../../../../arm-none-eabi/lib/thumb/v8-m.main+fp/hard\libg_nano.a(lib_a-exit.o)
                              c:/renesas/ra/e2studio_v2023-04_fsp_v4.5.0/toolchains/gcc_arm/gcc-arm-none-eabi-10.3-2021.10/bin/../lib/gcc/arm-none-eabi/10.3.1/../../../../arm-none-eabi/lib/thumb/v8-m.main+fp/hard/crt0.o (exit)
c:/renesas/ra/e2studio_v2023-04_fsp_v4.5.0/toolchains/gcc_arm/gcc-arm-none-eabi-10.3-2021.10/bin/../lib/gcc/arm-none-eabi/10.3.1/../../../../arm-none-eabi/lib/thumb/v8-m.main+fp/hard\libg_nano.a(lib_a-fflush.o)
                              ./dshanmcu_ra6m5/applications/app_uart_test.o (fflush)
c:/renesas/ra/e2studio_v2023-04_fsp_v4.5.0/toolchains/gcc_arm/gcc-arm-none-eabi-10.3-2021.10/bin/../lib/gcc/arm-none-eabi/10.3.1/../../../../arm-none-eabi/lib/thumb/v8-m.main+fp/hard\libg_nano.a(lib_a-findfp.o)
                              c:/renesas/ra/e2studio_v2023-04_fsp_v4.5.0/toolchains/gcc_arm/gcc-arm-none-eabi-10.3-2021.10/bin/../lib/gcc/arm-none-eabi/10.3.1/../../../../arm-none-eabi/lib/thumb/v8-m.main+fp/hard\libg_nano.a(lib_a-fflush.o) (__sinit)
c:/renesas/ra/e2studio_v2023-04_fsp_v4.5.0/toolchains/gcc_arm/gcc-arm-none-eabi-10.3-2021.10/bin/../lib/gcc/arm-none-eabi/10.3.1/../../../../arm-none-eabi/lib/thumb/v8-m.main+fp/hard\libg_nano.a(lib_a-fwalk.o)
                              c:/renesas/ra/e2studio_v2023-04_fsp_v4.5.0/toolchains/gcc_arm/gcc-arm-none-eabi-10.3-2021.10/bin/../lib/gcc/arm-none-eabi/10.3.1/../../../../arm-none-eabi/lib/thumb/v8-m.main+fp/hard\libg_nano.a(lib_a-findfp.o) (_fwalk)
c:/renesas/ra/e2studio_v2023-04_fsp_v4.5.0/toolchains/gcc_arm/gcc-arm-none-eabi-10.3-2021.10/bin/../lib/gcc/arm-none-eabi/10.3.1/../../../../arm-none-eabi/lib/thumb/v8-m.main+fp/hard\libg_nano.a(lib_a-impure.o)
                              c:/renesas/ra/e2studio_v2023-04_fsp_v4.5.0/toolchains/gcc_arm/gcc-arm-none-eabi-10.3-2021.10/bin/../lib/gcc/arm-none-eabi/10.3.1/../../../../arm-none-eabi/lib/thumb/v8-m.main+fp/hard\libg_nano.a(lib_a-exit.o) (_global_impure_ptr)
c:/renesas/ra/e2studio_v2023-04_fsp_v4.5.0/toolchains/gcc_arm/gcc-arm-none-eabi-10.3-2021.10/bin/../lib/gcc/arm-none-eabi/10.3.1/../../../../arm-none-eabi/lib/thumb/v8-m.main+fp/hard\libg_nano.a(lib_a-init.o)
                              c:/renesas/ra/e2studio_v2023-04_fsp_v4.5.0/toolchains/gcc_arm/gcc-arm-none-eabi-10.3-2021.10/bin/../lib/gcc/arm-none-eabi/10.3.1/../../../../arm-none-eabi/lib/thumb/v8-m.main+fp/hard/crt0.o (__libc_init_array)
c:/renesas/ra/e2studio_v2023-04_fsp_v4.5.0/toolchains/gcc_arm/gcc-arm-none-eabi-10.3-2021.10/bin/../lib/gcc/arm-none-eabi/10.3.1/../../../../arm-none-eabi/lib/thumb/v8-m.main+fp/hard\libg_nano.a(lib_a-lock.o)
                              c:/renesas/ra/e2studio_v2023-04_fsp_v4.5.0/toolchains/gcc_arm/gcc-arm-none-eabi-10.3-2021.10/bin/../lib/gcc/arm-none-eabi/10.3.1/../../../../arm-none-eabi/lib/thumb/v8-m.main+fp/hard\libg_nano.a(lib_a-findfp.o) (__retarget_lock_init_recursive)
c:/renesas/ra/e2studio_v2023-04_fsp_v4.5.0/toolchains/gcc_arm/gcc-arm-none-eabi-10.3-2021.10/bin/../lib/gcc/arm-none-eabi/10.3.1/../../../../arm-none-eabi/lib/thumb/v8-m.main+fp/hard\libg_nano.a(lib_a-memcpy-stub.o)
[...]
Memory Configuration

Name             Origin             Length             Attributes
ITCM             0x00000000         0x00000000         xr
DTCM             0x00000000         0x00000000         xrw
FLASH            0x00000000         0x00100000         xr
RAM              0x20000000         0x00080000         xrw
DATA_FLASH       0x08000000         0x00002000         xr
QSPI_FLASH       0x60000000         0x04000000         xr
OSPI_DEVICE_0    0x68000000         0x08000000         xr
OSPI_DEVICE_1    0x70000000         0x10000000         xr
OSPI_DEVICE_0_RAM 0x68000000         0x08000000         xrw
OSPI_DEVICE_1_RAM 0x70000000         0x10000000         xrw
SDRAM            0x80010000         0x00000000         xrw
OPTION_SETTING   0x0100a100         0x00000100         r
OPTION_SETTING_OFS 0x0100a100         0x00000018         r
OPTION_SETTING_SAS 0x0100a134         0x000000cc         r
OPTION_SETTING_S 0x0100a200         0x00000100         r
ID_CODE          0x00000000         0x00000000         xr
*default*        0x00000000         0xffffffff

Linker script and memory map

LOAD c:/renesas/ra/e2studio_v2023-04_fsp_v4.5.0/toolchains/gcc_arm/gcc-arm-none-eabi-10.3-2021.10/bin/../lib/gcc/arm-none-eabi/10.3.1/thumb/v8-m.main+fp/hard/crti.o
LOAD c:/renesas/ra/e2studio_v2023-04_fsp_v4.5.0/toolchains/gcc_arm/gcc-arm-none-eabi-10.3-2021.10/bin/../lib/gcc/arm-none-eabi/10.3.1/thumb/v8-m.main+fp/hard/crtbegin.o
LOAD c:/renesas/ra/e2studio_v2023-04_fsp_v4.5.0/toolchains/gcc_arm/gcc-arm-none-eabi-10.3-2021.10/bin/../lib/gcc/arm-none-eabi/10.3.1/../../../../arm-none-eabi/lib/thumb/v8-m.main+fp/hard/crt0.o
START GROUP
LOAD ./src/hal_entry.o
LOAD ./ra_gen/common_data.o
LOAD ./ra_gen/hal_data.o
LOAD ./ra_gen/main.o
LOAD ./ra_gen/pin_data.o
LOAD ./ra_gen/vector_data.o
LOAD ./ra/fsp/src/r_sci_uart/r_sci_uart.o
LOAD ./ra/fsp/src/r_ioport/r_ioport.o
LOAD ./ra/fsp/src/r_iic_master/r_iic_master.o
LOAD ./ra/fsp/src/r_gpt/r_gpt.o
LOAD ./ra/fsp/src/r_flash_hp/r_flash_hp.o
LOAD ./ra/fsp/src/bsp/mcu/all/bsp_clocks.o
LOAD ./ra/fsp/src/bsp/mcu/all/bsp_common.o
LOAD ./ra/fsp/src/bsp/mcu/all/bsp_delay.o
LOAD ./ra/fsp/src/bsp/mcu/all/bsp_group_irq.o
LOAD ./ra/fsp/src/bsp/mcu/all/bsp_guard.o
LOAD ./ra/fsp/src/bsp/mcu/all/bsp_io.o
LOAD ./ra/fsp/src/bsp/mcu/all/bsp_irq.o
LOAD ./ra/fsp/src/bsp/mcu/all/bsp_register_protection.o
LOAD ./ra/fsp/src/bsp/mcu/all/bsp_rom_registers.o
LOAD ./ra/fsp/src/bsp/mcu/all/bsp_sbrk.o
LOAD ./ra/fsp/src/bsp/mcu/all/bsp_security.o
LOAD ./ra/fsp/src/bsp/cmsis/Device/RENESAS/Source/startup.o
LOAD ./ra/fsp/src/bsp/cmsis/Device/RENESAS/Source/system.o
LOAD ./dshanmcu_ra6m5/drivers/Flash.o
LOAD ./dshanmcu_ra6m5/drivers/SensorMPU6050.o
LOAD ./dshanmcu_ra6m5/drivers/Servor.o
LOAD ./dshanmcu_ra6m5/drivers/VoiceControl.o
LOAD ./dshanmcu_ra6m5/drivers/drv_uart.o
LOAD ./dshanmcu_ra6m5/applications/app_uart_test.o
END GROUP
START GROUP
LOAD c:/renesas/ra/e2studio_v2023-04_fsp_v4.5.0/toolchains/gcc_arm/gcc-arm-none-eabi-10.3-2021.10/bin/../lib/gcc/arm-none-eabi/10.3.1/thumb/v8-m.main+fp/hard\libgcc.a
LOAD c:/renesas/ra/e2studio_v2023-04_fsp_v4.5.0/toolchains/gcc_arm/gcc-arm-none-eabi-10.3-2021.10/bin/../lib/gcc/arm-none-eabi/10.3.1/../../../../arm-none-eabi/lib/thumb/v8-m.main+fp/hard\libg_nano.a
LOAD c:/renesas/ra/e2studio_v2023-04_fsp_v4.5.0/toolchains/gcc_arm/gcc-arm-none-eabi-10.3-2021.10/bin/../lib/gcc/arm-none-eabi/10.3.1/../../../../arm-none-eabi/lib/thumb/v8-m.main+fp/hard\libc_nano.a
END GROUP
START GROUP
LOAD c:/renesas/ra/e2studio_v2023-04_fsp_v4.5.0/toolchains/gcc_arm/gcc-arm-none-eabi-10.3-2021.10/bin/../lib/gcc/arm-none-eabi/10.3.1/thumb/v8-m.main+fp/hard\libgcc.a
LOAD c:/renesas/ra/e2studio_v2023-04_fsp_v4.5.0/toolchains/gcc_arm/gcc-arm-none-eabi-10.3-2021.10/bin/../lib/gcc/arm-none-eabi/10.3.1/../../../../arm-none-eabi/lib/thumb/v8-m.main+fp/hard\libc_nano.a
END GROUP
LOAD c:/renesas/ra/e2studio_v2023-04_fsp_v4.5.0/toolchains/gcc_arm/gcc-arm-none-eabi-10.3-2021.10/bin/../lib/gcc/arm-none-eabi/10.3.1/thumb/v8-m.main+fp/hard/crtend.o
LOAD c:/renesas/ra/e2studio_v2023-04_fsp_v4.5.0/toolchains/gcc_arm/gcc-arm-none-eabi-10.3-2021.10/bin/../lib/gcc/arm-none-eabi/10.3.1/thumb/v8-m.main+fp/hard/crtn.o
                0x20000000                RAM_START = 0x20000000
                0x00080000                RAM_LENGTH = 0x80000
                0x00000000                FLASH_START = 0x0
                0x00100000                FLASH_LENGTH = 0x100000
                0x08000000                DATA_FLASH_START = 0x8000000
                0x00002000                DATA_FLASH_LENGTH = 0x2000
                0x0100a100                OPTION_SETTING_START = 0x100a100
                0x00000100                OPTION_SETTING_LENGTH = 0x100
                0x0100a200                OPTION_SETTING_S_START = 0x100a200
                0x00000100                OPTION_SETTING_S_LENGTH = 0x100
                0x00000000                ID_CODE_START = 0x0
                0x00000000                ID_CODE_LENGTH = 0x0
                0x80010000                SDRAM_START = 0x80010000
                0x00000000                SDRAM_LENGTH = 0x0
                0x60000000                QSPI_FLASH_START = 0x60000000
                0x04000000                QSPI_FLASH_LENGTH = 0x4000000
                0x68000000                OSPI_DEVICE_0_START = 0x68000000
                0x08000000                OSPI_DEVICE_0_LENGTH = 0x8000000
                0x70000000                OSPI_DEVICE_1_START = 0x70000000
                0x10000000                OSPI_DEVICE_1_LENGTH = 0x10000000
                0x04000000                QSPI_FLASH_PRV_LENGTH = DEFINED (QSPI_FLASH_SIZE)?ABSOLUTE (QSPI_FLASH_SIZE):ABSOLUTE (QSPI_FLASH_LENGTH)
                0x08000000                OSPI_DEVICE_0_PRV_LENGTH = DEFINED (OSPI_DEVICE_0_SIZE)?ABSOLUTE (OSPI_DEVICE_0_SIZE):ABSOLUTE (OSPI_DEVICE_0_LENGTH)
                0x10000000                OSPI_DEVICE_1_PRV_LENGTH = DEFINED (OSPI_DEVICE_1_SIZE)?ABSOLUTE (OSPI_DEVICE_1_SIZE):ABSOLUTE (OSPI_DEVICE_1_LENGTH)
                0x00000000                __RESERVE_NS_RAM = ((! (DEFINED (PROJECT_NONSECURE)) && DEFINED (RAM_NS_BUFFER_LENGTH)) && (OPTION_SETTING_S_LENGTH != 0x0))
                0x00000000                ITCM_START = DEFINED (ITCM_START)?ITCM_START:0x0
                0x00000000                ITCM_LENGTH = DEFINED (ITCM_LENGTH)?ITCM_LENGTH:0x0
                0x00000000                DTCM_START = DEFINED (DTCM_START)?DTCM_START:0x0
                0x00000000                DTCM_LENGTH = DEFINED (DTCM_LENGTH)?DTCM_LENGTH:0x0
                0x00000000                NS_OFFSET_START = DEFINED (NS_OFFSET_START)?NS_OFFSET_START:0x0
                0x00000000                NS_IMAGE_OFFSET = DEFINED (PROJECT_NONSECURE)?NS_OFFSET_START:0x0
                0x00000000                RAM_NS_BUFFER_BLOCK_LENGTH = DEFINED (RAM_NS_BUFFER_LENGTH)?ALIGN (RAM_NS_BUFFER_LENGTH, 0x2000):0x0
                0x00000000                RAM_NS_BUFFER_LENGTH = DEFINED (RAM_NS_BUFFER_LENGTH)?RAM_NS_BUFFER_LENGTH:0x0
                0x20080000                RAM_NS_BUFFER_START = ((RAM_START + RAM_LENGTH) - RAM_NS_BUFFER_LENGTH)
                0x20080000                RAM_NS_BUFFER_BLOCK_START = ((RAM_START + RAM_LENGTH) - RAM_NS_BUFFER_BLOCK_LENGTH)
                0x0100a180                OPTION_SETTING_START_NS = DEFINED (PROJECT_NONSECURE)?OPTION_SETTING_START:(OPTION_SETTING_START + 0x80)
                0x00000001                __bl_FSP_BOOTABLE_IMAGE = 0x1
                0x00000001                __bln_FSP_BOOTABLE_IMAGE = 0x1
                0x00000001                PROJECT_SECURE_OR_FLAT = (((! (DEFINED (PROJECT_NONSECURE)) || DEFINED (PROJECT_SECURE)) && OPTION_SETTING_LENGTH) && ! (DEFINED (FSP_BOOTABLE_IMAGE)))
                0x00000000                USE_OPTION_SETTING_NS = (DEFINED (PROJECT_NONSECURE) && ! (DEFINED (FSP_BOOTABLE_IMAGE)))
                0x00000000                __bl_FLASH_IMAGE_START = ! (DEFINED (FLASH_BOOTLOADER_LENGTH))?0x0:(FLASH_APPLICATION_IMAGE_NUMBER == 0x1)?(FLASH_BOOTLOADER_LENGTH + FLASH_BOOTLOADER_HEADER_LENGTH):(((FLASH_BOOTLOADER_LENGTH + FLASH_BOOTLOADER_SCRATCH_LENGTH) + FLASH_APPLICATION_S_LENGTH) + FLASH_BOOTLOADER_HEADER_LENGTH)
                0x00000000                __bl_FLASH_IMAGE_LENGTH = ! (DEFINED (FLASH_BOOTLOADER_LENGTH))?0x0:(FLASH_APPLICATION_S_LENGTH - FLASH_BOOTLOADER_HEADER_LENGTH)
                0x00000000                __bl_FLASH_IMAGE_END = (__bl_FLASH_IMAGE_START + __bl_FLASH_IMAGE_LENGTH)
                0x00000000                __bl_XIP_SECONDARY_FLASH_IMAGE_START = ! (DEFINED (FLASH_BOOTLOADER_LENGTH))?0x0:((FLASH_BOOTLOADER_LENGTH + FLASH_APPLICATION_S_LENGTH) + FLASH_BOOTLOADER_HEADER_LENGTH)
                0x00000000                __bl_XIP_SECONDARY_FLASH_IMAGE_END = (__bl_XIP_SECONDARY_FLASH_IMAGE_START + __bl_FLASH_IMAGE_LENGTH)
                0x00000000                __bl_FLASH_NS_START = ! (DEFINED (FLASH_BOOTLOADER_LENGTH))?0x0:(FLASH_APPLICATION_NS_LENGTH == 0x0)?__bl_FLASH_IMAGE_END:((__bl_FLASH_IMAGE_START - FLASH_BOOTLOADER_HEADER_LENGTH) + FLASH_APPLICATION_S_LENGTH)
                0x00000000                __bl_FLASH_NSC_START = ! (DEFINED (FLASH_BOOTLOADER_LENGTH))?0x0:(FLASH_APPLICATION_NS_LENGTH == 0x0)?__bl_FLASH_IMAGE_END:(__bl_FLASH_NS_START - FLASH_APPLICATION_NSC_LENGTH)
                0x00000000                __bl_RAM_NS_START = ! (DEFINED (FLASH_BOOTLOADER_LENGTH))?0x0:(FLASH_APPLICATION_NS_LENGTH == 0x0)?(RAM_START + RAM_LENGTH):((RAM_START + RAM_LENGTH) - RAM_APPLICATION_NS_LENGTH)
                0x00000000                __bl_RAM_NSC_START = ! (DEFINED (FLASH_BOOTLOADER_LENGTH))?0x0:(FLASH_APPLICATION_NS_LENGTH == 0x0)?(RAM_START + RAM_LENGTH):(__bl_RAM_NS_START - RAM_APPLICATION_NSC_LENGTH)
                0x00000000                __bl_FLASH_NS_IMAGE_START = ! (DEFINED (FLASH_BOOTLOADER_LENGTH))?0x0:(FLASH_APPLICATION_NS_LENGTH == 0x0)?__bl_FLASH_IMAGE_END:(__bl_FLASH_NS_START + FLASH_BOOTLOADER_HEADER_LENGTH_2)
                0x00000000                __bln_FLASH_IMAGE_START = __bl_FLASH_NS_IMAGE_START
                0x00000000                __bln_FLASH_IMAGE_LENGTH = ! (DEFINED (FLASH_BOOTLOADER_LENGTH))?0x0:(FLASH_APPLICATION_NS_LENGTH == 0x0)?__bl_FLASH_IMAGE_END:(FLASH_APPLICATION_NS_LENGTH - FLASH_BOOTLOADER_HEADER_LENGTH_2)
                0x00000000                XIP_SECONDARY_SLOT_IMAGE = DEFINED (XIP_SECONDARY_SLOT_IMAGE)?XIP_SECONDARY_SLOT_IMAGE:0x0
                0x00000000                FLASH_ORIGIN = ! (DEFINED (FLASH_IMAGE_START))?FLASH_START:(XIP_SECONDARY_SLOT_IMAGE == 0x1)?XIP_SECONDARY_FLASH_IMAGE_START:FLASH_IMAGE_START
                0x00100000                LIMITED_FLASH_LENGTH = DEFINED (FLASH_IMAGE_LENGTH)?FLASH_IMAGE_LENGTH:DEFINED (FLASH_BOOTLOADER_LENGTH)?FLASH_BOOTLOADER_LENGTH:FLASH_LENGTH
START GROUP
LOAD c:/renesas/ra/e2studio_v2023-04_fsp_v4.5.0/toolchains/gcc_arm/gcc-arm-none-eabi-10.3-2021.10/bin/../lib/gcc/arm-none-eabi/10.3.1/thumb/v8-m.main+fp/hard\libgcc.a
LOAD c:/renesas/ra/e2studio_v2023-04_fsp_v4.5.0/toolchains/gcc_arm/gcc-arm-none-eabi-10.3-2021.10/bin/../lib/gcc/arm-none-eabi/10.3.1/../../../../arm-none-eabi/lib/thumb/v8-m.main+fp/hard\libc.a
LOAD c:/renesas/ra/e2studio_v2023-04_fsp_v4.5.0/toolchains/gcc_arm/gcc-arm-none-eabi-10.3-2021.10/bin/../lib/gcc/arm-none-eabi/10.3.1/../../../../arm-none-eabi/lib/thumb/v8-m.main+fp/hard\libm.a
LOAD c:/renesas/ra/e2studio_v2023-04_fsp_v4.5.0/toolchains/gcc_arm/gcc-arm-none-eabi-10.3-2021.10/bin/../lib/gcc/arm-none-eabi/10.3.1/../../../../arm-none-eabi/lib/thumb/v8-m.main+fp/hard\libnosys.a
END GROUP

.itcm_data      0x00000000        0x0
                0x00000000                __tz_ITCM_S = ABSOLUTE (ITCM_START)
                0x00000000                __itcm_data_start__ = .
 *(.itcm_data*)
                0x00000000                __itcm_data_end__ = .
                0x00000000                __tz_ITCM_N = DEFINED (ITCM_NS_START)?ABSOLUTE (ITCM_NS_START):ALIGN (__itcm_data_end__, 0x2000)

.text           0x00000000     0x5400
                0x00000000                __tz_FLASH_S = ABSOLUTE (FLASH_START)
                0x00000000                __ROM_Start = .
 *(.fixed_vectors*)
 .fixed_vectors
                0x00000000       0x40 ./ra/fsp/src/bsp/cmsis/Device/RENESAS/Source/startup.o
                0x00000000                __Vectors
 *(.application_vectors*)
 .application_vectors
                0x00000040      0x180 ./ra_gen/vector_data.o
                0x00000040                g_vector_table
                0x000001c0                __Vectors_End = .
                0x000001c0                . = (OPTION_SETTING_LENGTH > 0x0)?.:(__ROM_Start + 0x400)
 *(.rom_registers*)
                0x000001c0                . = (OPTION_SETTING_LENGTH > 0x0)?.:(__ROM_Start + 0x500)
                0x00000200                . = ALIGN (0x80)
 *fill*         0x000001c0       0x40 ff
 *(.mcuboot_sce9_key*)
 *(.text*)
 .text          0x00000200       0x40 c:/renesas/ra/e2studio_v2023-04_fsp_v4.5.0/toolchains/gcc_arm/gcc-arm-none-eabi-10.3-2021.10/bin/../lib/gcc/arm-none-eabi/10.3.1/thumb/v8-m.main+fp/hard/crtbegin.o
 .text.mpu_i2c_callback
                0x00000240        0x8 ./src/hal_entry.o
                0x00000240                mpu_i2c_callback
 .text.hal_entry
                0x00000248      0x490 ./src/hal_entry.o
                0x00000248                hal_entry
 .text.R_BSP_WarmStart
                0x000006d8       0x18 ./src/hal_entry.o
                0x000006d8                R_BSP_WarmStart
 .text.startup.main
                0x000006f0        0xc ./ra_gen/main.o
                0x000006f0                main
 .text.R_SCI_UART_Close
                0x000006fc       0xcc ./ra/fsp/src/r_sci_uart/r_sci_uart.o
                0x000006fc                R_SCI_UART_Close
 .text.R_SCI_UART_Read
                0x000007c8        0xc ./ra/fsp/src/r_sci_uart/r_sci_uart.o
                0x000007c8                R_SCI_UART_Read
 .text.R_SCI_UART_Write
                0x000007d4       0x48 ./ra/fsp/src/r_sci_uart/r_sci_uart.o
                0x000007d4                R_SCI_UART_Write
 .text.R_SCI_UART_CallbackSet
                0x0000081c       0x10 ./ra/fsp/src/r_sci_uart/r_sci_uart.o
                0x0000081c                R_SCI_UART_CallbackSet
 .text.R_SCI_UART_BaudSet
                0x0000082c       0x4c ./ra/fsp/src/r_sci_uart/r_sci_uart.o
                0x0000082c                R_SCI_UART_BaudSet
 .text.R_SCI_UART_InfoGet
                0x00000878        0xc ./ra/fsp/src/r_sci_uart/r_sci_uart.o
                0x00000878                R_SCI_UART_InfoGet
 .text.R_SCI_UART_Abort
                0x00000884       0x3c ./ra/fsp/src/r_sci_uart/r_sci_uart.o
                0x00000884                R_SCI_UART_Abort
 .text.R_SCI_UART_ReadStop
                0x000008c0       0x14 ./ra/fsp/src/r_sci_uart/r_sci_uart.o
                0x000008c0                R_SCI_UART_ReadStop
 .text.r_sci_uart_call_callback
                0x000008d4       0x44 ./ra/fsp/src/r_sci_uart/r_sci_uart.o
 .text.R_SCI_UART_Open
                0x00000918      0x364 ./ra/fsp/src/r_sci_uart/r_sci_uart.o
                0x00000918                R_SCI_UART_Open
 .text.sci_uart_txi_isr
                0x00000c7c       0x90 ./ra/fsp/src/r_sci_uart/r_sci_uart.o
                0x00000c7c                sci_uart_txi_isr
 .text.sci_uart_rxi_isr
                0x00000d0c       0x90 ./ra/fsp/src/r_sci_uart/r_sci_uart.o
                0x00000d0c                sci_uart_rxi_isr
 .text.sci_uart_tei_isr
                0x00000d9c       0x48 ./ra/fsp/src/r_sci_uart/r_sci_uart.o
                0x00000d9c                sci_uart_tei_isr
 .text.sci_uart_eri_isr
                0x00000de4       0x78 ./ra/fsp/src/r_sci_uart/r_sci_uart.o
                0x00000de4                sci_uart_eri_isr
 .text.R_IOPORT_Close
                0x00000e5c        0xc ./ra/fsp/src/r_ioport/r_ioport.o
                0x00000e5c                R_IOPORT_Close
 .text.R_IOPORT_PinRead
                0x00000e68       0x24 ./ra/fsp/src/r_ioport/r_ioport.o
                0x00000e68                R_IOPORT_PinRead
 .text.R_IOPORT_PortRead
                0x00000e8c       0x14 ./ra/fsp/src/r_ioport/r_ioport.o
                0x00000e8c                R_IOPORT_PortRead
 .text.R_IOPORT_PortWrite
                0x00000ea0       0x1c ./ra/fsp/src/r_ioport/r_ioport.o
                0x00000ea0                R_IOPORT_PortWrite
 .text.R_IOPORT_PinWrite
                0x00000ebc       0x20 ./ra/fsp/src/r_ioport/r_ioport.o
                0x00000ebc                R_IOPORT_PinWrite
 .text.R_IOPORT_PortDirectionSet
                0x00000edc       0x2c ./ra/fsp/src/r_ioport/r_ioport.o
                0x00000edc                R_IOPORT_PortDirectionSet
 .text.R_IOPORT_PortEventInputRead
                0x00000f08       0x18 ./ra/fsp/src/r_ioport/r_ioport.o
                0x00000f08                R_IOPORT_PortEventInputRead
 .text.R_IOPORT_PinEventInputRead
                0x00000f20       0x38 ./ra/fsp/src/r_ioport/r_ioport.o
                0x00000f20                R_IOPORT_PinEventInputRead
 .text.R_IOPORT_PortEventOutputWrite
                0x00000f58       0x1c ./ra/fsp/src/r_ioport/r_ioport.o
                0x00000f58                R_IOPORT_PortEventOutputWrite
 .text.R_IOPORT_PinEventOutputWrite
                0x00000f74       0x4c ./ra/fsp/src/r_ioport/r_ioport.o
                0x00000f74                R_IOPORT_PinEventOutputWrite
 .text.bsp_vbatt_init
                0x00000fc0       0xbc ./ra/fsp/src/r_ioport/r_ioport.o
 .text.r_ioport_pins_config
                0x0000107c       0xc0 ./ra/fsp/src/r_ioport/r_ioport.o
 .text.R_IOPORT_Open
                0x0000113c       0x14 ./ra/fsp/src/r_ioport/r_ioport.o
                0x0000113c                R_IOPORT_Open
 .text.R_IOPORT_PinsCfg
                0x00001150        0xc ./ra/fsp/src/r_ioport/r_ioport.o
                0x00001150                R_IOPORT_PinsCfg
 .text.R_IOPORT_PinCfg
                0x0000115c       0xa8 ./ra/fsp/src/r_ioport/r_ioport.o
                0x0000115c                R_IOPORT_PinCfg
 .text.R_IIC_MASTER_SlaveAddressSet
                0x00001204        0xc ./ra/fsp/src/r_iic_master/r_iic_master.o
                0x00001204                R_IIC_MASTER_SlaveAddressSet
 .text.R_IIC_MASTER_CallbackSet
                0x00001210       0x10 ./ra/fsp/src/r_iic_master/r_iic_master.o
                0x00001210                R_IIC_MASTER_CallbackSet
 .text.R_IIC_MASTER_StatusGet
                0x00001220       0x18 ./ra/fsp/src/r_iic_master/r_iic_master.o
                0x00001220                R_IIC_MASTER_StatusGet
 .text.iic_master_notify
                0x00001238       0x3c ./ra/fsp/src/r_iic_master/r_iic_master.o
 .text.iic_master_run_hw_master
                0x00001274       0xdc ./ra/fsp/src/r_iic_master/r_iic_master.o
 .text.R_IIC_MASTER_Write
                0x00001350       0x30 ./ra/fsp/src/r_iic_master/r_iic_master.o
                0x00001350                R_IIC_MASTER_Write
 .text.R_IIC_MASTER_Read
                0x00001380       0x34 ./ra/fsp/src/r_iic_master/r_iic_master.o
                0x00001380                R_IIC_MASTER_Read
 .text.iic_master_open_hw_master
                0x000013b4      0x1b0 ./ra/fsp/src/r_iic_master/r_iic_master.o
 .text.R_IIC_MASTER_Open
                0x00001564       0x74 ./ra/fsp/src/r_iic_master/r_iic_master.o
                0x00001564                R_IIC_MASTER_Open
 .text.R_IIC_MASTER_Abort
                0x000015d8       0x30 ./ra/fsp/src/r_iic_master/r_iic_master.o
                0x000015d8                R_IIC_MASTER_Abort
 .text.R_IIC_MASTER_Close
                0x00001608       0xdc ./ra/fsp/src/r_iic_master/r_iic_master.o
                0x00001608                R_IIC_MASTER_Close
 .text.iic_master_rxi_isr
                0x000016e4      0x140 ./ra/fsp/src/r_iic_master/r_iic_master.o
                0x000016e4                iic_master_rxi_isr
 .text.iic_master_txi_isr
                0x00001824       0xf4 ./ra/fsp/src/r_iic_master/r_iic_master.o
                0x00001824                iic_master_txi_isr
 .text.iic_master_tei_isr
                0x00001918       0xc8 ./ra/fsp/src/r_iic_master/r_iic_master.o
                0x00001918                iic_master_tei_isr
 .text.iic_master_eri_isr
                0x000019e0      0x11c ./ra/fsp/src/r_iic_master/r_iic_master.o
                0x000019e0                iic_master_eri_isr
 .text.R_GPT_Start
                0x00001afc        0xc ./ra/fsp/src/r_gpt/r_gpt.o
                0x00001afc                R_GPT_Start
 .text.R_GPT_InfoGet
                0x00001b08       0x44 ./ra/fsp/src/r_gpt/r_gpt.o
                0x00001b08                R_GPT_InfoGet
 .text.gpt_calculate_duty_cycle.isra.0
                0x00001b4c       0x64 ./ra/fsp/src/r_gpt/r_gpt.o
 .text.R_GPT_DutyCycleSet
                0x00001bb0       0xc0 ./ra/fsp/src/r_gpt/r_gpt.o
                0x00001bb0                R_GPT_DutyCycleSet
 .text.r_gpt_enable_irq
                0x00001c70       0x64 ./ra/fsp/src/r_gpt/r_gpt.o
 .text.R_GPT_Open
                0x00001cd4      0x234 ./ra/fsp/src/r_gpt/r_gpt.o
                0x00001cd4                R_GPT_Open
 .text.R_FLASH_HP_StatusGet
                0x00001f08       0x1c ./ra/fsp/src/r_flash_hp/r_flash_hp.o
                0x00001f08                R_FLASH_HP_StatusGet
 .text.R_FLASH_HP_IdCodeSet
                0x00001f24        0x4 ./ra/fsp/src/r_flash_hp/r_flash_hp.o
                0x00001f24                R_FLASH_HP_IdCodeSet
 .text.R_FLASH_HP_AccessWindowSet
                0x00001f28        0x4 ./ra/fsp/src/r_flash_hp/r_flash_hp.o
                0x00001f28                R_FLASH_HP_AccessWindowSet
 .text.R_FLASH_HP_AccessWindowClear
                0x00001f2c        0x4 ./ra/fsp/src/r_flash_hp/r_flash_hp.o
                0x00001f2c                R_FLASH_HP_AccessWindowClear
 .text.R_FLASH_HP_StartUpAreaSelect
                0x00001f30        0x4 ./ra/fsp/src/r_flash_hp/r_flash_hp.o
                0x00001f30                R_FLASH_HP_StartUpAreaSelect
 .text.R_FLASH_HP_InfoGet
                0x00001f34       0x2c ./ra/fsp/src/r_flash_hp/r_flash_hp.o
                0x00001f34                R_FLASH_HP_InfoGet
 .text.R_FLASH_HP_Close
                0x00001f60       0x6c ./ra/fsp/src/r_flash_hp/r_flash_hp.o
                0x00001f60                R_FLASH_HP_Close
 .text.R_FLASH_HP_CallbackSet
                0x00001fcc       0x10 ./ra/fsp/src/r_flash_hp/r_flash_hp.o
                0x00001fcc                R_FLASH_HP_CallbackSet
 .text.flash_hp_init
                0x00001fdc      0x114 ./ra/fsp/src/r_flash_hp/r_flash_hp.o
 .text.R_FLASH_HP_UpdateFlashClockFreq
                0x000020f0        0x4 ./ra/fsp/src/r_flash_hp/r_flash_hp.o
                0x000020f0                R_FLASH_HP_UpdateFlashClockFreq
 .text.flash_hp_pe_mode_exit
                0x000020f4       0x88 ./ra/fsp/src/r_flash_hp/r_flash_hp.o
 .text.flash_hp_write_data.constprop.0
                0x0000217c       0xc0 ./ra/fsp/src/r_flash_hp/r_flash_hp.o
 .text.R_FLASH_HP_BankSwap
                0x0000223c        0x4 ./ra/fsp/src/r_flash_hp/r_flash_hp.o
                0x0000223c                R_FLASH_HP_BankSwap
 .text.R_FLASH_HP_Open
                0x00002240       0xec ./ra/fsp/src/r_flash_hp/r_flash_hp.o
                0x00002240                R_FLASH_HP_Open
 .text.flash_hp_enter_pe_df_mode
                0x0000232c       0xd0 ./ra/fsp/src/r_flash_hp/r_flash_hp.o
 .text.R_FLASH_HP_Write
                0x000023fc       0xcc ./ra/fsp/src/r_flash_hp/r_flash_hp.o
                0x000023fc                R_FLASH_HP_Write
 .text.R_FLASH_HP_Erase
                0x000024c8      0x140 ./ra/fsp/src/r_flash_hp/r_flash_hp.o
                0x000024c8                R_FLASH_HP_Erase
 .text.R_FLASH_HP_BlankCheck
                0x00002608      0x134 ./ra/fsp/src/r_flash_hp/r_flash_hp.o
                0x00002608                R_FLASH_HP_BlankCheck
 .text.flash_hp_reset
                0x0000273c      0x118 ./ra/fsp/src/r_flash_hp/r_flash_hp.o
 .text.R_FLASH_HP_Reset
                0x00002854        0x4 ./ra/fsp/src/r_flash_hp/r_flash_hp.o
                0x00002854                R_FLASH_HP_Reset
 .text.SystemCoreClockUpdate
                0x00002858       0x28 ./ra/fsp/src/bsp/mcu/all/bsp_clocks.o
                0x00002858                SystemCoreClockUpdate
 .text.bsp_clock_init
                0x00002880      0x110 ./ra/fsp/src/bsp/mcu/all/bsp_clocks.o
                0x00002880                bsp_clock_init
 .text.R_BSP_Init_RTC
                0x00002990       0x5c ./ra/fsp/src/bsp/mcu/all/bsp_clocks.o
                0x00002990                R_BSP_Init_RTC
 .text.bsp_init_internal
                0x000029ec        0x4 ./ra/fsp/src/bsp/mcu/all/bsp_common.o
                0x000029ec                bsp_init_internal
                0x000029ec                bsp_init
 .text.bsp_prv_software_delay_loop
                0x000029f0        0xc ./ra/fsp/src/bsp/mcu/all/bsp_delay.o
                0x000029f0                bsp_prv_software_delay_loop
 .text.R_BSP_SoftwareDelay
                0x000029fc       0x68 ./ra/fsp/src/bsp/mcu/all/bsp_delay.o
                0x000029fc                R_BSP_SoftwareDelay
 .text.NMI_Handler
                0x00002a64       0x38 ./ra/fsp/src/bsp/mcu/all/bsp_group_irq.o
                0x00002a64                NMI_Handler
 .text.bsp_irq_cfg
                0x00002a9c       0xa0 ./ra/fsp/src/bsp/mcu/all/bsp_irq.o
                0x00002a9c                bsp_irq_cfg
 .text.R_BSP_RegisterProtectEnable
                0x00002b3c       0x60 ./ra/fsp/src/bsp/mcu/all/bsp_register_protection.o
                0x00002b3c                R_BSP_RegisterProtectEnable
 .text.R_BSP_RegisterProtectDisable
                0x00002b9c       0x54 ./ra/fsp/src/bsp/mcu/all/bsp_register_protection.o
                0x00002b9c                R_BSP_RegisterProtectDisable
 .text._sbrk    0x00002bf0       0x44 ./ra/fsp/src/bsp/mcu/all/bsp_sbrk.o
                0x00002bf0                _sbrk
 .text.Default_Handler
                0x00002c34        0x4 ./ra/fsp/src/bsp/cmsis/Device/RENESAS/Source/startup.o
                0x00002c34                DebugMon_Handler
                0x00002c34                HardFault_Handler
                0x00002c34                SysTick_Handler
                0x00002c34                PendSV_Handler
                0x00002c34                UsageFault_Handler
                0x00002c34                SecureFault_Handler
                0x00002c34                Default_Handler
                0x00002c34                MemManage_Handler
                0x00002c34                SVC_Handler
                0x00002c34                BusFault_Handler
 .text.Reset_Handler
                0x00002c38        0xc ./ra/fsp/src/bsp/cmsis/Device/RENESAS/Source/startup.o
                0x00002c38                Reset_Handler
 .text.SystemInit
                0x00002c44       0xc4 ./ra/fsp/src/bsp/cmsis/Device/RENESAS/Source/system.o
                0x00002c44                SystemInit
 .text.action_flash_clear
                0x00002d08       0x2c ./dshanmcu_ra6m5/drivers/Flash.o
                0x00002d08                action_flash_clear
 .text.action_flash_save
                0x00002d34       0x7c ./dshanmcu_ra6m5/drivers/Flash.o
                0x00002d34                action_flash_save
 .text.action_flash_load
                0x00002db0       0x4c ./dshanmcu_ra6m5/drivers/Flash.o
                0x00002db0                action_flash_load
 .text.mpu6050_write_reg
                0x00002dfc       0x6c ./dshanmcu_ra6m5/drivers/SensorMPU6050.o
 .text.mpu6050_read_regs
                0x00002e68       0xbc ./dshanmcu_ra6m5/drivers/SensorMPU6050.o
 .text.MPU6050_I2C_EventSet
                0x00002f24        0xc ./dshanmcu_ra6m5/drivers/SensorMPU6050.o
                0x00002f24                MPU6050_I2C_EventSet
 .text.MPU6050_Init
                0x00002f30       0x58 ./dshanmcu_ra6m5/drivers/SensorMPU6050.o
                0x00002f30                MPU6050_Init
 .text.MPU6050_WhoAmI
                0x00002f88       0x10 ./dshanmcu_ra6m5/drivers/SensorMPU6050.o
                0x00002f88                MPU6050_WhoAmI
 .text.MPU6050_ReadRaw
                0x00002f98       0x54 ./dshanmcu_ra6m5/drivers/SensorMPU6050.o
                0x00002f98                MPU6050_ReadRaw
 .text.servo_init
                0x00002fec      0x18c ./dshanmcu_ra6m5/drivers/Servor.o
                0x00002fec                servo_init
 .text.servo_set_angleA
                0x00003178       0x60 ./dshanmcu_ra6m5/drivers/Servor.o
                0x00003178                servo_set_angleA
 .text.servo_set_angleB
                0x000031d8       0x60 ./dshanmcu_ra6m5/drivers/Servor.o
                0x000031d8                servo_set_angleB
 .text.servo_set_angleC
                0x00003238       0x60 ./dshanmcu_ra6m5/drivers/Servor.o
                0x00003238                servo_set_angleC
 .text.servo_set_angleD
                0x00003298       0x60 ./dshanmcu_ra6m5/drivers/Servor.o
                0x00003298                servo_set_angleD
 .text.servo_set_angleE
                0x000032f8       0x60 ./dshanmcu_ra6m5/drivers/Servor.o
                0x000032f8                servo_set_angleE
 .text.servo_get_angleB
                0x00003358        0xc ./dshanmcu_ra6m5/drivers/Servor.o
                0x00003358                servo_get_angleB
 .text.servo_move_smooth
                0x00003364       0xd4 ./dshanmcu_ra6m5/drivers/Servor.o
                0x00003364                servo_move_smooth
 .text.servo_catch_target
                0x00003438        0x8 ./dshanmcu_ra6m5/drivers/Servor.o
                0x00003438                servo_catch_target
 .text.servo_release_target
                0x00003440        0x8 ./dshanmcu_ra6m5/drivers/Servor.o
                0x00003440                servo_release_target
 .text.servo_emergency_stop
                0x00003448        0xc ./dshanmcu_ra6m5/drivers/Servor.o
                0x00003448                servo_emergency_stop
 .text.servo_emergency_stop_is_set
                0x00003454        0xc ./dshanmcu_ra6m5/drivers/Servor.o
                0x00003454                servo_emergency_stop_is_set
 .text.voice_extend_mode_is_set
                0x00003460        0xc ./dshanmcu_ra6m5/drivers/VoiceControl.o
                0x00003460                voice_extend_mode_is_set
 .text.voice_extend_step_try_consume
                0x0000346c       0x1c ./dshanmcu_ra6m5/drivers/VoiceControl.o
                0x0000346c                voice_extend_step_try_consume
 .text.voice_mem_start_try_consume
                0x00003488       0x1c ./dshanmcu_ra6m5/drivers/VoiceControl.o
                0x00003488                voice_mem_start_try_consume
 .text.voice_mem_end_try_consume
                0x000034a4       0x1c ./dshanmcu_ra6m5/drivers/VoiceControl.o
                0x000034a4                voice_mem_end_try_consume
 .text.voice_mem_play_try_consume
                0x000034c0       0x1c ./dshanmcu_ra6m5/drivers/VoiceControl.o
                0x000034c0                voice_mem_play_try_consume
 .text.voice_uart2_rx_byte
                0x000034dc       0x4c ./dshanmcu_ra6m5/drivers/VoiceControl.o
                0x000034dc                voice_uart2_rx_byte
 .text.uart_recv_asr_cmd
                0x00003528      0x1ac ./dshanmcu_ra6m5/drivers/VoiceControl.o
                0x00003528                uart_recv_asr_cmd
 .text.drv_uart_write_blocking.part.0
                0x000036d4       0x7c ./dshanmcu_ra6m5/drivers/drv_uart.o
 .text.drv_uart_init
                0x00003750       0x48 ./dshanmcu_ra6m5/drivers/drv_uart.o
                0x00003750                drv_uart_init
 .text.uart7_callback
                0x00003798       0x28 ./dshanmcu_ra6m5/drivers/drv_uart.o
                0x00003798                uart7_callback
 .text.uart2_callback
                0x000037c0       0x28 ./dshanmcu_ra6m5/drivers/drv_uart.o
                0x000037c0                uart2_callback
 .text._write   0x000037e8       0x5c ./dshanmcu_ra6m5/drivers/drv_uart.o
                0x000037e8                _write
 .text._read    0x00003844       0x94 ./dshanmcu_ra6m5/drivers/drv_uart.o
                0x00003844                _read
 .text          0x000038d8       0x30 c:/renesas/ra/e2studio_v2023-04_fsp_v4.5.0/toolchains/gcc_arm/gcc-arm-none-eabi-10.3-2021.10/bin/../lib/gcc/arm-none-eabi/10.3.1/thumb/v8-m.main+fp/hard\libgcc.a(_aeabi_uldivmod.o)
                0x000038d8                __aeabi_uldivmod
 .text          0x00003908      0x2ec c:/renesas/ra/e2studio_v2023-04_fsp_v4.5.0/toolchains/gcc_arm/gcc-arm-none-eabi-10.3-2021.10/bin/../lib/gcc/arm-none-eabi/10.3.1/thumb/v8-m.main+fp/hard\libgcc.a(_udivmoddi4.o)
                0x00003908                __udivmoddi4
 .text          0x00003bf4        0x4 c:/renesas/ra/e2studio_v2023-04_fsp_v4.5.0/toolchains/gcc_arm/gcc-arm-none-eabi-10.3-2021.10/bin/../lib/gcc/arm-none-eabi/10.3.1/thumb/v8-m.main+fp/hard\libgcc.a(_dvmd_tls.o)
                0x00003bf4                __aeabi_idiv0
                0x00003bf4                __aeabi_ldiv0
 .text.__errno  0x00003bf8        0xc c:/renesas/ra/e2studio_v2023-04_fsp_v4.5.0/toolchains/gcc_arm/gcc-arm-none-eabi-10.3-2021.10/bin/../lib/gcc/arm-none-eabi/10.3.1/../../../../arm-none-eabi/lib/thumb/v8-m.main+fp/hard\libg_nano.a(lib_a-errno.o)
                0x00003bf8                __errno
 .text.__sflush_r
                0x00003c04      0x108 c:/renesas/ra/e2studio_v2023-04_fsp_v4.5.0/toolchains/gcc_arm/gcc-arm-none-eabi-10.3-2021.10/bin/../lib/gcc/arm-none-eabi/10.3.1/../../../../arm-none-eabi/lib/thumb/v8-m.main+fp/hard\libg_nano.a(lib_a-fflush.o)
                0x00003c04                __sflush_r
 .text._fflush_r
                0x00003d0c       0x78 c:/renesas/ra/e2studio_v2023-04_fsp_v4.5.0/toolchains/gcc_arm/gcc-arm-none-eabi-10.3-2021.10/bin/../lib/gcc/arm-none-eabi/10.3.1/../../../../arm-none-eabi/lib/thumb/v8-m.main+fp/hard\libg_nano.a(lib_a-fflush.o)
                0x00003d0c                _fflush_r
 .text.std      0x00003d84       0x48 c:/renesas/ra/e2studio_v2023-04_fsp_v4.5.0/toolchains/gcc_arm/gcc-arm-none-eabi-10.3-2021.10/bin/../lib/gcc/arm-none-eabi/10.3.1/../../../../arm-none-eabi/lib/thumb/v8-m.main+fp/hard\libg_nano.a(lib_a-findfp.o)
 .text._cleanup_r
                0x00003dcc        0xc c:/renesas/ra/e2studio_v2023-04_fsp_v4.5.0/toolchains/gcc_arm/gcc-arm-none-eabi-10.3-2021.10/bin/../lib/gcc/arm-none-eabi/10.3.1/../../../../arm-none-eabi/lib/thumb/v8-m.main+fp/hard\libg_nano.a(lib_a-findfp.o)
                0x00003dcc                _cleanup_r
 .text.__sfmoreglue
                0x00003dd8       0x2c c:/renesas/ra/e2studio_v2023-04_fsp_v4.5.0/toolchains/gcc_arm/gcc-arm-none-eabi-10.3-2021.10/bin/../lib/gcc/arm-none-eabi/10.3.1/../../../../arm-none-eabi/lib/thumb/v8-m.main+fp/hard\libg_nano.a(lib_a-findfp.o)
                0x00003dd8                __sfmoreglue
 .text.__sfp_lock_acquire
                0x00003e04        0xc c:/renesas/ra/e2studio_v2023-04_fsp_v4.5.0/toolchains/gcc_arm/gcc-arm-none-eabi-10.3-2021.10/bin/../lib/gcc/arm-none-eabi/10.3.1/../../../../arm-none-eabi/lib/thumb/v8-m.main+fp/hard\libg_nano.a(lib_a-findfp.o)
                0x00003e04                __sfp_lock_acquire
 .text.__sfp_lock_release
                0x00003e10        0xc c:/renesas/ra/e2studio_v2023-04_fsp_v4.5.0/toolchains/gcc_arm/gcc-arm-none-eabi-10.3-2021.10/bin/../lib/gcc/arm-none-eabi/10.3.1/../../../../arm-none-eabi/lib/thumb/v8-m.main+fp/hard\libg_nano.a(lib_a-findfp.o)
                0x00003e10                __sfp_lock_release
 .text.__sinit_lock_acquire
                0x00003e1c        0xc c:/renesas/ra/e2studio_v2023-04_fsp_v4.5.0/toolchains/gcc_arm/gcc-arm-none-eabi-10.3-2021.10/bin/../lib/gcc/arm-none-eabi/10.3.1/../../../../arm-none-eabi/lib/thumb/v8-m.main+fp/hard\libg_nano.a(lib_a-findfp.o)
                0x00003e1c                __sinit_lock_acquire
 .text.__sinit_lock_release
                0x00003e28        0xc c:/renesas/ra/e2studio_v2023-04_fsp_v4.5.0/toolchains/gcc_arm/gcc-arm-none-eabi-10.3-2021.10/bin/../lib/gcc/arm-none-eabi/10.3.1/../../../../arm-none-eabi/lib/thumb/v8-m.main+fp/hard\libg_nano.a(lib_a-findfp.o)
                0x00003e28                __sinit_lock_release
 .text.__sinit  0x00003e34       0x70 c:/renesas/ra/e2studio_v2023-04_fsp_v4.5.0/toolchains/gcc_arm/gcc-arm-none-eabi-10.3-2021.10/bin/../lib/gcc/arm-none-eabi/10.3.1/../../../../arm-none-eabi/lib/thumb/v8-m.main+fp/hard\libg_nano.a(lib_a-findfp.o)
                0x00003e34                __sinit
 .text.__sfp    0x00003ea4       0x8c c:/renesas/ra/e2studio_v2023-04_fsp_v4.5.0/toolchains/gcc_arm/gcc-arm-none-eabi-10.3-2021.10/bin/../lib/gcc/arm-none-eabi/10.3.1/../../../../arm-none-eabi/lib/thumb/v8-m.main+fp/hard\libg_nano.a(lib_a-findfp.o)
                0x00003ea4                __sfp
 .text._fwalk_reent
                0x00003f30       0x3e c:/renesas/ra/e2studio_v2023-04_fsp_v4.5.0/toolchains/gcc_arm/gcc-arm-none-eabi-10.3-2021.10/bin/../lib/gcc/arm-none-eabi/10.3.1/../../../../arm-none-eabi/lib/thumb/v8-m.main+fp/hard\libg_nano.a(lib_a-fwalk.o)
                0x00003f30                _fwalk_reent
 .text.__retarget_lock_init_recursive
                0x00003f6e        0x2 c:/renesas/ra/e2studio_v2023-04_fsp_v4.5.0/toolchains/gcc_arm/gcc-arm-none-eabi-10.3-2021.10/bin/../lib/gcc/arm-none-eabi/10.3.1/../../../../arm-none-eabi/lib/thumb/v8-m.main+fp/hard\libg_nano.a(lib_a-lock.o)
                0x00003f6e                __retarget_lock_init_recursive
 .text.__retarget_lock_acquire_recursive
                0x00003f70        0x2 c:/renesas/ra/e2studio_v2023-04_fsp_v4.5.0/toolchains/gcc_arm/gcc-arm-none-eabi-10.3-2021.10/bin/../lib/gcc/arm-none-eabi/10.3.1/../../../../arm-none-eabi/lib/thumb/v8-m.main+fp/hard\libg_nano.a(lib_a-lock.o)
                0x00003f70                __retarget_lock_acquire_recursive
 .text.__retarget_lock_release_recursive
                0x00003f72        0x2 c:/renesas/ra/e2studio_v2023-04_fsp_v4.5.0/toolchains/gcc_arm/gcc-arm-none-eabi-10.3-2021.10/bin/../lib/gcc/arm-none-eabi/10.3.1/../../../../arm-none-eabi/lib/thumb/v8-m.main+fp/hard\libg_nano.a(lib_a-lock.o)
                0x00003f72                __retarget_lock_release_recursive
 .text.memcpy   0x00003f74       0x1a c:/renesas/ra/e2studio_v2023-04_fsp_v4.5.0/toolchains/gcc_arm/gcc-arm-none-eabi-10.3-2021.10/bin/../lib/gcc/arm-none-eabi/10.3.1/../../../../arm-none-eabi/lib/thumb/v8-m.main+fp/hard\libg_nano.a(lib_a-memcpy-stub.o)
                0x00003f74                memcpy
 .text.memset   0x00003f8e       0x10 c:/renesas/ra/e2studio_v2023-04_fsp_v4.5.0/toolchains/gcc_arm/gcc-arm-none-eabi-10.3-2021.10/bin/../lib/gcc/arm-none-eabi/10.3.1/../../../../arm-none-eabi/lib/thumb/v8-m.main+fp/hard\libg_nano.a(lib_a-memset.o)
                0x00003f8e                memset
 *fill*         0x00003f9e        0x2 ff
 .text._free_r  0x00003fa0       0x98 c:/renesas/ra/e2studio_v2023-04_fsp_v4.5.0/toolchains/gcc_arm/gcc-arm-none-eabi-10.3-2021.10/bin/../lib/gcc/arm-none-eabi/10.3.1/../../../../arm-none-eabi/lib/thumb/v8-m.main+fp/hard\libg_nano.a(lib_a-nano-freer.o)
                0x00003fa0                _free_r
 .text.sbrk_aligned
                0x00004038       0x40 c:/renesas/ra/e2studio_v2023-04_fsp_v4.5.0/toolchains/gcc_arm/gcc-arm-none-eabi-10.3-2021.10/bin/../lib/gcc/arm-none-eabi/10.3.1/../../../../arm-none-eabi/lib/thumb/v8-m.main+fp/hard\libg_nano.a(lib_a-nano-mallocr.o)
 .text._malloc_r
                0x00004078       0xe8 c:/renesas/ra/e2studio_v2023-04_fsp_v4.5.0/toolchains/gcc_arm/gcc-arm-none-eabi-10.3-2021.10/bin/../lib/gcc/arm-none-eabi/10.3.1/../../../../arm-none-eabi/lib/thumb/v8-m.main+fp/hard\libg_nano.a(lib_a-nano-mallocr.o)
                0x00004078                _malloc_r
 .text.printf   0x00004160       0x30 c:/renesas/ra/e2studio_v2023-04_fsp_v4.5.0/toolchains/gcc_arm/gcc-arm-none-eabi-10.3-2021.10/bin/../lib/gcc/arm-none-eabi/10.3.1/../../../../arm-none-eabi/lib/thumb/v8-m.main+fp/hard\libg_nano.a(lib_a-printf.o)
                0x00004160                iprintf
                0x00004160                printf
 .text._puts_r  0x00004190       0xdc c:/renesas/ra/e2studio_v2023-04_fsp_v4.5.0/toolchains/gcc_arm/gcc-arm-none-eabi-10.3-2021.10/bin/../lib/gcc/arm-none-eabi/10.3.1/../../../../arm-none-eabi/lib/thumb/v8-m.main+fp/hard\libg_nano.a(lib_a-puts.o)
                0x00004190                _puts_r
 .text.puts     0x0000426c       0x10 c:/renesas/ra/e2studio_v2023-04_fsp_v4.5.0/toolchains/gcc_arm/gcc-arm-none-eabi-10.3-2021.10/bin/../lib/gcc/arm-none-eabi/10.3.1/../../../../arm-none-eabi/lib/thumb/v8-m.main+fp/hard\libg_nano.a(lib_a-puts.o)
                0x0000426c                puts
 .text._sbrk_r  0x0000427c       0x20 c:/renesas/ra/e2studio_v2023-04_fsp_v4.5.0/toolchains/gcc_arm/gcc-arm-none-eabi-10.3-2021.10/bin/../lib/gcc/arm-none-eabi/10.3.1/../../../../arm-none-eabi/lib/thumb/v8-m.main+fp/hard\libg_nano.a(lib_a-sbrkr.o)
                0x0000427c                _sbrk_r
 .text.__sread  0x0000429c       0x22 c:/renesas/ra/e2studio_v2023-04_fsp_v4.5.0/toolchains/gcc_arm/gcc-arm-none-eabi-10.3-2021.10/bin/../lib/gcc/arm-none-eabi/10.3.1/../../../../arm-none-eabi/lib/thumb/v8-m.main+fp/hard\libg_nano.a(lib_a-stdio.o)
                0x0000429c                __sread
 .text.__swrite
                0x000042be       0x38 c:/renesas/ra/e2studio_v2023-04_fsp_v4.5.0/toolchains/gcc_arm/gcc-arm-none-eabi-10.3-2021.10/bin/../lib/gcc/arm-none-eabi/10.3.1/../../../../arm-none-eabi/lib/thumb/v8-m.main+fp/hard\libg_nano.a(lib_a-stdio.o)
                0x000042be                __swrite
 .text.__sseek  0x000042f6       0x24 c:/renesas/ra/e2studio_v2023-04_fsp_v4.5.0/toolchains/gcc_arm/gcc-arm-none-eabi-10.3-2021.10/bin/../lib/gcc/arm-none-eabi/10.3.1/../../../../arm-none-eabi/lib/thumb/v8-m.main+fp/hard\libg_nano.a(lib_a-stdio.o)
                0x000042f6                __sseek
 .text.__sclose
                0x0000431a        0x8 c:/renesas/ra/e2studio_v2023-04_fsp_v4.5.0/toolchains/gcc_arm/gcc-arm-none-eabi-10.3-2021.10/bin/../lib/gcc/arm-none-eabi/10.3.1/../../../../arm-none-eabi/lib/thumb/v8-m.main+fp/hard\libg_nano.a(lib_a-stdio.o)
                0x0000431a                __sclose
 *fill*         0x00004322        0x2 ff
 .text.__swbuf_r
                0x00004324       0xa4 c:/renesas/ra/e2studio_v2023-04_fsp_v4.5.0/toolchains/gcc_arm/gcc-arm-none-eabi-10.3-2021.10/bin/../lib/gcc/arm-none-eabi/10.3.1/../../../../arm-none-eabi/lib/thumb/v8-m.main+fp/hard\libg_nano.a(lib_a-wbuf.o)
                0x00004324                __swbuf_r
 .text._write_r
                0x000043c8       0x24 c:/renesas/ra/e2studio_v2023-04_fsp_v4.5.0/toolchains/gcc_arm/gcc-arm-none-eabi-10.3-2021.10/bin/../lib/gcc/arm-none-eabi/10.3.1/../../../../arm-none-eabi/lib/thumb/v8-m.main+fp/hard\libg_nano.a(lib_a-writer.o)
                0x000043c8                _write_r
 .text.__swsetup_r
                0x000043ec       0xdc c:/renesas/ra/e2studio_v2023-04_fsp_v4.5.0/toolchains/gcc_arm/gcc-arm-none-eabi-10.3-2021.10/bin/../lib/gcc/arm-none-eabi/10.3.1/../../../../arm-none-eabi/lib/thumb/v8-m.main+fp/hard\libg_nano.a(lib_a-wsetup.o)
                0x000043ec                __swsetup_r
 .text._close_r
                0x000044c8       0x20 c:/renesas/ra/e2studio_v2023-04_fsp_v4.5.0/toolchains/gcc_arm/gcc-arm-none-eabi-10.3-2021.10/bin/../lib/gcc/arm-none-eabi/10.3.1/../../../../arm-none-eabi/lib/thumb/v8-m.main+fp/hard\libg_nano.a(lib_a-closer.o)
                0x000044c8                _close_r
 .text._lseek_r
                0x000044e8       0x24 c:/renesas/ra/e2studio_v2023-04_fsp_v4.5.0/toolchains/gcc_arm/gcc-arm-none-eabi-10.3-2021.10/bin/../lib/gcc/arm-none-eabi/10.3.1/../../../../arm-none-eabi/lib/thumb/v8-m.main+fp/hard\libg_nano.a(lib_a-lseekr.o)
                0x000044e8                _lseek_r
 .text.__swhatbuf_r
                0x0000450c       0x4a c:/renesas/ra/e2studio_v2023-04_fsp_v4.5.0/toolchains/gcc_arm/gcc-arm-none-eabi-10.3-2021.10/bin/../lib/gcc/arm-none-eabi/10.3.1/../../../../arm-none-eabi/lib/thumb/v8-m.main+fp/hard\libg_nano.a(lib_a-makebuf.o)
                0x0000450c                __swhatbuf_r
 *fill*         0x00004556        0x2 ff
 .text.__smakebuf_r
                0x00004558       0x80 c:/renesas/ra/e2studio_v2023-04_fsp_v4.5.0/toolchains/gcc_arm/gcc-arm-none-eabi-10.3-2021.10/bin/../lib/gcc/arm-none-eabi/10.3.1/../../../../arm-none-eabi/lib/thumb/v8-m.main+fp/hard\libg_nano.a(lib_a-makebuf.o)
                0x00004558                __smakebuf_r
 .text.__malloc_lock
                0x000045d8        0xc c:/renesas/ra/e2studio_v2023-04_fsp_v4.5.0/toolchains/gcc_arm/gcc-arm-none-eabi-10.3-2021.10/bin/../lib/gcc/arm-none-eabi/10.3.1/../../../../arm-none-eabi/lib/thumb/v8-m.main+fp/hard\libg_nano.a(lib_a-mlock.o)
                0x000045d8                __malloc_lock
 .text.__malloc_unlock
                0x000045e4        0xc c:/renesas/ra/e2studio_v2023-04_fsp_v4.5.0/toolchains/gcc_arm/gcc-arm-none-eabi-10.3-2021.10/bin/../lib/gcc/arm-none-eabi/10.3.1/../../../../arm-none-eabi/lib/thumb/v8-m.main+fp/hard\libg_nano.a(lib_a-mlock.o)
                0x000045e4                __malloc_unlock
 .text.__sfputc_r
                0x000045f0       0x2e c:/renesas/ra/e2studio_v2023-04_fsp_v4.5.0/toolchains/gcc_arm/gcc-arm-none-eabi-10.3-2021.10/bin/../lib/gcc/arm-none-eabi/10.3.1/../../../../arm-none-eabi/lib/thumb/v8-m.main+fp/hard\libg_nano.a(lib_a-nano-vfprintf.o)
 .text.__sfputs_r
                0x0000461e       0x24 c:/renesas/ra/e2studio_v2023-04_fsp_v4.5.0/toolchains/gcc_arm/gcc-arm-none-eabi-10.3-2021.10/bin/../lib/gcc/arm-none-eabi/10.3.1/../../../../arm-none-eabi/lib/thumb/v8-m.main+fp/hard\libg_nano.a(lib_a-nano-vfprintf.o)
                0x0000461e                __sfputs_r
 *fill*         0x00004642        0x2 ff
 .text._vfprintf_r
                0x00004644      0x260 c:/renesas/ra/e2studio_v2023-04_fsp_v4.5.0/toolchains/gcc_arm/gcc-arm-none-eabi-10.3-2021.10/bin/../lib/gcc/arm-none-eabi/10.3.1/../../../../arm-none-eabi/lib/thumb/v8-m.main+fp/hard\libg_nano.a(lib_a-nano-vfprintf.o)
                0x00004644                _vfprintf_r
                0x00004644                _vfiprintf_r
 .text._printf_common
                0x000048a4       0xe0 c:/renesas/ra/e2studio_v2023-04_fsp_v4.5.0/toolchains/gcc_arm/gcc-arm-none-eabi-10.3-2021.10/bin/../lib/gcc/arm-none-eabi/10.3.1/../../../../arm-none-eabi/lib/thumb/v8-m.main+fp/hard\libg_nano.a(lib_a-nano-vfprintf_i.o)
                0x000048a4                _printf_common
 .text._printf_i
                0x00004984      0x24c c:/renesas/ra/e2studio_v2023-04_fsp_v4.5.0/toolchains/gcc_arm/gcc-arm-none-eabi-10.3-2021.10/bin/../lib/gcc/arm-none-eabi/10.3.1/../../../../arm-none-eabi/lib/thumb/v8-m.main+fp/hard\libg_nano.a(lib_a-nano-vfprintf_i.o)
                0x00004984                _printf_i
 .text._read_r  0x00004bd0       0x24 c:/renesas/ra/e2studio_v2023-04_fsp_v4.5.0/toolchains/gcc_arm/gcc-arm-none-eabi-10.3-2021.10/bin/../lib/gcc/arm-none-eabi/10.3.1/../../../../arm-none-eabi/lib/thumb/v8-m.main+fp/hard\libg_nano.a(lib_a-readr.o)
                0x00004bd0                _read_r
 .text._fstat_r
                0x00004bf4       0x24 c:/renesas/ra/e2studio_v2023-04_fsp_v4.5.0/toolchains/gcc_arm/gcc-arm-none-eabi-10.3-2021.10/bin/../lib/gcc/arm-none-eabi/10.3.1/../../../../arm-none-eabi/lib/thumb/v8-m.main+fp/hard\libg_nano.a(lib_a-fstatr.o)
                0x00004bf4                _fstat_r
 .text._isatty_r
                0x00004c18       0x20 c:/renesas/ra/e2studio_v2023-04_fsp_v4.5.0/toolchains/gcc_arm/gcc-arm-none-eabi-10.3-2021.10/bin/../lib/gcc/arm-none-eabi/10.3.1/../../../../arm-none-eabi/lib/thumb/v8-m.main+fp/hard\libg_nano.a(lib_a-isattyr.o)
                0x00004c18                _isatty_r
 .text.memchr   0x00004c38       0x1c c:/renesas/ra/e2studio_v2023-04_fsp_v4.5.0/toolchains/gcc_arm/gcc-arm-none-eabi-10.3-2021.10/bin/../lib/gcc/arm-none-eabi/10.3.1/../../../../arm-none-eabi/lib/thumb/v8-m.main+fp/hard\libg_nano.a(lib_a-memchr-stub.o)
                0x00004c38                memchr
 .text._close   0x00004c54       0x10 c:/renesas/ra/e2studio_v2023-04_fsp_v4.5.0/toolchains/gcc_arm/gcc-arm-none-eabi-10.3-2021.10/bin/../lib/gcc/arm-none-eabi/10.3.1/../../../../arm-none-eabi/lib/thumb/v8-m.main+fp/hard\libnosys.a(close.o)
                0x00004c54                _close
 .text._fstat   0x00004c64       0x10 c:/renesas/ra/e2studio_v2023-04_fsp_v4.5.0/toolchains/gcc_arm/gcc-arm-none-eabi-10.3-2021.10/bin/../lib/gcc/arm-none-eabi/10.3.1/../../../../arm-none-eabi/lib/thumb/v8-m.main+fp/hard\libnosys.a(fstat.o)
                0x00004c64                _fstat
 .text._isatty  0x00004c74       0x10 c:/renesas/ra/e2studio_v2023-04_fsp_v4.5.0/toolchains/gcc_arm/gcc-arm-none-eabi-10.3-2021.10/bin/../lib/gcc/arm-none-eabi/10.3.1/../../../../arm-none-eabi/lib/thumb/v8-m.main+fp/hard\libnosys.a(isatty.o)
                0x00004c74                _isatty
 .text._lseek   0x00004c84       0x10 c:/renesas/ra/e2studio_v2023-04_fsp_v4.5.0/toolchains/gcc_arm/gcc-arm-none-eabi-10.3-2021.10/bin/../lib/gcc/arm-none-eabi/10.3.1/../../../../arm-none-eabi/lib/thumb/v8-m.main+fp/hard\libnosys.a(lseek.o)
                0x00004c84                _lseek
 *(.version)
 .version       0x00004c94       0x50 ./ra/fsp/src/bsp/mcu/all/bsp_common.o
 *(.init)
 .init          0x00004ce4        0x4 c:/renesas/ra/e2studio_v2023-04_fsp_v4.5.0/toolchains/gcc_arm/gcc-arm-none-eabi-10.3-2021.10/bin/../lib/gcc/arm-none-eabi/10.3.1/thumb/v8-m.main+fp/hard/crti.o
                0x00004ce4                _init
 .init          0x00004ce8        0x8 c:/renesas/ra/e2studio_v2023-04_fsp_v4.5.0/toolchains/gcc_arm/gcc-arm-none-eabi-10.3-2021.10/bin/../lib/gcc/arm-none-eabi/10.3.1/thumb/v8-m.main+fp/hard/crtn.o
 *(.fini)
 .fini          0x00004cf0        0x4 c:/renesas/ra/e2studio_v2023-04_fsp_v4.5.0/toolchains/gcc_arm/gcc-arm-none-eabi-10.3-2021.10/bin/../lib/gcc/arm-none-eabi/10.3.1/thumb/v8-m.main+fp/hard/crti.o
                0x00004cf0                _fini
 .fini          0x00004cf4        0x8 c:/renesas/ra/e2studio_v2023-04_fsp_v4.5.0/toolchains/gcc_arm/gcc-arm-none-eabi-10.3-2021.10/bin/../lib/gcc/arm-none-eabi/10.3.1/thumb/v8-m.main+fp/hard/crtn.o
 *crtbegin.o(.ctors)
 *crtbegin?.o(.ctors)
 *(EXCLUDE_FILE(*crtend.o *crtend?.o) .ctors)
 *(SORT_BY_NAME(.ctors.*))
 *(.ctors)
 *crtbegin.o(.dtors)
 *crtbegin?.o(.dtors)
 *(EXCLUDE_FILE(*crtend.o *crtend?.o) .dtors)
 *(SORT_BY_NAME(.dtors.*))
 *(.dtors)
 *(.rodata*)
 .rodata.hal_entry.str1.4
                0x00004cfc       0xca ./src/hal_entry.o
 *fill*         0x00004dc6        0x2 ff
 .rodata.g_ioport
                0x00004dc8        0xc ./ra_gen/common_data.o
                0x00004dc8                g_ioport
 .rodata.g_flash0
                0x00004dd4        0xc ./ra_gen/hal_data.o
                0x00004dd4                g_flash0
 .rodata.g_flash0_cfg
                0x00004de0       0x14 ./ra_gen/hal_data.o
                0x00004de0                g_flash0_cfg
 .rodata.g_i2c_master0
                0x00004df4        0xc ./ra_gen/hal_data.o
                0x00004df4                g_i2c_master0
 .rodata.g_i2c_master0_cfg
                0x00004e00       0x28 ./ra_gen/hal_data.o
                0x00004e00                g_i2c_master0_cfg
 .rodata.g_i2c_master0_extend
                0x00004e28        0x5 ./ra_gen/hal_data.o
                0x00004e28                g_i2c_master0_extend
 *fill*         0x00004e2d        0x3 ff
 .rodata.g_timer0_cfg
                0x00004e30       0x20 ./ra_gen/hal_data.o
                0x00004e30                g_timer0_cfg
 .rodata.g_timer0_extend
                0x00004e50       0x30 ./ra_gen/hal_data.o
                0x00004e50                g_timer0_extend
 .rodata.g_timer1_cfg
                0x00004e80       0x20 ./ra_gen/hal_data.o
                0x00004e80                g_timer1_cfg
 .rodata.g_timer1_extend
                0x00004ea0       0x30 ./ra_gen/hal_data.o
                0x00004ea0                g_timer1_extend
 .rodata.g_timer2_cfg
                0x00004ed0       0x20 ./ra_gen/hal_data.o
                0x00004ed0                g_timer2_cfg
 .rodata.g_timer2_extend
                0x00004ef0       0x30 ./ra_gen/hal_data.o
                0x00004ef0                g_timer2_extend
 .rodata.g_uart2_cfg
                0x00004f20       0x20 ./ra_gen/hal_data.o
                0x00004f20                g_uart2_cfg
 .rodata.g_uart2_cfg_extend
                0x00004f40       0x14 ./ra_gen/hal_data.o
                0x00004f40                g_uart2_cfg_extend
 .rodata.g_uart7
                0x00004f54        0xc ./ra_gen/hal_data.o
                0x00004f54                g_uart7
 .rodata.g_uart7_cfg
                0x00004f60       0x20 ./ra_gen/hal_data.o
                0x00004f60                g_uart7_cfg
 .rodata.g_uart7_cfg_extend
                0x00004f80       0x14 ./ra_gen/hal_data.o
                0x00004f80                g_uart7_cfg_extend
 .rodata.g_bsp_pin_cfg
                0x00004f94        0x8 ./ra_gen/pin_data.o
                0x00004f94                g_bsp_pin_cfg
 .rodata.g_bsp_pin_cfg_data
                0x00004f9c       0x68 ./ra_gen/pin_data.o
                0x00004f9c                g_bsp_pin_cfg_data
 .rodata.g_interrupt_event_link_select
                0x00005004       0xc0 ./ra_gen/vector_data.o
                0x00005004                g_interrupt_event_link_select
 .rodata.g_uart_on_sci
                0x000050c4       0x24 ./ra/fsp/src/r_sci_uart/r_sci_uart.o
                0x000050c4                g_uart_on_sci
 .rodata.g_ioport_on_ioport
                0x000050e8       0x34 ./ra/fsp/src/r_ioport/r_ioport.o
                0x000050e8                g_ioport_on_ioport
 .rodata.g_vbatt_pins_input
                0x0000511c        0x6 ./ra/fsp/src/r_ioport/r_ioport.o
 *fill*         0x00005122        0x2 ff
 .rodata.g_i2c_master_on_iic
                0x00005124       0x20 ./ra/fsp/src/r_iic_master/r_iic_master.o
                0x00005124                g_i2c_master_on_iic
 .rodata.g_code_flash_macro_info
                0x00005144       0x20 ./ra/fsp/src/r_flash_hp/r_flash_hp.o
 .rodata.g_data_flash_macro_info
                0x00005164       0x10 ./ra/fsp/src/r_flash_hp/r_flash_hp.o
                0x00005164                g_data_flash_macro_info
 .rodata.g_flash_code_region
                0x00005174        0x8 ./ra/fsp/src/r_flash_hp/r_flash_hp.o
 .rodata.g_flash_data_region
                0x0000517c        0x8 ./ra/fsp/src/r_flash_hp/r_flash_hp.o
 .rodata.g_flash_on_flash_hp
                0x00005184       0x3c ./ra/fsp/src/r_flash_hp/r_flash_hp.o
                0x00005184                g_flash_on_flash_hp
 .rodata.g_prcr_masks
                0x000051c0        0x8 ./ra/fsp/src/bsp/mcu/all/bsp_register_protection.o
 .rodata.servo_init.str1.4
                0x000051c8       0xc5 ./dshanmcu_ra6m5/drivers/Servor.o
 *fill*         0x0000528d        0x3 ff
 .rodata.servo_move_smooth.str1.4
                0x00005290       0xd3 ./dshanmcu_ra6m5/drivers/Servor.o
 *fill*         0x00005363        0x1 ff
 .rodata.__sf_fake_stderr
                0x00005364       0x20 c:/renesas/ra/e2studio_v2023-04_fsp_v4.5.0/toolchains/gcc_arm/gcc-arm-none-eabi-10.3-2021.10/bin/../lib/gcc/arm-none-eabi/10.3.1/../../../../arm-none-eabi/lib/thumb/v8-m.main+fp/hard\libg_nano.a(lib_a-findfp.o)
                0x00005364                __sf_fake_stderr
 .rodata.__sf_fake_stdin
                0x00005384       0x20 c:/renesas/ra/e2studio_v2023-04_fsp_v4.5.0/toolchains/gcc_arm/gcc-arm-none-eabi-10.3-2021.10/bin/../lib/gcc/arm-none-eabi/10.3.1/../../../../arm-none-eabi/lib/thumb/v8-m.main+fp/hard\libg_nano.a(lib_a-findfp.o)
                0x00005384                __sf_fake_stdin
 .rodata.__sf_fake_stdout
                0x000053a4       0x20 c:/renesas/ra/e2studio_v2023-04_fsp_v4.5.0/toolchains/gcc_arm/gcc-arm-none-eabi-10.3-2021.10/bin/../lib/gcc/arm-none-eabi/10.3.1/../../../../arm-none-eabi/lib/thumb/v8-m.main+fp/hard\libg_nano.a(lib_a-findfp.o)
                0x000053a4                __sf_fake_stdout
 .rodata._global_impure_ptr
                0x000053c4        0x4 c:/renesas/ra/e2studio_v2023-04_fsp_v4.5.0/toolchains/gcc_arm/gcc-arm-none-eabi-10.3-2021.10/bin/../lib/gcc/arm-none-eabi/10.3.1/../../../../arm-none-eabi/lib/thumb/v8-m.main+fp/hard\libg_nano.a(lib_a-impure.o)
                0x000053c4                _global_impure_ptr
 .rodata._vfprintf_r.str1.1
                0x000053c8       0x11 c:/renesas/ra/e2studio_v2023-04_fsp_v4.5.0/toolchains/gcc_arm/gcc-arm-none-eabi-10.3-2021.10/bin/../lib/gcc/arm-none-eabi/10.3.1/../../../../arm-none-eabi/lib/thumb/v8-m.main+fp/hard\libg_nano.a(lib_a-nano-vfprintf.o)
 .rodata._printf_i.str1.1
                0x000053d9       0x22 c:/renesas/ra/e2studio_v2023-04_fsp_v4.5.0/toolchains/gcc_arm/gcc-arm-none-eabi-10.3-2021.10/bin/../lib/gcc/arm-none-eabi/10.3.1/../../../../arm-none-eabi/lib/thumb/v8-m.main+fp/hard\libg_nano.a(lib_a-nano-vfprintf_i.o)
                0x000053fb                __usb_dev_descriptor_start_fs = .
 *(.usb_device_desc_fs*)
                0x000053fb                __usb_cfg_descriptor_start_fs = .
 *(.usb_config_desc_fs*)
                0x000053fb                __usb_interface_descriptor_start_fs = .
 *(.usb_interface_desc_fs*)
                0x000053fb                __usb_descriptor_end_fs = .
                0x000053fb                __usb_dev_descriptor_start_hs = .
 *(.usb_device_desc_hs*)
                0x000053fb                __usb_cfg_descriptor_start_hs = .
 *(.usb_config_desc_hs*)
                0x000053fb                __usb_interface_descriptor_start_hs = .
 *(.usb_interface_desc_hs*)
                0x000053fb                __usb_descriptor_end_hs = .
 *(.eh_frame*)
 *fill*         0x000053fb        0x1 ff
 .eh_frame      0x000053fc        0x0 c:/renesas/ra/e2studio_v2023-04_fsp_v4.5.0/toolchains/gcc_arm/gcc-arm-none-eabi-10.3-2021.10/bin/../lib/gcc/arm-none-eabi/10.3.1/thumb/v8-m.main+fp/hard/crtbegin.o
 .eh_frame      0x000053fc        0x4 c:/renesas/ra/e2studio_v2023-04_fsp_v4.5.0/toolchains/gcc_arm/gcc-arm-none-eabi-10.3-2021.10/bin/../lib/gcc/arm-none-eabi/10.3.1/thumb/v8-m.main+fp/hard/crtend.o
                0x00005400                __ROM_End = .
                0x000001c0                __Vectors_Size = (__Vectors_End - __Vectors)

.glue_7         0x00005400        0x0
 .glue_7        0x00005400        0x0 linker stubs

.glue_7t        0x00005400        0x0
 .glue_7t       0x00005400        0x0 linker stubs

.vfp11_veneer   0x00005400        0x0
 .vfp11_veneer  0x00005400        0x0 linker stubs

.v4_bx          0x00005400        0x0
 .v4_bx         0x00005400        0x0 linker stubs

.iplt           0x00005400        0x0
 .iplt          0x00005400        0x0 c:/renesas/ra/e2studio_v2023-04_fsp_v4.5.0/toolchains/gcc_arm/gcc-arm-none-eabi-10.3-2021.10/bin/../lib/gcc/arm-none-eabi/10.3.1/thumb/v8-m.main+fp/hard/crtbegin.o

.ARM.extab
 *(.ARM.extab* .gnu.linkonce.armextab.*)
                0x00005400                __exidx_start = .

.ARM.exidx      0x00005400        0x8
 *(.ARM.exidx* .gnu.linkonce.armexidx.*)
 .ARM.exidx     0x00005400        0x8 c:/renesas/ra/e2studio_v2023-04_fsp_v4.5.0/toolchains/gcc_arm/gcc-arm-none-eabi-10.3-2021.10/bin/../lib/gcc/arm-none-eabi/10.3.1/thumb/v8-m.main+fp/hard\libgcc.a(_udivmoddi4.o)
                0x00005408                __exidx_end = .
                0x00005408                __etext = .
                0x20000000                __tz_RAM_S = ORIGIN (RAM)

.fsp_dtc_vector_table
                0x20000000        0x0
                0x20000000                . = ORIGIN (RAM)
 *(.fsp_dtc_vector_table)

.data           0x20000000       0x8c load address 0x00005408
                0x20000000                __data_start__ = .
                0x20000000                . = ALIGN (0x4)
                0x20000000                __Code_In_RAM_Start = .
 *(.code_in_ram*)
                0x20000000                __Code_In_RAM_End = .
 *(vtable)
 *(.data.*)
 .data.g_uart2_baud_setting
                0x20000000        0x4 ./ra_gen/hal_data.o
                0x20000000                g_uart2_baud_setting
 .data.g_uart7_baud_setting
                0x20000004        0x4 ./ra_gen/hal_data.o
                0x20000004                g_uart7_baud_setting
 .data.current_servo_angle
                0x20000008        0x4 ./dshanmcu_ra6m5/drivers/Servor.o
 .data.g_servo_a_deg
                0x2000000c        0x4 ./dshanmcu_ra6m5/drivers/Servor.o
 .data.g_servo_b_deg
                0x20000010        0x4 ./dshanmcu_ra6m5/drivers/Servor.o
 .data.g_servo_c_deg
                0x20000014        0x4 ./dshanmcu_ra6m5/drivers/Servor.o
 .data.g_servo_d_deg
                0x20000018        0x4 ./dshanmcu_ra6m5/drivers/Servor.o
 .data.g_servo_e_deg
                0x2000001c        0x4 ./dshanmcu_ra6m5/drivers/Servor.o
 .data._impure_ptr
                0x20000020        0x4 c:/renesas/ra/e2studio_v2023-04_fsp_v4.5.0/toolchains/gcc_arm/gcc-arm-none-eabi-10.3-2021.10/bin/../lib/gcc/arm-none-eabi/10.3.1/../../../../arm-none-eabi/lib/thumb/v8-m.main+fp/hard\libg_nano.a(lib_a-impure.o)
                0x20000020                _impure_ptr
 .data.impure_data
                0x20000024       0x60 c:/renesas/ra/e2studio_v2023-04_fsp_v4.5.0/toolchains/gcc_arm/gcc-arm-none-eabi-10.3-2021.10/bin/../lib/gcc/arm-none-eabi/10.3.1/../../../../arm-none-eabi/lib/thumb/v8-m.main+fp/hard\libg_nano.a(lib_a-impure.o)
 *(.data)
                0x20000084                . = ALIGN (0x4)
                0x20000084                PROVIDE (__preinit_array_start = .)
 *(.preinit_array)
                0x20000084                PROVIDE (__preinit_array_end = .)
                0x20000084                . = ALIGN (0x4)
                0x20000084                PROVIDE (__init_array_start = .)
 *(SORT_BY_NAME(.init_array.*))
 *(.init_array)
 .init_array    0x20000084        0x4 c:/renesas/ra/e2studio_v2023-04_fsp_v4.5.0/toolchains/gcc_arm/gcc-arm-none-eabi-10.3-2021.10/bin/../lib/gcc/arm-none-eabi/10.3.1/thumb/v8-m.main+fp/hard/crtbegin.o
                0x20000088                PROVIDE (__init_array_end = .)
                0x20000088                . = ALIGN (0x4)
                [!provide]                PROVIDE (__fini_array_start = .)
 *(SORT_BY_NAME(.fini_array.*))
 *(.fini_array)
 .fini_array    0x20000088        0x4 c:/renesas/ra/e2studio_v2023-04_fsp_v4.5.0/toolchains/gcc_arm/gcc-arm-none-eabi-10.3-2021.10/bin/../lib/gcc/arm-none-eabi/10.3.1/thumb/v8-m.main+fp/hard/crtbegin.o
                [!provide]                PROVIDE (__fini_array_end = .)
 *(.jcr*)
                0x2000008c                . = ALIGN (0x4)
                0x2000008c                __data_end__ = .
                0x00005494                __dtcm_data_init_start = ((__etext + __data_end__) - __data_start__)

.igot.plt       0x2000008c        0x0 load address 0x00005494
 .igot.plt      0x2000008c        0x0 c:/renesas/ra/e2studio_v2023-04_fsp_v4.5.0/toolchains/gcc_arm/gcc-arm-none-eabi-10.3-2021.10/bin/../lib/gcc/arm-none-eabi/10.3.1/thumb/v8-m.main+fp/hard/crtbegin.o

.dtcm_data      0x00000000        0x0 load address 0x00005494
                0x00000000                __tz_DTCM_S = ABSOLUTE (DTCM_START)
                0x00000000                __dtcm_data_start__ = .
 *(.dtcm_data*)
                0x00000000                __dtcm_data_end__ = .

.dtcm_noinit    0x00000000        0x0 load address 0x00005494
                0x00000000                __dtcm_noinit_start = .
 *(.dtcm_noinit*)
                0x00000000                __dtcm_noinit_end = .
                0x00000000                __tz_DTCM_N = DEFINED (DTCM_NS_START)?ABSOLUTE (DTCM_NS_START):ALIGN (__dtcm_noinit_end, 0x2000)
                0x00005494                DATA_END = (LOADADDR (.data) + SIZEOF (.data))
                0x00005800                SGSTUBS_LOC = (DEFINED (PROJECT_SECURE) && DEFINED (FLASH_NSC_START))?ABSOLUTE (FLASH_NSC_START):ALIGN (DATA_END, 0x400)

.gnu.sgstubs    0x00005800        0x0
                0x00005800                __tz_FLASH_C = DEFINED (FLASH_NSC_START)?ABSOLUTE (FLASH_NSC_START):__RESERVE_NS_RAM?ABSOLUTE ((FLASH_START + FLASH_LENGTH)):ALIGN (0x400)
                0x00005800                _start_sg = .
 *(.gnu.sgstubs*)
                0x00005800                . = ALIGN (0x20)
                0x00005800                _end_sg = .
                0x00008000                __tz_FLASH_N = DEFINED (FLASH_NS_START)?ABSOLUTE (FLASH_NS_START):__RESERVE_NS_RAM?ABSOLUTE ((FLASH_START + FLASH_LENGTH)):(FLASH_LENGTH < 0x8000)?FLASH_LENGTH:ALIGN (0x8000)
                0x00008000                FLASH_NS_IMAGE_START = DEFINED (FLASH_NS_IMAGE_START)?FLASH_NS_IMAGE_START:__tz_FLASH_N
                0x60000000                __tz_QSPI_FLASH_S = ORIGIN (QSPI_FLASH)

.qspi_flash     0x60000000        0x0
                0x60000000                __qspi_flash_start__ = .
 *(.qspi_flash*)
 *(.code_in_qspi*)
                0x60000000                __qspi_flash_end__ = .
                0x00000000                __qspi_flash_code_size__ = (__qspi_flash_end__ - __qspi_flash_start__)
                0x00005494                __qspi_flash_code_addr__ = (__etext + (__data_end__ - __data_start__))

.qspi_non_retentive
                0x60000000        0x0 load address 0x00005494
                0x60000000                __qspi_non_retentive_start__ = .
 *(.qspi_non_retentive*)
                0x60000000                __qspi_non_retentive_end__ = .
                0x00000000                __qspi_non_retentive_size__ = (__qspi_non_retentive_end__ - __qspi_non_retentive_start__)
                0x04000000                __qspi_region_max_size__ = 0x4000000
                0x60000000                __qspi_region_start_address__ = __qspi_flash_start__
                0x64000000                __qspi_region_end_address__ = (__qspi_flash_start__ + __qspi_region_max_size__)
                0x60000000                __tz_QSPI_FLASH_N = __qspi_non_retentive_end__

.OSPI_DEVICE_0_NO_LOAD
                0x68000000        0x0
                0x68000000                . = ALIGN (0x4)
                0x68000000                __ospi_device_0_start__ = .
 *(.ospi_device_0_no_load*)
                0x68000000                . = ALIGN (0x4)
                0x68000000                __ospi_device_0_end__ = .

.OSPI_DEVICE_1_NO_LOAD
                0x70000000        0x0
                0x70000000                . = ALIGN (0x4)
                0x70000000                __ospi_device_1_start__ = .
 *(.ospi_device_1_no_load*)
                0x70000000                . = ALIGN (0x4)
                0x70000000                __ospi_device_1_end__ = .
                0x68000000                __tz_OSPI_DEVICE_0_S = ORIGIN (OSPI_DEVICE_0)

.OSPI_DEVICE_0  0x68000000        0x0
                0x68000000                __ospi_device_0_start__ = .
 *(.ospi_device_0*)
 *(.code_in_ospi_device_0*)
                0x68000000                __ospi_device_0_end__ = .
                0x00000000                __ospi_device_0_code_size__ = (__ospi_device_0_end__ - __ospi_device_0_start__)
                0x00005494                __ospi_device_0_code_addr__ = (__etext + (__data_end__ - __data_start__))

.ospi_device_0_non_retentive
                0x68000000        0x0 load address 0x00005494
                0x68000000                __ospi_device_0_non_retentive_start__ = .
 *(.ospi_device_0_non_retentive*)
                0x68000000                __ospi_device_0_non_retentive_end__ = .
                0x00000000                __ospi_device_0_non_retentive_size__ = (__ospi_device_0_non_retentive_end__ - __ospi_device_0_non_retentive_start__)
                0x08000000                __ospi_device_0_region_max_size__ = 0x8000000
                0x68000000                __ospi_device_0_region_start_address__ = __ospi_device_0_start__
                0x70000000                __ospi_device_0_region_end_address__ = (__ospi_device_0_start__ + __ospi_device_0_region_max_size__)
                0x68000000                __tz_OSPI_DEVICE_0_N = __ospi_device_0_non_retentive_end__
                0x70000000                __tz_OSPI_DEVICE_1_S = ORIGIN (OSPI_DEVICE_1)

.OSPI_DEVICE_1  0x70000000        0x0
                0x70000000                __ospi_device_1_start__ = .
 *(.ospi_device_1*)
 *(.code_in_ospi_device_1*)
                0x70000000                __ospi_device_1_end__ = .
                0x00000000                __ospi_device_1_code_size__ = (__ospi_device_1_end__ - __ospi_device_1_start__)
                0x00005494                __ospi_device_1_code_addr__ = (__etext + (__data_end__ - __data_start__))

.ospi_device_1_non_retentive
                0x70000000        0x0 load address 0x00005494
                0x70000000                __ospi_device_1_non_retentive_start__ = .
 *(.ospi_device_1_non_retentive*)
                0x70000000                __ospi_device_1_non_retentive_end__ = .
                0x00000000                __ospi_device_1_non_retentive_size__ = (__ospi_device_1_non_retentive_end__ - __ospi_device_1_non_retentive_start__)
                0x10000000                __ospi_device_1_region_max_size__ = 0x10000000
                0x70000000                __ospi_device_1_region_start_address__ = __ospi_device_1_start__
                0x80000000                __ospi_device_1_region_end_address__ = (__ospi_device_1_start__ + __ospi_device_1_region_max_size__)
                0x70000000                __tz_OSPI_DEVICE_1_N = __ospi_device_1_non_retentive_end__

.noinit         0x2000008c       0x1c
                0x2000008c                . = ALIGN (0x4)
                0x2000008c                __noinit_start = .
 *(.noinit*)
 .noinit        0x2000008c       0x1c ./ra/fsp/src/bsp/mcu/all/bsp_clocks.o
                0x200000a8                . = ALIGN (0x8)
 *(.heap.*)
                0x200000a8                __noinit_end = .

.bss            0x200000a8      0x3d0
                0x200000a8                . = ALIGN (0x4)
                0x200000a8                __bss_start__ = .
 *(.bss*)
 .bss           0x200000a8       0x1c c:/renesas/ra/e2studio_v2023-04_fsp_v4.5.0/toolchains/gcc_arm/gcc-arm-none-eabi-10.3-2021.10/bin/../lib/gcc/arm-none-eabi/10.3.1/thumb/v8-m.main+fp/hard/crtbegin.o
 .bss.g_ioport_ctrl
                0x200000c4        0x8 ./ra_gen/common_data.o
                0x200000c4                g_ioport_ctrl
 .bss.g_flash0_ctrl
                0x200000cc       0x44 ./ra_gen/hal_data.o
                0x200000cc                g_flash0_ctrl
 .bss.g_i2c_master0_ctrl
                0x20000110       0x40 ./ra_gen/hal_data.o
                0x20000110                g_i2c_master0_ctrl
 .bss.g_timer0_ctrl
                0x20000150       0x20 ./ra_gen/hal_data.o
                0x20000150                g_timer0_ctrl
 .bss.g_timer1_ctrl
                0x20000170       0x20 ./ra_gen/hal_data.o
                0x20000170                g_timer1_ctrl
 .bss.g_timer2_ctrl
                0x20000190       0x20 ./ra_gen/hal_data.o
                0x20000190                g_timer2_ctrl
 .bss.g_uart2_ctrl
                0x200001b0       0x30 ./ra_gen/hal_data.o
                0x200001b0                g_uart2_ctrl
 .bss.g_uart7_ctrl
                0x200001e0       0x30 ./ra_gen/hal_data.o
                0x200001e0                g_uart7_ctrl
 .bss.g_bsp_group_irq_sources
                0x20000210       0x40 ./ra/fsp/src/bsp/mcu/all/bsp_group_irq.o
                0x20000210                g_bsp_group_irq_sources
 .bss.g_protect_pfswe_counter
                0x20000250        0x4 ./ra/fsp/src/bsp/mcu/all/bsp_io.o
                0x20000250                g_protect_pfswe_counter
 .bss.gp_renesas_isr_context
                0x20000254      0x180 ./ra/fsp/src/bsp/mcu/all/bsp_irq.o
                0x20000254                gp_renesas_isr_context
 .bss.g_protect_counters
                0x200003d4        0x8 ./ra/fsp/src/bsp/mcu/all/bsp_register_protection.o
                0x200003d4                g_protect_counters
 .bss.current_heap_end.0
                0x200003dc        0x4 ./ra/fsp/src/bsp/mcu/all/bsp_sbrk.o
 .bss.SystemCoreClock
                0x200003e0        0x4 ./ra/fsp/src/bsp/cmsis/Device/RENESAS/Source/system.o
                0x200003e0                SystemCoreClock
 .bss.g_mpu_i2c_event
                0x200003e4        0x1 ./dshanmcu_ra6m5/drivers/SensorMPU6050.o
 .bss.g_emergency_stop
                0x200003e5        0x1 ./dshanmcu_ra6m5/drivers/Servor.o
 *fill*         0x200003e6        0x2 
 .bss.servo_period
                0x200003e8        0x4 ./dshanmcu_ra6m5/drivers/Servor.o
 .bss.g_uart2_rb
                0x200003ec       0x40 ./dshanmcu_ra6m5/drivers/VoiceControl.o
 .bss.g_uart2_rb_head
                0x2000042c        0x2 ./dshanmcu_ra6m5/drivers/VoiceControl.o
 .bss.g_uart2_rb_tail
                0x2000042e        0x2 ./dshanmcu_ra6m5/drivers/VoiceControl.o
 .bss.g_uart2_rx_byte
                0x20000430        0x1 ./dshanmcu_ra6m5/drivers/VoiceControl.o
                0x20000430                g_uart2_rx_byte
 .bss.g_voice_extend_mode
                0x20000431        0x1 ./dshanmcu_ra6m5/drivers/VoiceControl.o
 .bss.g_voice_extend_step_pending
                0x20000432        0x1 ./dshanmcu_ra6m5/drivers/VoiceControl.o
 .bss.g_voice_mem_end_pending
                0x20000433        0x1 ./dshanmcu_ra6m5/drivers/VoiceControl.o
 .bss.g_voice_mem_play
                0x20000434        0x1 ./dshanmcu_ra6m5/drivers/VoiceControl.o
 .bss.g_voice_mem_play_pending
                0x20000435        0x1 ./dshanmcu_ra6m5/drivers/VoiceControl.o
 .bss.g_voice_mem_record
                0x20000436        0x1 ./dshanmcu_ra6m5/drivers/VoiceControl.o
 .bss.g_voice_mem_start_pending
                0x20000437        0x1 ./dshanmcu_ra6m5/drivers/VoiceControl.o
 .bss.s_prev.0  0x20000438        0x1 ./dshanmcu_ra6m5/drivers/VoiceControl.o
 *fill*         0x20000439        0x3 
 .bss.uart_recv_buf
                0x2000043c       0x20 ./dshanmcu_ra6m5/drivers/VoiceControl.o
                0x2000043c                uart_recv_buf
 .bss.uart_recv_len
                0x2000045c        0x1 ./dshanmcu_ra6m5/drivers/VoiceControl.o
                0x2000045c                uart_recv_len
 *fill*         0x2000045d        0x3 
 .bss.g_uart7_rx_complete
                0x20000460        0x4 ./dshanmcu_ra6m5/drivers/drv_uart.o
 .bss.g_uart7_tx_complete
                0x20000464        0x4 ./dshanmcu_ra6m5/drivers/drv_uart.o
 .bss.__lock___malloc_recursive_mutex
                0x20000468        0x1 c:/renesas/ra/e2studio_v2023-04_fsp_v4.5.0/toolchains/gcc_arm/gcc-arm-none-eabi-10.3-2021.10/bin/../lib/gcc/arm-none-eabi/10.3.1/../../../../arm-none-eabi/lib/thumb/v8-m.main+fp/hard\libg_nano.a(lib_a-lock.o)
                0x20000468                __lock___malloc_recursive_mutex
 .bss.__lock___sfp_recursive_mutex
                0x20000469        0x1 c:/renesas/ra/e2studio_v2023-04_fsp_v4.5.0/toolchains/gcc_arm/gcc-arm-none-eabi-10.3-2021.10/bin/../lib/gcc/arm-none-eabi/10.3.1/../../../../arm-none-eabi/lib/thumb/v8-m.main+fp/hard\libg_nano.a(lib_a-lock.o)
                0x20000469                __lock___sfp_recursive_mutex
 .bss.__lock___sinit_recursive_mutex
                0x2000046a        0x1 c:/renesas/ra/e2studio_v2023-04_fsp_v4.5.0/toolchains/gcc_arm/gcc-arm-none-eabi-10.3-2021.10/bin/../lib/gcc/arm-none-eabi/10.3.1/../../../../arm-none-eabi/lib/thumb/v8-m.main+fp/hard\libg_nano.a(lib_a-lock.o)
                0x2000046a                __lock___sinit_recursive_mutex
 *fill*         0x2000046b        0x1 
 .bss.__malloc_free_list
                0x2000046c        0x4 c:/renesas/ra/e2studio_v2023-04_fsp_v4.5.0/toolchains/gcc_arm/gcc-arm-none-eabi-10.3-2021.10/bin/../lib/gcc/arm-none-eabi/10.3.1/../../../../arm-none-eabi/lib/thumb/v8-m.main+fp/hard\libg_nano.a(lib_a-nano-mallocr.o)
                0x2000046c                __malloc_free_list
 .bss.__malloc_sbrk_start
                0x20000470        0x4 c:/renesas/ra/e2studio_v2023-04_fsp_v4.5.0/toolchains/gcc_arm/gcc-arm-none-eabi-10.3-2021.10/bin/../lib/gcc/arm-none-eabi/10.3.1/../../../../arm-none-eabi/lib/thumb/v8-m.main+fp/hard\libg_nano.a(lib_a-nano-mallocr.o)
                0x20000470                __malloc_sbrk_start
 .bss.errno     0x20000474        0x4 c:/renesas/ra/e2studio_v2023-04_fsp_v4.5.0/toolchains/gcc_arm/gcc-arm-none-eabi-10.3-2021.10/bin/../lib/gcc/arm-none-eabi/10.3.1/../../../../arm-none-eabi/lib/thumb/v8-m.main+fp/hard\libg_nano.a(lib_a-reent.o)
                0x20000474                errno
 *(COMMON)
                0x20000478                . = ALIGN (0x4)
                0x20000478                __bss_end__ = .

.heap           0x20000478     0x2000
                0x20000478                . = ALIGN (0x8)
                0x20000478                __HeapBase = .
 *(.heap)
 .heap          0x20000478     0x2000 ./ra/fsp/src/bsp/cmsis/Device/RENESAS/Source/startup.o
                0x20002478                __HeapLimit = .

.stack_dummy    0x20002478     0x1000
                0x20002478                . = ALIGN (0x8)
                0x20002478                __StackLimit = .
 *(.stack)
 .stack         0x20002478     0x1000 ./ra/fsp/src/bsp/cmsis/Device/RENESAS/Source/startup.o
                0x20003478                __StackTop = .
 *(.stack*)
                0x20003478                __StackTopAll = .
                0x20003478                PROVIDE (__stack = __StackTopAll)
                0x20003478                __RAM_segment_used_end__ = ALIGN (__StackTopAll, 0x4)
                0x20003800                __tz_RAM_C = DEFINED (RAM_NSC_START)?ABSOLUTE ((RAM_NSC_START - RAM_NS_BUFFER_BLOCK_LENGTH)):__RESERVE_NS_RAM?ABSOLUTE (RAM_NS_BUFFER_BLOCK_START):ALIGN (__RAM_segment_used_end__, 0x400)
                0x20004000                __tz_RAM_N = DEFINED (RAM_NS_START)?ABSOLUTE ((RAM_NS_START - RAM_NS_BUFFER_BLOCK_LENGTH)):__RESERVE_NS_RAM?ABSOLUTE (RAM_NS_BUFFER_BLOCK_START):ALIGN (__tz_RAM_C, 0x2000)

.ns_buffer      0x20003478        0x0
                0x20003478                . = __RESERVE_NS_RAM?ABSOLUTE ((RAM_NS_BUFFER_START & 0xffffffe0)):.
 *(.ns_buffer*)

.data_flash     0x08000000        0x0
                0x08000000                . = ORIGIN (DATA_FLASH)
                0x08000000                __tz_DATA_FLASH_S = .
                0x08000000                __Data_Flash_Start = .
 *(.data_flash*)
                0x08000000                __Data_Flash_End = .
                0x08000000                __tz_DATA_FLASH_N = DEFINED (DATA_FLASH_NS_START)?ABSOLUTE (DATA_FLASH_NS_START):__RESERVE_NS_RAM?ABSOLUTE ((DATA_FLASH_START + DATA_FLASH_LENGTH)):ALIGN (0x400)
                0x80010000                __tz_SDRAM_S = ORIGIN (SDRAM)

.sdram          0x80010000        0x0
                0x80010000                __SDRAM_Start = .
 *(.sdram*)
 *(.frame*)
                0x80010000                __SDRAM_End = .
                0x80010000                __tz_SDRAM_N = __SDRAM_End
                0x00000000                __tz_ID_CODE_S = ORIGIN (ID_CODE)
                0x00000000                __tz_ID_CODE_N = __tz_ID_CODE_S

.id_code        0x00000000        0x0
                0x00000000                __ID_Code_Start = .
 *(.id_code*)
                0x00000000                __ID_Code_End = .
                0x0100a100                __tz_OPTION_SETTING_S = ORIGIN (OPTION_SETTING_OFS)

.option_setting_ofs
                0x0100a100       0x14
                0x0100a100                __OPTION_SETTING_OFS_Start = .
 *(.option_setting_ofs0)
 .option_setting_ofs0
                0x0100a100        0x4 ./ra/fsp/src/bsp/mcu/all/bsp_rom_registers.o
                0x0100a104                . = PROJECT_SECURE_OR_FLAT?(__OPTION_SETTING_OFS_Start + 0x4):__OPTION_SETTING_OFS_Start
 *(.option_setting_ofs2)
                0x0100a110                . = PROJECT_SECURE_OR_FLAT?(__OPTION_SETTING_OFS_Start + 0x10):__OPTION_SETTING_OFS_Start
 *fill*         0x0100a104        0xc ff
 *(.option_setting_dualsel)
 .option_setting_dualsel
                0x0100a110        0x4 ./ra/fsp/src/bsp/mcu/all/bsp_rom_registers.o
                0x0100a114                __OPTION_SETTING_OFS_End = .

.option_setting_sas
                0x0100a134        0x4
                0x0100a134                __OPTION_SETTING_SAS_Start = .
 *(.option_setting_sas)
 .option_setting_sas
                0x0100a134        0x4 ./ra/fsp/src/bsp/mcu/all/bsp_rom_registers.o
                0x0100a138                __OPTION_SETTING_SAS_End = .
                0x0100a180                __tz_OPTION_SETTING_N = ABSOLUTE (OPTION_SETTING_START_NS)

.option_setting_ns
                0x0100a100        0x0
                0x0100a100                __OPTION_SETTING_NS_Start = .
 *(.option_setting_ofs1)
                0x0100a100                . = USE_OPTION_SETTING_NS?(__OPTION_SETTING_NS_Start + 0x4):__OPTION_SETTING_NS_Start
 *(.option_setting_ofs3)
                0x0100a100                . = USE_OPTION_SETTING_NS?(__OPTION_SETTING_NS_Start + 0x10):__OPTION_SETTING_NS_Start
 *(.option_setting_banksel)
                0x0100a100                . = USE_OPTION_SETTING_NS?(__OPTION_SETTING_NS_Start + 0x40):__OPTION_SETTING_NS_Start
 *(.option_setting_bps0)
                0x0100a100                . = USE_OPTION_SETTING_NS?(__OPTION_SETTING_NS_Start + 0x44):__OPTION_SETTING_NS_Start
 *(.option_setting_bps1)
                0x0100a100                . = USE_OPTION_SETTING_NS?(__OPTION_SETTING_NS_Start + 0x48):__OPTION_SETTING_NS_Start
 *(.option_setting_bps2)
                0x0100a100                . = USE_OPTION_SETTING_NS?(__OPTION_SETTING_NS_Start + 0x4c):__OPTION_SETTING_NS_Start
 *(.option_setting_bps3)
                0x0100a100                . = USE_OPTION_SETTING_NS?(__OPTION_SETTING_NS_Start + 0x60):__OPTION_SETTING_NS_Start
 *(.option_setting_pbps0)
                0x0100a100                . = USE_OPTION_SETTING_NS?(__OPTION_SETTING_NS_Start + 0x64):__OPTION_SETTING_NS_Start
 *(.option_setting_pbps1)
                0x0100a100                . = USE_OPTION_SETTING_NS?(__OPTION_SETTING_NS_Start + 0x68):__OPTION_SETTING_NS_Start
 *(.option_setting_pbps2)
                0x0100a100                . = USE_OPTION_SETTING_NS?(__OPTION_SETTING_NS_Start + 0x6c):__OPTION_SETTING_NS_Start
 *(.option_setting_pbps3)
                0x0100a100                __OPTION_SETTING_NS_End = .
                0x0100a200                __tz_OPTION_SETTING_S_S = ORIGIN (OPTION_SETTING_S)

.option_setting_s
                0x0100a200       0xd0
                0x0100a200                __OPTION_SETTING_S_Start = .
 *(.option_setting_ofs1_sec)
 .option_setting_ofs1_sec
                0x0100a200        0x4 ./ra/fsp/src/bsp/mcu/all/bsp_rom_registers.o
                0x0100a204                . = PROJECT_SECURE_OR_FLAT?(__OPTION_SETTING_S_Start + 0x4):__OPTION_SETTING_S_Start
 *(.option_setting_ofs3_sec)
                0x0100a210                . = PROJECT_SECURE_OR_FLAT?(__OPTION_SETTING_S_Start + 0x10):__OPTION_SETTING_S_Start
 *fill*         0x0100a204        0xc ff
 *(.option_setting_banksel_sec)
 .option_setting_banksel_sec
                0x0100a210        0x4 ./ra/fsp/src/bsp/mcu/all/bsp_rom_registers.o
                0x0100a240                . = PROJECT_SECURE_OR_FLAT?(__OPTION_SETTING_S_Start + 0x40):__OPTION_SETTING_S_Start
 *fill*         0x0100a214       0x2c ff
 *(.option_setting_bps_sec0)
 .option_setting_bps_sec0
                0x0100a240        0x4 ./ra/fsp/src/bsp/mcu/all/bsp_rom_registers.o
                0x0100a244                . = PROJECT_SECURE_OR_FLAT?(__OPTION_SETTING_S_Start + 0x44):__OPTION_SETTING_S_Start
 *(.option_setting_bps_sec1)
 .option_setting_bps_sec1
                0x0100a244        0x4 ./ra/fsp/src/bsp/mcu/all/bsp_rom_registers.o
                0x0100a248                . = PROJECT_SECURE_OR_FLAT?(__OPTION_SETTING_S_Start + 0x48):__OPTION_SETTING_S_Start
 *(.option_setting_bps_sec2)
 .option_setting_bps_sec2
                0x0100a248        0x4 ./ra/fsp/src/bsp/mcu/all/bsp_rom_registers.o
                0x0100a24c                . = PROJECT_SECURE_OR_FLAT?(__OPTION_SETTING_S_Start + 0x4c):__OPTION_SETTING_S_Start
 *(.option_setting_bps_sec3)
 .option_setting_bps_sec3
                0x0100a24c        0x4 ./ra/fsp/src/bsp/mcu/all/bsp_rom_registers.o
                0x0100a260                . = PROJECT_SECURE_OR_FLAT?(__OPTION_SETTING_S_Start + 0x60):__OPTION_SETTING_S_Start
 *fill*         0x0100a250       0x10 ff
 *(.option_setting_pbps_sec0)
 .option_setting_pbps_sec0
                0x0100a260        0x4 ./ra/fsp/src/bsp/mcu/all/bsp_rom_registers.o
                0x0100a264                . = PROJECT_SECURE_OR_FLAT?(__OPTION_SETTING_S_Start + 0x64):__OPTION_SETTING_S_Start
 *(.option_setting_pbps_sec1)
 .option_setting_pbps_sec1
                0x0100a264        0x4 ./ra/fsp/src/bsp/mcu/all/bsp_rom_registers.o
                0x0100a268                . = PROJECT_SECURE_OR_FLAT?(__OPTION_SETTING_S_Start + 0x68):__OPTION_SETTING_S_Start
 *(.option_setting_pbps_sec2)
 .option_setting_pbps_sec2
                0x0100a268        0x4 ./ra/fsp/src/bsp/mcu/all/bsp_rom_registers.o
                0x0100a26c                . = PROJECT_SECURE_OR_FLAT?(__OPTION_SETTING_S_Start + 0x6c):__OPTION_SETTING_S_Start
 *(.option_setting_pbps_sec3)
 .option_setting_pbps_sec3
                0x0100a26c        0x4 ./ra/fsp/src/bsp/mcu/all/bsp_rom_registers.o
                0x0100a280                . = PROJECT_SECURE_OR_FLAT?(__OPTION_SETTING_S_Start + 0x80):__OPTION_SETTING_S_Start
 *fill*         0x0100a270       0x10 ff
 *(.option_setting_ofs1_sel)
 .option_setting_ofs1_sel
                0x0100a280        0x4 ./ra/fsp/src/bsp/mcu/all/bsp_rom_registers.o
                0x0100a284                . = PROJECT_SECURE_OR_FLAT?(__OPTION_SETTING_S_Start + 0x84):__OPTION_SETTING_S_Start
 *(.option_setting_ofs3_sel)
                0x0100a290                . = PROJECT_SECURE_OR_FLAT?(__OPTION_SETTING_S_Start + 0x90):__OPTION_SETTING_S_Start
 *fill*         0x0100a284        0xc ff
 *(.option_setting_banksel_sel)
 .option_setting_banksel_sel
                0x0100a290        0x4 ./ra/fsp/src/bsp/mcu/all/bsp_rom_registers.o
                0x0100a2c0                . = PROJECT_SECURE_OR_FLAT?(__OPTION_SETTING_S_Start + 0xc0):__OPTION_SETTING_S_Start
 *fill*         0x0100a294       0x2c ff
 *(.option_setting_bps_sel0)
 .option_setting_bps_sel0
                0x0100a2c0        0x4 ./ra/fsp/src/bsp/mcu/all/bsp_rom_registers.o
                0x0100a2c4                . = PROJECT_SECURE_OR_FLAT?(__OPTION_SETTING_S_Start + 0xc4):__OPTION_SETTING_S_Start
 *(.option_setting_bps_sel1)
 .option_setting_bps_sel1
                0x0100a2c4        0x4 ./ra/fsp/src/bsp/mcu/all/bsp_rom_registers.o
                0x0100a2c8                . = PROJECT_SECURE_OR_FLAT?(__OPTION_SETTING_S_Start + 0xc8):__OPTION_SETTING_S_Start
 *(.option_setting_bps_sel2)
 .option_setting_bps_sel2
                0x0100a2c8        0x4 ./ra/fsp/src/bsp/mcu/all/bsp_rom_registers.o
                0x0100a2cc                . = PROJECT_SECURE_OR_FLAT?(__OPTION_SETTING_S_Start + 0xcc):__OPTION_SETTING_S_Start
 *(.option_setting_bps_sel3)
 .option_setting_bps_sel3
                0x0100a2cc        0x4 ./ra/fsp/src/bsp/mcu/all/bsp_rom_registers.o
                0x0100a2d0                __OPTION_SETTING_S_End = .
                0x0100a2d0                __tz_OPTION_SETTING_S_N = __OPTION_SETTING_S_End
OUTPUT(15SevorAll+STOP2+MPU6050+voicePro2.elf elf32-littlearm)
LOAD linker stubs

.rel.dyn        0x0100a2d0        0x0
 .rel.iplt      0x0100a2d0        0x0 c:/renesas/ra/e2studio_v2023-04_fsp_v4.5.0/toolchains/gcc_arm/gcc-arm-none-eabi-10.3-2021.10/bin/../lib/gcc/arm-none-eabi/10.3.1/thumb/v8-m.main+fp/hard/crtbegin.o

.ARM.attributes
                0x00000000       0x36
 .ARM.attributes
                0x00000000       0x22 c:/renesas/ra/e2studio_v2023-04_fsp_v4.5.0/toolchains/gcc_arm/gcc-arm-none-eabi-10.3-2021.10/bin/../lib/gcc/arm-none-eabi/10.3.1/thumb/v8-m.main+fp/hard/crti.o
 .ARM.attributes
                0x00000022       0x38 c:/renesas/ra/e2studio_v2023-04_fsp_v4.5.0/toolchains/gcc_arm/gcc-arm-none-eabi-10.3-2021.10/bin/../lib/gcc/arm-none-eabi/10.3.1/thumb/v8-m.main+fp/hard/crtbegin.o
 .ARM.attributes
                0x0000005a       0x3a ./src/hal_entry.o
 .ARM.attributes
                0x00000094       0x3a ./ra_gen/common_data.o
 .ARM.attributes
                0x000000ce       0x3a ./ra_gen/hal_data.o
 .ARM.attributes
                0x00000108       0x3a ./ra_gen/main.o
 .ARM.attributes
                0x00000142       0x3a ./ra_gen/pin_data.o
 .ARM.attributes
                0x0000017c       0x3a ./ra_gen/vector_data.o
 .ARM.attributes
                0x000001b6       0x3a ./ra/fsp/src/r_sci_uart/r_sci_uart.o
 .ARM.attributes
                0x000001f0       0x3a ./ra/fsp/src/r_ioport/r_ioport.o
 .ARM.attributes
                0x0000022a       0x3a ./ra/fsp/src/r_iic_master/r_iic_master.o
 .ARM.attributes
                0x00000264       0x3a ./ra/fsp/src/r_gpt/r_gpt.o
 .ARM.attributes
                0x0000029e       0x3a ./ra/fsp/src/r_flash_hp/r_flash_hp.o
 .ARM.attributes
                0x000002d8       0x3a ./ra/fsp/src/bsp/mcu/all/bsp_clocks.o
 .ARM.attributes
                0x00000312       0x3a ./ra/fsp/src/bsp/mcu/all/bsp_common.o
 .ARM.attributes
                0x0000034c       0x3a ./ra/fsp/src/bsp/mcu/all/bsp_delay.o
 .ARM.attributes
                0x00000386       0x3a ./ra/fsp/src/bsp/mcu/all/bsp_group_irq.o
 .ARM.attributes
                0x000003c0       0x3a ./ra/fsp/src/bsp/mcu/all/bsp_io.o
 .ARM.attributes
                0x000003fa       0x3a ./ra/fsp/src/bsp/mcu/all/bsp_irq.o
 .ARM.attributes
                0x00000434       0x3a ./ra/fsp/src/bsp/mcu/all/bsp_register_protection.o
 .ARM.attributes
                0x0000046e       0x3a ./ra/fsp/src/bsp/mcu/all/bsp_rom_registers.o
 .ARM.attributes
                0x000004a8       0x3a ./ra/fsp/src/bsp/mcu/all/bsp_sbrk.o
 .ARM.attributes
                0x000004e2       0x3a ./ra/fsp/src/bsp/cmsis/Device/RENESAS/Source/startup.o
 .ARM.attributes
                0x0000051c       0x3a ./ra/fsp/src/bsp/cmsis/Device/RENESAS/Source/system.o
 .ARM.attributes
                0x00000556       0x3a ./dshanmcu_ra6m5/drivers/Flash.o
 .ARM.attributes
                0x00000590       0x3a ./dshanmcu_ra6m5/drivers/SensorMPU6050.o
 .ARM.attributes
                0x000005ca       0x3a ./dshanmcu_ra6m5/drivers/Servor.o
 .ARM.attributes
                0x00000604       0x3a ./dshanmcu_ra6m5/drivers/VoiceControl.o
 .ARM.attributes
                0x0000063e       0x3a ./dshanmcu_ra6m5/drivers/drv_uart.o
 .ARM.attributes
                0x00000678       0x22 c:/renesas/ra/e2studio_v2023-04_fsp_v4.5.0/toolchains/gcc_arm/gcc-arm-none-eabi-10.3-2021.10/bin/../lib/gcc/arm-none-eabi/10.3.1/thumb/v8-m.main+fp/hard\libgcc.a(_aeabi_uldivmod.o)
 .ARM.attributes
                0x0000069a       0x38 c:/renesas/ra/e2studio_v2023-04_fsp_v4.5.0/toolchains/gcc_arm/gcc-arm-none-eabi-10.3-2021.10/bin/../lib/gcc/arm-none-eabi/10.3.1/thumb/v8-m.main+fp/hard\libgcc.a(_udivmoddi4.o)
 .ARM.attributes
                0x000006d2       0x22 c:/renesas/ra/e2studio_v2023-04_fsp_v4.5.0/toolchains/gcc_arm/gcc-arm-none-eabi-10.3-2021.10/bin/../lib/gcc/arm-none-eabi/10.3.1/thumb/v8-m.main+fp/hard\libgcc.a(_dvmd_tls.o)
 .ARM.attributes
                0x000006f4       0x38 c:/renesas/ra/e2studio_v2023-04_fsp_v4.5.0/toolchains/gcc_arm/gcc-arm-none-eabi-10.3-2021.10/bin/../lib/gcc/arm-none-eabi/10.3.1/../../../../arm-none-eabi/lib/thumb/v8-m.main+fp/hard\libg_nano.a(lib_a-errno.o)
 .ARM.attributes
                0x0000072c       0x38 c:/renesas/ra/e2studio_v2023-04_fsp_v4.5.0/toolchains/gcc_arm/gcc-arm-none-eabi-10.3-2021.10/bin/../lib/gcc/arm-none-eabi/10.3.1/../../../../arm-none-eabi/lib/thumb/v8-m.main+fp/hard\libg_nano.a(lib_a-fflush.o)
 .ARM.attributes
                0x00000764       0x38 c:/renesas/ra/e2studio_v2023-04_fsp_v4.5.0/toolchains/gcc_arm/gcc-arm-none-eabi-10.3-2021.10/bin/../lib/gcc/arm-none-eabi/10.3.1/../../../../arm-none-eabi/lib/thumb/v8-m.main+fp/hard\libg_nano.a(lib_a-findfp.o)
 .ARM.attributes
                0x0000079c       0x38 c:/renesas/ra/e2studio_v2023-04_fsp_v4.5.0/toolchains/gcc_arm/gcc-arm-none-eabi-10.3-2021.10/bin/../lib/gcc/arm-none-eabi/10.3.1/../../../../arm-none-eabi/lib/thumb/v8-m.main+fp/hard\libg_nano.a(lib_a-fwalk.o)
 .ARM.attributes
                0x000007d4       0x38 c:/renesas/ra/e2studio_v2023-04_fsp_v4.5.0/toolchains/gcc_arm/gcc-arm-none-eabi-10.3-2021.10/bin/../lib/gcc/arm-none-eabi/10.3.1/../../../../arm-none-eabi/lib/thumb/v8-m.main+fp/hard\libg_nano.a(lib_a-impure.o)
 .ARM.attributes
                0x0000080c       0x38 c:/renesas/ra/e2studio_v2023-04_fsp_v4.5.0/toolchains/gcc_arm/gcc-arm-none-eabi-10.3-2021.10/bin/../lib/gcc/arm-none-eabi/10.3.1/../../../../arm-none-eabi/lib/thumb/v8-m.main+fp/hard\libg_nano.a(lib_a-lock.o)
 .ARM.attributes
                0x00000844       0x38 c:/renesas/ra/e2studio_v2023-04_fsp_v4.5.0/toolchains/gcc_arm/gcc-arm-none-eabi-10.3-2021.10/bin/../lib/gcc/arm-none-eabi/10.3.1/../../../../arm-none-eabi/lib/thumb/v8-m.main+fp/hard\libg_nano.a(lib_a-memcpy-stub.o)
 .ARM.attributes
                0x0000087c       0x38 c:/renesas/ra/e2studio_v2023-04_fsp_v4.5.0/toolchains/gcc_arm/gcc-arm-none-eabi-10.3-2021.10/bin/../lib/gcc/arm-none-eabi/10.3.1/../../../../arm-none-eabi/lib/thumb/v8-m.main+fp/hard\libg_nano.a(lib_a-memset.o)
 .ARM.attributes
                0x000008b4       0x38 c:/renesas/ra/e2studio_v2023-04_fsp_v4.5.0/toolchains/gcc_arm/gcc-arm-none-eabi-10.3-2021.10/bin/../lib/gcc/arm-none-eabi/10.3.1/../../../../arm-none-eabi/lib/thumb/v8-m.main+fp/hard\libg_nano.a(lib_a-nano-freer.o)
 .ARM.attributes
                0x000008ec       0x38 c:/renesas/ra/e2studio_v2023-04_fsp_v4.5.0/toolchains/gcc_arm/gcc-arm-none-eabi-10.3-2021.10/bin/../lib/gcc/arm-none-eabi/10.3.1/../../../../arm-none-eabi/lib/thumb/v8-m.main+fp/hard\libg_nano.a(lib_a-nano-mallocr.o)
 .ARM.attributes
                0x00000924       0x38 c:/renesas/ra/e2studio_v2023-04_fsp_v4.5.0/toolchains/gcc_arm/gcc-arm-none-eabi-10.3-2021.10/bin/../lib/gcc/arm-none-eabi/10.3.1/../../../../arm-none-eabi/lib/thumb/v8-m.main+fp/hard\libg_nano.a(lib_a-printf.o)
 .ARM.attributes