Archive member included to satisfy reference by file (symbol)

C:/Renesas/RA/e2studio_v2026-04.2_fsp_v6.5.0/toolchains/gcc_arm/13.2.rel1/bin/../lib/gcc/arm-none-eabi/13.2.1/thumb/v8-m.main+fp/hard\libgcc.a(_arm_addsubdf3.o)
                              ./src/hal_entry.o (__aeabi_f2d)
C:/Renesas/RA/e2studio_v2026-04.2_fsp_v6.5.0/toolchains/gcc_arm/13.2.rel1/bin/../lib/gcc/arm-none-eabi/13.2.1/thumb/v8-m.main+fp/hard\libgcc.a(_aeabi_ldivmod.o)
                              ./ra/fsp/src/r_sci_uart/r_sci_uart.o (__aeabi_ldivmod)
C:/Renesas/RA/e2studio_v2026-04.2_fsp_v6.5.0/toolchains/gcc_arm/13.2.rel1/bin/../lib/gcc/arm-none-eabi/13.2.1/thumb/v8-m.main+fp/hard\libgcc.a(_aeabi_uldivmod.o)
                              ./dshanmcu_ra6m5/drivers/Servor.o (__aeabi_uldivmod)
C:/Renesas/RA/e2studio_v2026-04.2_fsp_v6.5.0/toolchains/gcc_arm/13.2.rel1/bin/../lib/gcc/arm-none-eabi/13.2.1/thumb/v8-m.main+fp/hard\libgcc.a(_udivmoddi4.o)
                              C:/Renesas/RA/e2studio_v2026-04.2_fsp_v6.5.0/toolchains/gcc_arm/13.2.rel1/bin/../lib/gcc/arm-none-eabi/13.2.1/thumb/v8-m.main+fp/hard\libgcc.a(_aeabi_ldivmod.o) (__udivmoddi4)
C:/Renesas/RA/e2studio_v2026-04.2_fsp_v6.5.0/toolchains/gcc_arm/13.2.rel1/bin/../lib/gcc/arm-none-eabi/13.2.1/thumb/v8-m.main+fp/hard\libgcc.a(_dvmd_tls.o)
                              C:/Renesas/RA/e2studio_v2026-04.2_fsp_v6.5.0/toolchains/gcc_arm/13.2.rel1/bin/../lib/gcc/arm-none-eabi/13.2.1/thumb/v8-m.main+fp/hard\libgcc.a(_aeabi_ldivmod.o) (__aeabi_ldiv0)
C:/Renesas/RA/e2studio_v2026-04.2_fsp_v6.5.0/toolchains/gcc_arm/13.2.rel1/bin/../lib/gcc/arm-none-eabi/13.2.1/thumb/v8-m.main+fp/hard\libg_nano.a(libc_a-exit.o)
                              C:/Renesas/RA/e2studio_v2026-04.2_fsp_v6.5.0/toolchains/gcc_arm/13.2.rel1/bin/../lib/gcc/arm-none-eabi/13.2.1/thumb/v8-m.main+fp/hard/crt0.o (exit)
C:/Renesas/RA/e2studio_v2026-04.2_fsp_v6.5.0/toolchains/gcc_arm/13.2.rel1/bin/../lib/gcc/arm-none-eabi/13.2.1/thumb/v8-m.main+fp/hard\libg_nano.a(libc_a-strtoul.o)
                              ./src/hal_entry.o (strtoul)
C:/Renesas/RA/e2studio_v2026-04.2_fsp_v6.5.0/toolchains/gcc_arm/13.2.rel1/bin/../lib/gcc/arm-none-eabi/13.2.1/thumb/v8-m.main+fp/hard\libg_nano.a(libc_a-ctype_.o)
                              C:/Renesas/RA/e2studio_v2026-04.2_fsp_v6.5.0/toolchains/gcc_arm/13.2.rel1/bin/../lib/gcc/arm-none-eabi/13.2.1/thumb/v8-m.main+fp/hard\libg_nano.a(libc_a-strtoul.o) (_ctype_)
C:/Renesas/RA/e2studio_v2026-04.2_fsp_v6.5.0/toolchains/gcc_arm/13.2.rel1/bin/../lib/gcc/arm-none-eabi/13.2.1/thumb/v8-m.main+fp/hard\libg_nano.a(libc_a-fflush.o)
                              ./dshanmcu_ra6m5/applications/app_uart_test.o (fflush)
C:/Renesas/RA/e2studio_v2026-04.2_fsp_v6.5.0/toolchains/gcc_arm/13.2.rel1/bin/../lib/gcc/arm-none-eabi/13.2.1/thumb/v8-m.main+fp/hard\libg_nano.a(libc_a-findfp.o)
                              C:/Renesas/RA/e2studio_v2026-04.2_fsp_v6.5.0/toolchains/gcc_arm/13.2.rel1/bin/../lib/gcc/arm-none-eabi/13.2.1/thumb/v8-m.main+fp/hard\libg_nano.a(libc_a-fflush.o) (__sglue)
C:/Renesas/RA/e2studio_v2026-04.2_fsp_v6.5.0/toolchains/gcc_arm/13.2.rel1/bin/../lib/gcc/arm-none-eabi/13.2.1/thumb/v8-m.main+fp/hard\libg_nano.a(libc_a-fwalk.o)
                              C:/Renesas/RA/e2studio_v2026-04.2_fsp_v6.5.0/toolchains/gcc_arm/13.2.rel1/bin/../lib/gcc/arm-none-eabi/13.2.1/thumb/v8-m.main+fp/hard\libg_nano.a(libc_a-fflush.o) (_fwalk_sglue)
C:/Renesas/RA/e2studio_v2026-04.2_fsp_v6.5.0/toolchains/gcc_arm/13.2.rel1/bin/../lib/gcc/arm-none-eabi/13.2.1/thumb/v8-m.main+fp/hard\libg_nano.a(libc_a-printf.o)
                              ./src/hal_entry.o (printf)
C:/Renesas/RA/e2studio_v2026-04.2_fsp_v6.5.0/toolchains/gcc_arm/13.2.rel1/bin/../lib/gcc/arm-none-eabi/13.2.1/thumb/v8-m.main+fp/hard\libg_nano.a(libc_a-puts.o)
                              ./src/hal_entry.o (puts)
C:/Renesas/RA/e2studio_v2026-04.2_fsp_v6.5.0/toolchains/gcc_arm/13.2.rel1/bin/../lib/gcc/arm-none-eabi/13.2.1/thumb/v8-m.main+fp/hard\libg_nano.a(libc_a-scanf.o)
                              ./dshanmcu_ra6m5/applications/app_uart_test.o (scanf)
C:/Renesas/RA/e2studio_v2026-04.2_fsp_v6.5.0/toolchains/gcc_arm/13.2.rel1/bin/../lib/gcc/arm-none-eabi/13.2.1/thumb/v8-m.main+fp/hard\libg_nano.a(libc_a-snprintf.o)
                              ./src/hal_entry.o (snprintf)
C:/Renesas/RA/e2studio_v2026-04.2_fsp_v6.5.0/toolchains/gcc_arm/13.2.rel1/bin/../lib/gcc/arm-none-eabi/13.2.1/thumb/v8-m.main+fp/hard\libg_nano.a(libc_a-stdio.o)
                              C:/Renesas/RA/e2studio_v2026-04.2_fsp_v6.5.0/toolchains/gcc_arm/13.2.rel1/bin/../lib/gcc/arm-none-eabi/13.2.1/thumb/v8-m.main+fp/hard\libg_nano.a(libc_a-findfp.o) (__sread)
C:/Renesas/RA/e2studio_v2026-04.2_fsp_v6.5.0/toolchains/gcc_arm/13.2.rel1/bin/../lib/gcc/arm-none-eabi/13.2.1/thumb/v8-m.main+fp/hard\libg_nano.a(libc_a-wbuf.o)
[...]
Memory Configuration

Name             Origin             Length             Attributes
RAM              0x20000000         0x00080000         xrw
FLASH            0x00000000         0x00100000         xr
DATA_FLASH       0x08000000         0x00002000         xr
QSPI_FLASH       0x60000000         0x04000000         xr
OSPI0_CS0        0x68000000         0x08000000         xrw
OSPI0_CS1        0x70000000         0x10000000         xr
OPTION_SETTING_OFS0 0x0100a100         0x00000004         r
OPTION_SETTING_DUALSEL 0x0100a110         0x00000004         r
OPTION_SETTING_OFS1 0x0100a180         0x00000004         r
OPTION_SETTING_BANKSEL 0x0100a190         0x00000004         r
OPTION_SETTING_BPS 0x0100a1c0         0x00000010         r
OPTION_SETTING_PBPS 0x0100a1e0         0x00000010         r
OPTION_SETTING_OFS1_SEC 0x0100a200         0x00000004         r
OPTION_SETTING_BANKSEL_SEC 0x0100a210         0x00000004         r
OPTION_SETTING_BPS_SEC 0x0100a240         0x00000010         r
OPTION_SETTING_PBPS_SEC 0x0100a260         0x00000010         r
OPTION_SETTING_OFS1_SEL 0x0100a280         0x00000004         r
OPTION_SETTING_BANKSEL_SEL 0x0100a290         0x00000004         r
OPTION_SETTING_BPS_SEL 0x0100a2c0         0x00000010         r
*default*        0x00000000         0xffffffff

Linker script and memory map

LOAD C:/Renesas/RA/e2studio_v2026-04.2_fsp_v6.5.0/toolchains/gcc_arm/13.2.rel1/bin/../lib/gcc/arm-none-eabi/13.2.1/thumb/v8-m.main+fp/hard/crti.o
LOAD C:/Renesas/RA/e2studio_v2026-04.2_fsp_v6.5.0/toolchains/gcc_arm/13.2.rel1/bin/../lib/gcc/arm-none-eabi/13.2.1/thumb/v8-m.main+fp/hard/crtbegin.o
LOAD C:/Renesas/RA/e2studio_v2026-04.2_fsp_v6.5.0/toolchains/gcc_arm/13.2.rel1/bin/../lib/gcc/arm-none-eabi/13.2.1/thumb/v8-m.main+fp/hard/crt0.o
START GROUP
LOAD ./src/hal_entry.o
LOAD ./ra_gen/common_data.o
LOAD ./ra_gen/hal_data.o
LOAD ./ra_gen/main.o
LOAD ./ra_gen/pin_data.o
LOAD ./ra_gen/vector_data.o
LOAD ./ra/fsp/src/r_sci_uart/r_sci_uart.o
LOAD ./ra/fsp/src/r_ioport/r_ioport.o
LOAD ./ra/fsp/src/r_iic_master/r_iic_master.o
LOAD ./ra/fsp/src/r_gpt/r_gpt.o
LOAD ./ra/fsp/src/r_flash_hp/r_flash_hp.o
LOAD ./ra/fsp/src/bsp/mcu/ra6m5/bsp_linker.o
LOAD ./ra/fsp/src/bsp/mcu/all/bsp_clocks.o
LOAD ./ra/fsp/src/bsp/mcu/all/bsp_common.o
LOAD ./ra/fsp/src/bsp/mcu/all/bsp_delay.o
LOAD ./ra/fsp/src/bsp/mcu/all/bsp_group_irq.o
LOAD ./ra/fsp/src/bsp/mcu/all/bsp_guard.o
LOAD ./ra/fsp/src/bsp/mcu/all/bsp_io.o
LOAD ./ra/fsp/src/bsp/mcu/all/bsp_ipc.o
LOAD ./ra/fsp/src/bsp/mcu/all/bsp_irq.o
LOAD ./ra/fsp/src/bsp/mcu/all/bsp_macl.o
LOAD ./ra/fsp/src/bsp/mcu/all/bsp_ospi_b.o
LOAD ./ra/fsp/src/bsp/mcu/all/bsp_register_protection.o
LOAD ./ra/fsp/src/bsp/mcu/all/bsp_sbrk.o
LOAD ./ra/fsp/src/bsp/mcu/all/bsp_sdram.o
LOAD ./ra/fsp/src/bsp/mcu/all/bsp_security.o
LOAD ./ra/fsp/src/bsp/cmsis/Device/RENESAS/Source/startup.o
LOAD ./ra/fsp/src/bsp/cmsis/Device/RENESAS/Source/system.o
LOAD ./dshanmcu_ra6m5/drivers/Flash.o
LOAD ./dshanmcu_ra6m5/drivers/SensorMPU6050.o
LOAD ./dshanmcu_ra6m5/drivers/Servor.o
LOAD ./dshanmcu_ra6m5/drivers/VoiceControl.o
LOAD ./dshanmcu_ra6m5/drivers/Wifi.o
LOAD ./dshanmcu_ra6m5/drivers/drv_uart.o
LOAD ./dshanmcu_ra6m5/applications/app_uart_test.o
END GROUP
START GROUP
LOAD C:/Renesas/RA/e2studio_v2026-04.2_fsp_v6.5.0/toolchains/gcc_arm/13.2.rel1/bin/../lib/gcc/arm-none-eabi/13.2.1/thumb/v8-m.main+fp/hard\libgcc.a
LOAD C:/Renesas/RA/e2studio_v2026-04.2_fsp_v6.5.0/toolchains/gcc_arm/13.2.rel1/bin/../lib/gcc/arm-none-eabi/13.2.1/thumb/v8-m.main+fp/hard\libg_nano.a
LOAD C:/Renesas/RA/e2studio_v2026-04.2_fsp_v6.5.0/toolchains/gcc_arm/13.2.rel1/bin/../lib/gcc/arm-none-eabi/13.2.1/thumb/v8-m.main+fp/hard\libc_nano.a
END GROUP
START GROUP
LOAD C:/Renesas/RA/e2studio_v2026-04.2_fsp_v6.5.0/toolchains/gcc_arm/13.2.rel1/bin/../lib/gcc/arm-none-eabi/13.2.1/thumb/v8-m.main+fp/hard\libgcc.a
LOAD C:/Renesas/RA/e2studio_v2026-04.2_fsp_v6.5.0/toolchains/gcc_arm/13.2.rel1/bin/../lib/gcc/arm-none-eabi/13.2.1/thumb/v8-m.main+fp/hard\libc_nano.a
END GROUP
LOAD C:/Renesas/RA/e2studio_v2026-04.2_fsp_v6.5.0/toolchains/gcc_arm/13.2.rel1/bin/../lib/gcc/arm-none-eabi/13.2.1/thumb/v8-m.main+fp/hard/crtend.o
LOAD C:/Renesas/RA/e2studio_v2026-04.2_fsp_v6.5.0/toolchains/gcc_arm/13.2.rel1/bin/../lib/gcc/arm-none-eabi/13.2.1/thumb/v8-m.main+fp/hard/crtn.o
                0x20000000                        RAM_START = 0x20000000
                0x00080000                        RAM_LENGTH = 0x80000
                0x00000000                        FLASH_START = 0x0
                0x00100000                        FLASH_LENGTH = 0x100000
                0x08000000                        DATA_FLASH_START = 0x8000000
                0x00002000                        DATA_FLASH_LENGTH = 0x2000
                0x60000000                        QSPI_FLASH_START = 0x60000000
                0x04000000                        QSPI_FLASH_LENGTH = 0x4000000
                0x68000000                        OSPI0_CS0_START = 0x68000000
                0x08000000                        OSPI0_CS0_LENGTH = 0x8000000
                0x70000000                        OSPI0_CS1_START = 0x70000000
                0x10000000                        OSPI0_CS1_LENGTH = 0x10000000
                0x0100a100                        OPTION_SETTING_OFS0_START = 0x100a100
                0x00000004                        OPTION_SETTING_OFS0_LENGTH = 0x4
                0x0100a110                        OPTION_SETTING_DUALSEL_START = 0x100a110
                0x00000004                        OPTION_SETTING_DUALSEL_LENGTH = 0x4
                0x0100a180                        OPTION_SETTING_OFS1_START = 0x100a180
                0x00000004                        OPTION_SETTING_OFS1_LENGTH = 0x4
                0x0100a190                        OPTION_SETTING_BANKSEL_START = 0x100a190
                0x00000004                        OPTION_SETTING_BANKSEL_LENGTH = 0x4
                0x0100a1c0                        OPTION_SETTING_BPS_START = 0x100a1c0
                0x00000010                        OPTION_SETTING_BPS_LENGTH = 0x10
                0x0100a1e0                        OPTION_SETTING_PBPS_START = 0x100a1e0
                0x00000010                        OPTION_SETTING_PBPS_LENGTH = 0x10
                0x0100a200                        OPTION_SETTING_OFS1_SEC_START = 0x100a200
                0x00000004                        OPTION_SETTING_OFS1_SEC_LENGTH = 0x4
                0x0100a210                        OPTION_SETTING_BANKSEL_SEC_START = 0x100a210
                0x00000004                        OPTION_SETTING_BANKSEL_SEC_LENGTH = 0x4
                0x0100a240                        OPTION_SETTING_BPS_SEC_START = 0x100a240
                0x00000010                        OPTION_SETTING_BPS_SEC_LENGTH = 0x10
                0x0100a260                        OPTION_SETTING_PBPS_SEC_START = 0x100a260
                0x00000010                        OPTION_SETTING_PBPS_SEC_LENGTH = 0x10
                0x0100a280                        OPTION_SETTING_OFS1_SEL_START = 0x100a280
                0x00000004                        OPTION_SETTING_OFS1_SEL_LENGTH = 0x4
                0x0100a290                        OPTION_SETTING_BANKSEL_SEL_START = 0x100a290
                0x00000004                        OPTION_SETTING_BANKSEL_SEL_LENGTH = 0x4
                0x0100a2c0                        OPTION_SETTING_BPS_SEL_START = 0x100a2c0
                0x00000010                        OPTION_SETTING_BPS_SEL_LENGTH = 0x10
START GROUP
LOAD C:/Renesas/RA/e2studio_v2026-04.2_fsp_v6.5.0/toolchains/gcc_arm/13.2.rel1/bin/../lib/gcc/arm-none-eabi/13.2.1/thumb/v8-m.main+fp/hard\libgcc.a
LOAD C:/Renesas/RA/e2studio_v2026-04.2_fsp_v6.5.0/toolchains/gcc_arm/13.2.rel1/bin/../lib/gcc/arm-none-eabi/13.2.1/thumb/v8-m.main+fp/hard\libc.a
LOAD C:/Renesas/RA/e2studio_v2026-04.2_fsp_v6.5.0/toolchains/gcc_arm/13.2.rel1/bin/../lib/gcc/arm-none-eabi/13.2.1/thumb/v8-m.main+fp/hard\libm.a
END GROUP

.qspi_flash.startof
                0x60000000        0x0
                0x60000000                        __ddsc_QSPI_FLASH_START = .

.ospi0_cs0.startof
                0x68000000        0x0
                0x68000000                        __ddsc_OSPI0_CS0_START = .

__ospi0_cs0_from_qspi_flash$$
                0x68000000        0x0 load address 0x60000000
                0x68000000                        __ospi0_cs0_from_qspi_flash$$Base = .
                0x60000000                        __ospi0_cs0_from_qspi_flash$$Load = LOADADDR (__ospi0_cs0_from_qspi_flash$$)
 *(.ospi0_cs0_from_qspi_flash)
 *(.ospi0_cs0_code_from_qspi_flash)
                0x68000000                        __ospi0_cs0_from_qspi_flash$$Limit = .

.ram.startof    0x20000000        0x0
                0x20000000                        __ddsc_RAM_START = .

__ram_dtc_vector$$
                0x20000000        0x0
                0x20000000                        __ram_dtc_vector$$Base = .
 *(.fsp_dtc_vector_table)
                0x20000000                        __ram_dtc_vector$$Limit = .

__ram_from_qspi_flash$$
                0x20000000        0x0 load address 0x60000000
                0x20000000                        __ram_from_qspi_flash$$Base = .
                0x60000000                        __ram_from_qspi_flash$$Load = LOADADDR (__ram_from_qspi_flash$$)
 *(.ram_from_qspi_flash)
 *(.ram_code_from_qspi_flash)
                0x20000000                        __ram_from_qspi_flash$$Limit = .

__qspi_flash_readonly$$
                0x60000000        0x0
                0x60000000                        __qspi_flash_readonly$$Base = .
 *(.qspi_flash)
 *(.qspi_flash_code)
                0x60000000                        __qspi_flash_readonly$$Limit = .

__qspi_flash_noinit$$
                0x60000000        0x0
                0x60000000                        __qspi_flash_noinit$$Base = .
 *(.qspi_flash_noinit)
                0x60000000                        __qspi_flash_noinit$$Limit = .

.qspi_flash.endof
                0x60000000        0x0
                0x60000000                        __ddsc_QSPI_FLASH_END = .

.ospi0_cs1.startof
                0x70000000        0x0
                0x70000000                        __ddsc_OSPI0_CS1_START = .

__ospi0_cs0_from_ospi0_cs1$$
                0x68000000        0x0 load address 0x70000000
                0x68000000                        __ospi0_cs0_from_ospi0_cs1$$Base = .
                0x70000000                        __ospi0_cs0_from_ospi0_cs1$$Load = LOADADDR (__ospi0_cs0_from_ospi0_cs1$$)
 *(.ospi0_cs0_from_ospi0_cs1)
 *(.ospi0_cs0_code_from_ospi0_cs1)
                0x68000000                        __ospi0_cs0_from_ospi0_cs1$$Limit = .

__ram_from_ospi0_cs1$$
                0x20000000        0x0 load address 0x70000000
                0x20000000                        __ram_from_ospi0_cs1$$Base = .
                0x70000000                        __ram_from_ospi0_cs1$$Load = LOADADDR (__ram_from_ospi0_cs1$$)
 *(.ram_from_ospi0_cs1)
 *(.ram_code_from_ospi0_cs1)
                0x20000000                        __ram_from_ospi0_cs1$$Limit = .

__ospi0_cs1_readonly$$
                0x70000000        0x0
                0x70000000                        __ospi0_cs1_readonly$$Base = .
 *(.ospi0_cs1)
 *(.ospi0_cs1_code)
                0x70000000                        __ospi0_cs1_readonly$$Limit = .

__ospi0_cs1_noinit$$
                0x70000000        0x0
                0x70000000                        __ospi0_cs1_noinit$$Base = .
 *(.ospi0_cs1_noinit)
                0x70000000                        __ospi0_cs1_noinit$$Limit = .

.ospi0_cs1.endof
                0x70000000        0x0
                0x70000000                        __ddsc_OSPI0_CS1_END = .

.data_flash.startof
                0x08000000        0x0
                0x08000000                        __ddsc_DATA_FLASH_START = .

__ospi0_cs0_from_data_flash$$
                0x68000000        0x0 load address 0x08000000
                0x68000000                        __ospi0_cs0_from_data_flash$$Base = .
                0x08000000                        __ospi0_cs0_from_data_flash$$Load = LOADADDR (__ospi0_cs0_from_data_flash$$)
 *(.ospi0_cs0_from_data_flash)
 *(.ospi0_cs0_code_from_data_flash)
                0x68000000                        __ospi0_cs0_from_data_flash$$Limit = .

__ram_from_data_flash$$
                0x20000000        0x0 load address 0x08000000
                0x20000000                        __ram_from_data_flash$$Base = .
                0x08000000                        __ram_from_data_flash$$Load = LOADADDR (__ram_from_data_flash$$)
 *(.ram_from_data_flash)
 *(.ram_code_from_data_flash)
                0x20000000                        __ram_from_data_flash$$Limit = .

__data_flash_readonly$$
                0x08000000        0x0
                0x08000000                        __data_flash_readonly$$Base = .
 *(.data_flash)
 *(.data_flash_code)
                0x08000000                        __data_flash_readonly$$Limit = .

__data_flash_noinit$$
                0x08000000        0x0
                0x08000000                        __data_flash_noinit$$Base = .
 *(.data_flash_noinit)
                0x08000000                        __data_flash_noinit$$Limit = .

.data_flash.endof
                0x08000000        0x0
                0x08000000                        __ddsc_DATA_FLASH_END = .

.flash.startof  0x00000000        0x0
                0x00000000                        __ddsc_FLASH_START = .

__flash_vectors$$
                0x00000000       0x80
                0x00000000                        __flash_vectors$$Base = .
                0x00000000                        _VECTORS = .
 *(.fixed_vectors)
 .fixed_vectors
                0x00000000       0x40 ./ra/fsp/src/bsp/cmsis/Device/RENESAS/Source/startup.o
                0x00000000                __Vectors
 *(.application_vectors)
 .application_vectors
                0x00000040       0x40 ./ra_gen/vector_data.o
                0x00000040                g_vector_table
                0x00000080                        __flash_vectors$$Limit = .

__flash_noinit$$
                0x00000080        0x0
                0x00000080                        __flash_noinit$$Base = .
 *(.flash_noinit)
                0x00000080                        __flash_noinit$$Limit = .

__ospi0_cs0_from_flash$$
                0x68000000        0x0 load address 0x00000080
                0x68000000                        __ospi0_cs0_from_flash$$Base = .
                0x00000080                        __ospi0_cs0_from_flash$$Load = LOADADDR (__ospi0_cs0_from_flash$$)
 *(.ospi0_cs0_from_flash)
 *(.ospi0_cs0_code_from_flash)
                0x68000000                        __ospi0_cs0_from_flash$$Limit = .

__ospi0_cs0_noinit_nocache$$
                0x68000000        0x0 load address 0x00000080
                0x68000000                        __ospi0_cs0_noinit_nocache$$Base = .
 *(.ospi0_cs0_noinit_nocache)
                0x68000000                        __ospi0_cs0_noinit_nocache$$Limit = .

__ospi0_cs0_zero_nocache$$
                0x68000000        0x0 load address 0x00000080
                0x68000000                        __ospi0_cs0_zero_nocache$$Base = .
 *(.ospi0_cs0_nocache)
                0x68000000                        . = ALIGN (0x20)
                0x68000000                        __ospi0_cs0_zero_nocache$$Limit = .

__ospi0_cs0_noinit$$
                0x68000000        0x0 load address 0x00000080
                0x68000000                        __ospi0_cs0_noinit$$Base = .
 *(.ospi0_cs0_noinit)
                0x68000000                        __ospi0_cs0_noinit$$Limit = .

__ospi0_cs0_zero$$
                0x68000000        0x0 load address 0x00000080
                0x68000000                        __ospi0_cs0_zero$$Base = .
 *(.ospi0_cs0)
                0x68000000                        __ospi0_cs0_zero$$Limit = .

.ospi0_cs0.endof
                0x68000000        0x0
                0x68000000                        __ddsc_OSPI0_CS0_END = .

__ram_from_flash$$
                0x20000000       0x80 load address 0x00000080
                0x20000000                        __ram_from_flash$$Base = .
                0x00000080                        __ram_from_flash$$Load = LOADADDR (__ram_from_flash$$)
 *(.ram_from_flash)
 *(.ram_code_from_flash)
 *(.data*)
 .data.g_uart7_baud_setting
                0x20000000        0x4 ./ra_gen/hal_data.o
                0x20000000                g_uart7_baud_setting
 .data.g_uart2_baud_setting
                0x20000004        0x4 ./ra_gen/hal_data.o
                0x20000004                g_uart2_baud_setting
 .data.g_uart6_baud_setting
                0x20000008        0x4 ./ra_gen/hal_data.o
                0x20000008                g_uart6_baud_setting
 .data.g_servo_e_deg
                0x2000000c        0x4 ./dshanmcu_ra6m5/drivers/Servor.o
 .data.g_servo_d_deg
                0x20000010        0x4 ./dshanmcu_ra6m5/drivers/Servor.o
 .data.g_servo_c_deg
                0x20000014        0x4 ./dshanmcu_ra6m5/drivers/Servor.o
 .data.g_servo_b_deg
                0x20000018        0x4 ./dshanmcu_ra6m5/drivers/Servor.o
 .data.g_servo_a_deg
                0x2000001c        0x4 ./dshanmcu_ra6m5/drivers/Servor.o
 .data.current_servo_angle
                0x20000020        0x4 ./dshanmcu_ra6m5/drivers/Servor.o
 .data.__sglue  0x20000024        0xc C:/Renesas/RA/e2studio_v2026-04.2_fsp_v6.5.0/toolchains/gcc_arm/13.2.rel1/bin/../lib/gcc/arm-none-eabi/13.2.1/thumb/v8-m.main+fp/hard\libg_nano.a(libc_a-findfp.o)
                0x20000024                __sglue
 .data._impure_ptr
                0x20000030        0x4 C:/Renesas/RA/e2studio_v2026-04.2_fsp_v6.5.0/toolchains/gcc_arm/13.2.rel1/bin/../lib/gcc/arm-none-eabi/13.2.1/thumb/v8-m.main+fp/hard\libg_nano.a(libc_a-impure.o)
                0x20000030                _impure_ptr
 .data._impure_data
                0x20000034       0x4c C:/Renesas/RA/e2studio_v2026-04.2_fsp_v6.5.0/toolchains/gcc_arm/13.2.rel1/bin/../lib/gcc/arm-none-eabi/13.2.1/thumb/v8-m.main+fp/hard\libg_nano.a(libc_a-impure.o)
                0x20000034                _impure_data
 *(vtable)
                0x20000080                        __ram_from_flash$$Limit = .

.tm_clone_table
                0x20000080        0x0 load address 0x00000100
 .tm_clone_table
                0x20000080        0x0 C:/Renesas/RA/e2studio_v2026-04.2_fsp_v6.5.0/toolchains/gcc_arm/13.2.rel1/bin/../lib/gcc/arm-none-eabi/13.2.1/thumb/v8-m.main+fp/hard/crtbegin.o
 .tm_clone_table
                0x20000080        0x0 C:/Renesas/RA/e2studio_v2026-04.2_fsp_v6.5.0/toolchains/gcc_arm/13.2.rel1/bin/../lib/gcc/arm-none-eabi/13.2.1/thumb/v8-m.main+fp/hard/crtend.o

.igot.plt       0x20000080        0x0 load address 0x00000100
 .igot.plt      0x20000080        0x0 C:/Renesas/RA/e2studio_v2026-04.2_fsp_v6.5.0/toolchains/gcc_arm/13.2.rel1/bin/../lib/gcc/arm-none-eabi/13.2.1/thumb/v8-m.main+fp/hard/crtbegin.o

__ram_noinit_nocache$$
                0x20000080        0x0 load address 0x00000100
                0x20000080                        __ram_noinit_nocache$$Base = .
 *(.ram_noinit_nocache)
                0x20000080                        __ram_noinit_nocache$$Limit = .

__ram_zero_nocache$$
                0x20000080        0x0 load address 0x00000100
                0x20000080                        __ram_zero_nocache$$Base = .
 *(.bss.*_fsp_nocache)
 *(.ram_nocache)
                0x20000080                        . = ALIGN (0x20)
                0x20000080                        __ram_zero_nocache$$Limit = .

__ram_noinit$$  0x20000080     0x301c load address 0x00000100
                0x20000080                        __ram_noinit$$Base = .
 *(.bss.g_heap)
 .bss.g_heap    0x20000080     0x2000 ./ra/fsp/src/bsp/cmsis/Device/RENESAS/Source/startup.o
                0x20000080                g_heap
 *(.bss.g_main_stack)
 .bss.g_main_stack
                0x20002080     0x1000 ./ra/fsp/src/bsp/cmsis/Device/RENESAS/Source/startup.o
                0x20002080                g_main_stack
 *(.ram_noinit)
 .ram_noinit    0x20003080       0x1c ./ra/fsp/src/bsp/mcu/all/bsp_clocks.o
 *(.noinit)
                0x2000309c                        __ram_noinit$$Limit = .

__ram_zero$$    0x2000309c      0xba4 load address 0x00000100
                0x2000309c                        __ram_zero$$Base = .
 *(.ram)
 *(.bss*)
 .bss.completed.1
                0x2000309c        0x1 C:/Renesas/RA/e2studio_v2026-04.2_fsp_v6.5.0/toolchains/gcc_arm/13.2.rel1/bin/../lib/gcc/arm-none-eabi/13.2.1/thumb/v8-m.main+fp/hard/crtbegin.o
 *fill*         0x2000309d        0x3 
 .bss.object.0  0x200030a0       0x18 C:/Renesas/RA/e2studio_v2026-04.2_fsp_v6.5.0/toolchains/gcc_arm/13.2.rel1/bin/../lib/gcc/arm-none-eabi/13.2.1/thumb/v8-m.main+fp/hard/crtbegin.o
 .bss.http_acc.1
                0x200030b8      0x200 ./src/hal_entry.o
 .bss.http_acc_len.2
                0x200032b8        0x4 ./src/hal_entry.o
 .bss.g_control_mode
                0x200032bc        0x1 ./src/hal_entry.o
 *fill*         0x200032bd        0x3 
 .bss.g_ioport_ctrl
                0x200032c0        0x8 ./ra_gen/common_data.o
                0x200032c0                g_ioport_ctrl
 .bss.g_uart7_ctrl
                0x200032c8       0x30 ./ra_gen/hal_data.o
                0x200032c8                g_uart7_ctrl
 .bss.g_timer0_ctrl
                0x200032f8       0x20 ./ra_gen/hal_data.o
                0x200032f8                g_timer0_ctrl
 .bss.g_uart2_ctrl
                0x20003318       0x30 ./ra_gen/hal_data.o
                0x20003318                g_uart2_ctrl
 .bss.g_i2c_master0_ctrl
                0x20003348       0x40 ./ra_gen/hal_data.o
                0x20003348                g_i2c_master0_ctrl
 .bss.g_timer1_ctrl
                0x20003388       0x20 ./ra_gen/hal_data.o
                0x20003388                g_timer1_ctrl
 .bss.g_timer2_ctrl
                0x200033a8       0x20 ./ra_gen/hal_data.o
                0x200033a8                g_timer2_ctrl
 .bss.g_flash0_ctrl
                0x200033c8       0x4c ./ra_gen/hal_data.o
                0x200033c8                g_flash0_ctrl
 .bss.g_uart6_ctrl
                0x20003414       0x30 ./ra_gen/hal_data.o
                0x20003414                g_uart6_ctrl
 .bss.g_bsp_group_irq_sources
                0x20003444       0x40 ./ra/fsp/src/bsp/mcu/all/bsp_group_irq.o
                0x20003444                g_bsp_group_irq_sources
 .bss.g_protect_pfswe_counter
                0x20003484        0x4 ./ra/fsp/src/bsp/mcu/all/bsp_io.o
                0x20003484                g_protect_pfswe_counter
 .bss.gp_renesas_isr_context
                0x20003488       0x40 ./ra/fsp/src/bsp/mcu/all/bsp_irq.o
                0x20003488                gp_renesas_isr_context
 .bss.g_protect_counters
                0x200034c8        0xa ./ra/fsp/src/bsp/mcu/all/bsp_register_protection.o
                0x200034c8                g_protect_counters
 *fill*         0x200034d2        0x2 
 .bss.current_block_offset.0
                0x200034d4        0x4 ./ra/fsp/src/bsp/mcu/all/bsp_sbrk.o
 .bss.SystemCoreClock
                0x200034d8        0x4 ./ra/fsp/src/bsp/cmsis/Device/RENESAS/Source/system.o
                0x200034d8                SystemCoreClock
 .bss.g_mpu_i2c_event
                0x200034dc        0x1 ./dshanmcu_ra6m5/drivers/SensorMPU6050.o
 .bss.g_emergency_stop
                0x200034dd        0x1 ./dshanmcu_ra6m5/drivers/Servor.o
 *fill*         0x200034de        0x2 
 .bss.servo_period
                0x200034e0        0x4 ./dshanmcu_ra6m5/drivers/Servor.o
 .bss.s_prev.0  0x200034e4        0x1 ./dshanmcu_ra6m5/drivers/VoiceControl.o
 .bss.g_voice_wireless_control
                0x200034e5        0x1 ./dshanmcu_ra6m5/drivers/VoiceControl.o
 .bss.g_voice_mem_play_pending
                0x200034e6        0x1 ./dshanmcu_ra6m5/drivers/VoiceControl.o
 .bss.g_voice_mem_end_pending
                0x200034e7        0x1 ./dshanmcu_ra6m5/drivers/VoiceControl.o
 .bss.g_voice_mem_start_pending
                0x200034e8        0x1 ./dshanmcu_ra6m5/drivers/VoiceControl.o
 .bss.g_voice_mem_play
                0x200034e9        0x1 ./dshanmcu_ra6m5/drivers/VoiceControl.o
 .bss.g_voice_mem_record
                0x200034ea        0x1 ./dshanmcu_ra6m5/drivers/VoiceControl.o
 .bss.g_voice_extend_step_pending
                0x200034eb        0x1 ./dshanmcu_ra6m5/drivers/VoiceControl.o
 .bss.g_voice_extend_mode
                0x200034ec        0x1 ./dshanmcu_ra6m5/drivers/VoiceControl.o
 *fill*         0x200034ed        0x1 
 .bss.g_uart2_rb_tail
                0x200034ee        0x2 ./dshanmcu_ra6m5/drivers/VoiceControl.o
 .bss.g_uart2_rb_head
                0x200034f0        0x2 ./dshanmcu_ra6m5/drivers/VoiceControl.o
 *fill*         0x200034f2        0x2 
 .bss.g_uart2_rb
                0x200034f4       0x40 ./dshanmcu_ra6m5/drivers/VoiceControl.o
 .bss.g_uart2_rx_byte
                0x20003534        0x1 ./dshanmcu_ra6m5/drivers/VoiceControl.o
                0x20003534                g_uart2_rx_byte
 .bss.uart_recv_len
                0x20003535        0x1 ./dshanmcu_ra6m5/drivers/VoiceControl.o
                0x20003535                uart_recv_len
 *fill*         0x20003536        0x2 
 .bss.uart_recv_buf
                0x20003538       0x20 ./dshanmcu_ra6m5/drivers/VoiceControl.o
                0x20003538                uart_recv_buf
 .bss.g_w800_cmd_buf
                0x20003558       0x80 ./dshanmcu_ra6m5/drivers/Wifi.o
 .bss.g_w800_line_buf
                0x200035d8      0x100 ./dshanmcu_ra6m5/drivers/Wifi.o
 .bss.g_uart6_rx_byte
                0x200036d8        0x1 ./dshanmcu_ra6m5/drivers/Wifi.o
 .bss.g_uart6_tx_done
                0x200036d9        0x1 ./dshanmcu_ra6m5/drivers/Wifi.o
 .bss.g_uart6_opened
                0x200036da        0x1 ./dshanmcu_ra6m5/drivers/Wifi.o
 *fill*         0x200036db        0x1 
 .bss.g_uart6_rb
                0x200036dc       0x10 ./dshanmcu_ra6m5/drivers/Wifi.o
 .bss.g_uart6_rb_storage
                0x200036ec      0x400 ./dshanmcu_ra6m5/drivers/Wifi.o
 .bss.g_uart7_rx_complete
                0x20003aec        0x4 ./dshanmcu_ra6m5/drivers/drv_uart.o
 .bss.g_uart7_tx_complete
                0x20003af0        0x4 ./dshanmcu_ra6m5/drivers/drv_uart.o
 .bss.__sf      0x20003af4      0x138 C:/Renesas/RA/e2studio_v2026-04.2_fsp_v6.5.0/toolchains/gcc_arm/13.2.rel1/bin/../lib/gcc/arm-none-eabi/13.2.1/thumb/v8-m.main+fp/hard\libg_nano.a(libc_a-findfp.o)
                0x20003af4                __sf
 .bss.__stdio_exit_handler
                0x20003c2c        0x4 C:/Renesas/RA/e2studio_v2026-04.2_fsp_v6.5.0/toolchains/gcc_arm/13.2.rel1/bin/../lib/gcc/arm-none-eabi/13.2.1/thumb/v8-m.main+fp/hard\libg_nano.a(libc_a-findfp.o)
                0x20003c2c                __stdio_exit_handler
 .bss.errno     0x20003c30        0x4 C:/Renesas/RA/e2studio_v2026-04.2_fsp_v6.5.0/toolchains/gcc_arm/13.2.rel1/bin/../lib/gcc/arm-none-eabi/13.2.1/thumb/v8-m.main+fp/hard\libg_nano.a(libc_a-reent.o)
                0x20003c30                errno
 .bss.__lock___malloc_recursive_mutex
                0x20003c34        0x1 C:/Renesas/RA/e2studio_v2026-04.2_fsp_v6.5.0/toolchains/gcc_arm/13.2.rel1/bin/../lib/gcc/arm-none-eabi/13.2.1/thumb/v8-m.main+fp/hard\libg_nano.a(libc_a-lock.o)
                0x20003c34                __lock___malloc_recursive_mutex
 .bss.__lock___sfp_recursive_mutex
                0x20003c35        0x1 C:/Renesas/RA/e2studio_v2026-04.2_fsp_v6.5.0/toolchains/gcc_arm/13.2.rel1/bin/../lib/gcc/arm-none-eabi/13.2.1/thumb/v8-m.main+fp/hard\libg_nano.a(libc_a-lock.o)
                0x20003c35                __lock___sfp_recursive_mutex
 *fill*         0x20003c36        0x2 
 .bss.__malloc_sbrk_start
                0x20003c38        0x4 C:/Renesas/RA/e2studio_v2026-04.2_fsp_v6.5.0/toolchains/gcc_arm/13.2.rel1/bin/../lib/gcc/arm-none-eabi/13.2.1/thumb/v8-m.main+fp/hard\libg_nano.a(libc_a-mallocr.o)
                0x20003c38                __malloc_sbrk_start
 .bss.__malloc_free_list
                0x20003c3c        0x4 C:/Renesas/RA/e2studio_v2026-04.2_fsp_v6.5.0/toolchains/gcc_arm/13.2.rel1/bin/../lib/gcc/arm-none-eabi/13.2.1/thumb/v8-m.main+fp/hard\libg_nano.a(libc_a-mallocr.o)
                0x20003c3c                __malloc_free_list
                0x20003c40                        __ram_zero$$Limit = .

__ram_thread_stack$$
                0x20003c40        0x0 load address 0x00000100
                0x20003c40                        __ram_thread_stack$$Base = .
 *(.stack?*)
                0x20003c40                        __ram_thread_stack$$Limit = .

.ram.endof      0x20004000        0x0
                0x20004000                        __ddsc_RAM_END = .

.ram.flat_nsc   0x20004000        0x0
                0x20004000                        __ddsc_RAM_NSC = .

__flash_readonly$$
                0x00000100     0x7c84
                0x00000100                        __flash_readonly$$Base = .
 *(.flash)
 *(.flash_code)
 *(.text*)
 .text.deregister_tm_clones
                0x00000100       0x1c C:/Renesas/RA/e2studio_v2026-04.2_fsp_v6.5.0/toolchains/gcc_arm/13.2.rel1/bin/../lib/gcc/arm-none-eabi/13.2.1/thumb/v8-m.main+fp/hard/crtbegin.o
 .text.register_tm_clones
                0x0000011c       0x28 C:/Renesas/RA/e2studio_v2026-04.2_fsp_v6.5.0/toolchains/gcc_arm/13.2.rel1/bin/../lib/gcc/arm-none-eabi/13.2.1/thumb/v8-m.main+fp/hard/crtbegin.o
 .text.__do_global_dtors_aux
                0x00000144       0x28 C:/Renesas/RA/e2studio_v2026-04.2_fsp_v6.5.0/toolchains/gcc_arm/13.2.rel1/bin/../lib/gcc/arm-none-eabi/13.2.1/thumb/v8-m.main+fp/hard/crtbegin.o
 .text.frame_dummy
                0x0000016c       0x24 C:/Renesas/RA/e2studio_v2026-04.2_fsp_v6.5.0/toolchains/gcc_arm/13.2.rel1/bin/../lib/gcc/arm-none-eabi/13.2.1/thumb/v8-m.main+fp/hard/crtbegin.o
 .text.http_try_parse_set_query.part.0
                0x00000190       0x8c ./src/hal_entry.o
 .text.wifi_http_send.part.0
                0x0000021c       0x54 ./src/hal_entry.o
 .text.mpu_i2c_callback
                0x00000270        0x8 ./src/hal_entry.o
                0x00000270                mpu_i2c_callback
 .text.hal_entry
                0x00000278      0xbd0 ./src/hal_entry.o
                0x00000278                hal_entry
 .text.R_BSP_WarmStart
                0x00000e48       0x18 ./src/hal_entry.o
                0x00000e48                R_BSP_WarmStart
 .text.startup.main
                0x00000e60        0xc ./ra_gen/main.o
                0x00000e60                main
 .text.R_SCI_UART_Close
                0x00000e6c       0xcc ./ra/fsp/src/r_sci_uart/r_sci_uart.o
                0x00000e6c                R_SCI_UART_Close
 .text.R_SCI_UART_Read
                0x00000f38        0xc ./ra/fsp/src/r_sci_uart/r_sci_uart.o
                0x00000f38                R_SCI_UART_Read
 .text.R_SCI_UART_Write
                0x00000f44       0x48 ./ra/fsp/src/r_sci_uart/r_sci_uart.o
                0x00000f44                R_SCI_UART_Write
 .text.R_SCI_UART_CallbackSet
                0x00000f8c       0x10 ./ra/fsp/src/r_sci_uart/r_sci_uart.o
                0x00000f8c                R_SCI_UART_CallbackSet
 .text.R_SCI_UART_BaudSet
                0x00000f9c       0x5c ./ra/fsp/src/r_sci_uart/r_sci_uart.o
                0x00000f9c                R_SCI_UART_BaudSet
 .text.R_SCI_UART_InfoGet
                0x00000ff8        0xc ./ra/fsp/src/r_sci_uart/r_sci_uart.o
                0x00000ff8                R_SCI_UART_InfoGet
 .text.R_SCI_UART_Abort
                0x00001004       0x3c ./ra/fsp/src/r_sci_uart/r_sci_uart.o
                0x00001004                R_SCI_UART_Abort
 .text.R_SCI_UART_ReadStop
                0x00001040       0x14 ./ra/fsp/src/r_sci_uart/r_sci_uart.o
                0x00001040                R_SCI_UART_ReadStop
 .text.R_SCI_UART_ReceiveSuspend
                0x00001054        0x4 ./ra/fsp/src/r_sci_uart/r_sci_uart.o
                0x00001054                R_SCI_UART_ReceiveSuspend
 .text.r_sci_uart_call_callback
                0x00001058       0x44 ./ra/fsp/src/r_sci_uart/r_sci_uart.o
 .text.R_SCI_UART_ReceiveResume
                0x0000109c        0x4 ./ra/fsp/src/r_sci_uart/r_sci_uart.o
                0x0000109c                R_SCI_UART_ReceiveResume
 .text.R_SCI_UART_Open
                0x000010a0      0x394 ./ra/fsp/src/r_sci_uart/r_sci_uart.o
                0x000010a0                R_SCI_UART_Open
 .text.sci_uart_txi_isr
                0x00001434       0x9c ./ra/fsp/src/r_sci_uart/r_sci_uart.o
                0x00001434                sci_uart_txi_isr
 .text.sci_uart_rxi_isr
                0x000014d0       0x90 ./ra/fsp/src/r_sci_uart/r_sci_uart.o
                0x000014d0                sci_uart_rxi_isr
 .text.sci_uart_tei_isr
                0x00001560       0x48 ./ra/fsp/src/r_sci_uart/r_sci_uart.o
                0x00001560                sci_uart_tei_isr
 .text.sci_uart_eri_isr
                0x000015a8       0x78 ./ra/fsp/src/r_sci_uart/r_sci_uart.o
                0x000015a8                sci_uart_eri_isr
 .text.R_IOPORT_Close
                0x00001620        0xc ./ra/fsp/src/r_ioport/r_ioport.o
                0x00001620                R_IOPORT_Close
 .text.R_IOPORT_PinRead
                0x0000162c       0x24 ./ra/fsp/src/r_ioport/r_ioport.o
                0x0000162c                R_IOPORT_PinRead
 .text.R_IOPORT_PortRead
                0x00001650       0x14 ./ra/fsp/src/r_ioport/r_ioport.o
                0x00001650                R_IOPORT_PortRead
 .text.R_IOPORT_PortWrite
                0x00001664       0x1c ./ra/fsp/src/r_ioport/r_ioport.o
                0x00001664                R_IOPORT_PortWrite
 .text.R_IOPORT_PinWrite
                0x00001680       0x20 ./ra/fsp/src/r_ioport/r_ioport.o
                0x00001680                R_IOPORT_PinWrite
 .text.R_IOPORT_PortDirectionSet
                0x000016a0       0x2c ./ra/fsp/src/r_ioport/r_ioport.o
                0x000016a0                R_IOPORT_PortDirectionSet
 .text.R_IOPORT_PortEventInputRead
                0x000016cc       0x18 ./ra/fsp/src/r_ioport/r_ioport.o
                0x000016cc                R_IOPORT_PortEventInputRead
 .text.R_IOPORT_PinEventInputRead
                0x000016e4       0x34 ./ra/fsp/src/r_ioport/r_ioport.o
                0x000016e4                R_IOPORT_PinEventInputRead
 .text.R_IOPORT_PortEventOutputWrite
                0x00001718       0x1c ./ra/fsp/src/r_ioport/r_ioport.o
                0x00001718                R_IOPORT_PortEventOutputWrite
 .text.R_IOPORT_PinEventOutputWrite
                0x00001734       0x34 ./ra/fsp/src/r_ioport/r_ioport.o
                0x00001734                R_IOPORT_PinEventOutputWrite
 .text.bsp_vbatt_init
                0x00001768       0xe8 ./ra/fsp/src/r_ioport/r_ioport.o
 .text.r_ioport_pins_config
                0x00001850       0xac ./ra/fsp/src/r_ioport/r_ioport.o
 .text.R_IOPORT_Open
                0x000018fc       0x14 ./ra/fsp/src/r_ioport/r_ioport.o
                0x000018fc                R_IOPORT_Open
 .text.R_IOPORT_PinsCfg
                0x00001910        0xc ./ra/fsp/src/r_ioport/r_ioport.o
                0x00001910                R_IOPORT_PinsCfg
 .text.R_IOPORT_PinCfg
                0x0000191c       0xa8 ./ra/fsp/src/r_ioport/r_ioport.o
                0x0000191c                R_IOPORT_PinCfg
 .text.R_IIC_MASTER_SlaveAddressSet
                0x000019c4        0xc ./ra/fsp/src/r_iic_master/r_iic_master.o
                0x000019c4                R_IIC_MASTER_SlaveAddressSet
 .text.R_IIC_MASTER_CallbackSet
                0x000019d0       0x10 ./ra/fsp/src/r_iic_master/r_iic_master.o
                0x000019d0                R_IIC_MASTER_CallbackSet
 .text.R_IIC_MASTER_StatusGet
                0x000019e0       0x18 ./ra/fsp/src/r_iic_master/r_iic_master.o
                0x000019e0                R_IIC_MASTER_StatusGet
 .text.iic_master_notify
                0x000019f8       0x3c ./ra/fsp/src/r_iic_master/r_iic_master.o
 .text.iic_master_run_hw_master
                0x00001a34      0x10c ./ra/fsp/src/r_iic_master/r_iic_master.o
 .text.R_IIC_MASTER_Write
                0x00001b40       0x30 ./ra/fsp/src/r_iic_master/r_iic_master.o
                0x00001b40                R_IIC_MASTER_Write
 .text.R_IIC_MASTER_Read
                0x00001b70       0x34 ./ra/fsp/src/r_iic_master/r_iic_master.o
                0x00001b70                R_IIC_MASTER_Read
 .text.iic_master_open_hw_master
                0x00001ba4      0x1b4 ./ra/fsp/src/r_iic_master/r_iic_master.o
 .text.R_IIC_MASTER_Open
                0x00001d58       0x78 ./ra/fsp/src/r_iic_master/r_iic_master.o
                0x00001d58                R_IIC_MASTER_Open
 .text.R_IIC_MASTER_Abort
                0x00001dd0       0x30 ./ra/fsp/src/r_iic_master/r_iic_master.o
                0x00001dd0                R_IIC_MASTER_Abort
 .text.R_IIC_MASTER_Close
                0x00001e00       0xd8 ./ra/fsp/src/r_iic_master/r_iic_master.o
                0x00001e00                R_IIC_MASTER_Close
 .text.iic_master_rxi_isr
                0x00001ed8      0x180 ./ra/fsp/src/r_iic_master/r_iic_master.o
                0x00001ed8                iic_master_rxi_isr
 .text.iic_master_txi_isr
                0x00002058      0x108 ./ra/fsp/src/r_iic_master/r_iic_master.o
                0x00002058                iic_master_txi_isr
 .text.iic_master_tei_isr
                0x00002160       0xd8 ./ra/fsp/src/r_iic_master/r_iic_master.o
                0x00002160                iic_master_tei_isr
 .text.iic_master_eri_isr
                0x00002238      0x13c ./ra/fsp/src/r_iic_master/r_iic_master.o
                0x00002238                iic_master_eri_isr
 .text.R_GPT_Start
                0x00002374        0xc ./ra/fsp/src/r_gpt/r_gpt.o
                0x00002374                R_GPT_Start
 .text.R_GPT_InfoGet
                0x00002380       0x44 ./ra/fsp/src/r_gpt/r_gpt.o
                0x00002380                R_GPT_InfoGet
 .text.gpt_calculate_duty_cycle.isra.0
                0x000023c4       0x64 ./ra/fsp/src/r_gpt/r_gpt.o
 .text.R_GPT_DutyCycleSet
                0x00002428       0xc0 ./ra/fsp/src/r_gpt/r_gpt.o
                0x00002428                R_GPT_DutyCycleSet
 .text.R_GPT_Open
                0x000024e8      0x4f4 ./ra/fsp/src/r_gpt/r_gpt.o
                0x000024e8                R_GPT_Open
 .text.R_FLASH_HP_StatusGet
                0x000029dc       0x1c ./ra/fsp/src/r_flash_hp/r_flash_hp.o
                0x000029dc                R_FLASH_HP_StatusGet
 .text.R_FLASH_HP_IdCodeSet
                0x000029f8        0x4 ./ra/fsp/src/r_flash_hp/r_flash_hp.o
                0x000029f8                R_FLASH_HP_IdCodeSet
 .text.R_FLASH_HP_AccessWindowSet
                0x000029fc        0x4 ./ra/fsp/src/r_flash_hp/r_flash_hp.o
                0x000029fc                R_FLASH_HP_AccessWindowSet
 .text.R_FLASH_HP_AccessWindowClear
                0x00002a00        0x4 ./ra/fsp/src/r_flash_hp/r_flash_hp.o
                0x00002a00                R_FLASH_HP_AccessWindowClear
 .text.R_FLASH_HP_StartUpAreaSelect
                0x00002a04        0x4 ./ra/fsp/src/r_flash_hp/r_flash_hp.o
                0x00002a04                R_FLASH_HP_StartUpAreaSelect
 .text.R_FLASH_HP_InfoGet
                0x00002a08       0x2c ./ra/fsp/src/r_flash_hp/r_flash_hp.o
                0x00002a08                R_FLASH_HP_InfoGet
 .text.R_FLASH_HP_Close
                0x00002a34       0x6c ./ra/fsp/src/r_flash_hp/r_flash_hp.o
                0x00002a34                R_FLASH_HP_Close
 .text.R_FLASH_HP_CallbackSet
                0x00002aa0       0x10 ./ra/fsp/src/r_flash_hp/r_flash_hp.o
                0x00002aa0                R_FLASH_HP_CallbackSet
 .text.R_FLASH_HP_AntiRollbackCounterIncrement
                0x00002ab0        0x4 ./ra/fsp/src/r_flash_hp/r_flash_hp.o
                0x00002ab0                R_FLASH_HP_AntiRollbackCounterIncrement
 .text.R_FLASH_HP_AntiRollbackCounterRead
                0x00002ab4        0x4 ./ra/fsp/src/r_flash_hp/r_flash_hp.o
                0x00002ab4                R_FLASH_HP_AntiRollbackCounterRead
 .text.R_FLASH_HP_UserLockableAreaWrite
                0x00002ab8        0x4 ./ra/fsp/src/r_flash_hp/r_flash_hp.o
                0x00002ab8                R_FLASH_HP_UserLockableAreaWrite
 .text.flash_hp_init
                0x00002abc      0x110 ./ra/fsp/src/r_flash_hp/r_flash_hp.o
 .text.R_FLASH_HP_UpdateFlashClockFreq
                0x00002bcc        0x4 ./ra/fsp/src/r_flash_hp/r_flash_hp.o
                0x00002bcc                R_FLASH_HP_UpdateFlashClockFreq
 .text.flash_hp_pe_mode_exit
                0x00002bd0       0x84 ./ra/fsp/src/r_flash_hp/r_flash_hp.o
 .text.flash_hp_write_data.constprop.0
                0x00002c54       0xc0 ./ra/fsp/src/r_flash_hp/r_flash_hp.o
 .text.R_FLASH_HP_AntiRollbackCounterRefresh
                0x00002d14        0x4 ./ra/fsp/src/r_flash_hp/r_flash_hp.o
                0x00002d14                R_FLASH_HP_AntiRollbackCounterRefresh
 .text.R_FLASH_HP_BankSwap
                0x00002d18        0x4 ./ra/fsp/src/r_flash_hp/r_flash_hp.o
                0x00002d18                R_FLASH_HP_BankSwap
 .text.R_FLASH_HP_Open
                0x00002d1c       0xe8 ./ra/fsp/src/r_flash_hp/r_flash_hp.o
                0x00002d1c                R_FLASH_HP_Open
 .text.flash_hp_enter_pe_df_mode
                0x00002e04       0xcc ./ra/fsp/src/r_flash_hp/r_flash_hp.o
 .text.R_FLASH_HP_BlankCheck
                0x00002ed0      0x17c ./ra/fsp/src/r_flash_hp/r_flash_hp.o
                0x00002ed0                R_FLASH_HP_BlankCheck
 .text.flash_hp_reset
                0x0000304c      0x124 ./ra/fsp/src/r_flash_hp/r_flash_hp.o
 .text.R_FLASH_HP_Reset
                0x00003170        0x4 ./ra/fsp/src/r_flash_hp/r_flash_hp.o
                0x00003170                R_FLASH_HP_Reset
 .text.R_FLASH_HP_Erase
                0x00003174      0x124 ./ra/fsp/src/r_flash_hp/r_flash_hp.o
                0x00003174                R_FLASH_HP_Erase
 .text.R_FLASH_HP_Write
                0x00003298       0xcc ./ra/fsp/src/r_flash_hp/r_flash_hp.o
                0x00003298                R_FLASH_HP_Write
 .text.SystemCoreClockUpdate
                0x00003364       0x28 ./ra/fsp/src/bsp/mcu/all/bsp_clocks.o
                0x00003364                SystemCoreClockUpdate
 .text.R_BSP_SubClockStabilizeWaitAfterReset
                0x0000338c        0x4 ./ra/fsp/src/bsp/mcu/all/bsp_clocks.o
                0x0000338c                R_BSP_SubClockStabilizeWaitAfterReset
 .text.bsp_clock_init
                0x00003390      0x14c ./ra/fsp/src/bsp/mcu/all/bsp_clocks.o
                0x00003390                bsp_clock_init
 .text.R_BSP_Init_RTC
                0x000034dc       0xb0 ./ra/fsp/src/bsp/mcu/all/bsp_clocks.o
                0x000034dc                R_BSP_Init_RTC
 .text.bsp_init_internal
                0x0000358c        0x4 ./ra/fsp/src/bsp/mcu/all/bsp_common.o
                0x0000358c                bsp_init_internal
                0x0000358c                bsp_init
 .text.bsp_prv_software_delay_loop
                0x00003590        0xc ./ra/fsp/src/bsp/mcu/all/bsp_delay.o
                0x00003590                bsp_prv_software_delay_loop
 .text.R_BSP_SoftwareDelay
                0x0000359c       0x8c ./ra/fsp/src/bsp/mcu/all/bsp_delay.o
                0x0000359c                R_BSP_SoftwareDelay
 .text.NMI_Handler
                0x00003628       0x3c ./ra/fsp/src/bsp/mcu/all/bsp_group_irq.o
                0x00003628                NMI_Handler
 .text.bsp_irq_cfg
                0x00003664       0x98 ./ra/fsp/src/bsp/mcu/all/bsp_irq.o
                0x00003664                bsp_irq_cfg
 .text.R_BSP_RegisterProtectEnable
                0x000036fc       0x60 ./ra/fsp/src/bsp/mcu/all/bsp_register_protection.o
                0x000036fc                R_BSP_RegisterProtectEnable
 .text.R_BSP_RegisterProtectDisable
                0x0000375c       0x54 ./ra/fsp/src/bsp/mcu/all/bsp_register_protection.o
                0x0000375c                R_BSP_RegisterProtectDisable
 .text._sbrk    0x000037b0       0x30 ./ra/fsp/src/bsp/mcu/all/bsp_sbrk.o
                0x000037b0                _sbrk
 .text.Default_Handler
                0x000037e0        0x4 ./ra/fsp/src/bsp/cmsis/Device/RENESAS/Source/startup.o
                0x000037e0                DebugMon_Handler
                0x000037e0                HardFault_Handler
                0x000037e0                SysTick_Handler
                0x000037e0                PendSV_Handler
                0x000037e0                UsageFault_Handler
                0x000037e0                SecureFault_Handler
                0x000037e0                Default_Handler
                0x000037e0                MemManage_Handler
                0x000037e0                SVC_Handler
                0x000037e0                BusFault_Handler
 .text.Reset_Handler
                0x000037e4        0xc ./ra/fsp/src/bsp/cmsis/Device/RENESAS/Source/startup.o
                0x000037e4                Reset_Handler
 .text.SystemRuntimeInit
                0x000037f0       0x64 ./ra/fsp/src/bsp/cmsis/Device/RENESAS/Source/system.o
 .text.SystemInit
                0x00003854       0xc0 ./ra/fsp/src/bsp/cmsis/Device/RENESAS/Source/system.o
                0x00003854                SystemInit
 .text.action_flash_clear
                0x00003914       0x2c ./dshanmcu_ra6m5/drivers/Flash.o
                0x00003914                action_flash_clear
 .text.action_flash_save
                0x00003940       0x80 ./dshanmcu_ra6m5/drivers/Flash.o
                0x00003940                action_flash_save
 .text.action_flash_load
                0x000039c0       0x4c ./dshanmcu_ra6m5/drivers/Flash.o
                0x000039c0                action_flash_load
 .text.mpu6050_write_reg
                0x00003a0c       0x6c ./dshanmcu_ra6m5/drivers/SensorMPU6050.o
 .text.mpu6050_read_regs
                0x00003a78       0xb4 ./dshanmcu_ra6m5/drivers/SensorMPU6050.o
 .text.MPU6050_I2C_EventSet
                0x00003b2c        0xc ./dshanmcu_ra6m5/drivers/SensorMPU6050.o
                0x00003b2c                MPU6050_I2C_EventSet
 .text.MPU6050_Init
                0x00003b38       0x58 ./dshanmcu_ra6m5/drivers/SensorMPU6050.o
                0x00003b38                MPU6050_Init
 .text.MPU6050_WhoAmI
                0x00003b90       0x10 ./dshanmcu_ra6m5/drivers/SensorMPU6050.o
                0x00003b90                MPU6050_WhoAmI
 .text.MPU6050_ReadRaw
                0x00003ba0       0x68 ./dshanmcu_ra6m5/drivers/SensorMPU6050.o
                0x00003ba0                MPU6050_ReadRaw
 .text.servo_init
                0x00003c08      0x18c ./dshanmcu_ra6m5/drivers/Servor.o
                0x00003c08                servo_init
 .text.servo_set_angleA
                0x00003d94       0x60 ./dshanmcu_ra6m5/drivers/Servor.o
                0x00003d94                servo_set_angleA
 .text.servo_set_angleB
                0x00003df4       0x60 ./dshanmcu_ra6m5/drivers/Servor.o
                0x00003df4                servo_set_angleB
 .text.servo_set_angleC
                0x00003e54       0x60 ./dshanmcu_ra6m5/drivers/Servor.o
                0x00003e54                servo_set_angleC
 .text.servo_set_angleD
                0x00003eb4       0x60 ./dshanmcu_ra6m5/drivers/Servor.o
                0x00003eb4                servo_set_angleD
 .text.servo_set_angleE
                0x00003f14       0x60 ./dshanmcu_ra6m5/drivers/Servor.o
                0x00003f14                servo_set_angleE
 .text.servo_get_angleA
                0x00003f74        0xc ./dshanmcu_ra6m5/drivers/Servor.o
                0x00003f74                servo_get_angleA
 .text.servo_get_angleB
                0x00003f80        0xc ./dshanmcu_ra6m5/drivers/Servor.o
                0x00003f80                servo_get_angleB
 .text.servo_get_angleC
                0x00003f8c        0xc ./dshanmcu_ra6m5/drivers/Servor.o
                0x00003f8c                servo_get_angleC
 .text.servo_get_angleD
                0x00003f98        0xc ./dshanmcu_ra6m5/drivers/Servor.o
                0x00003f98                servo_get_angleD
 .text.servo_get_angleE
                0x00003fa4        0xc ./dshanmcu_ra6m5/drivers/Servor.o
                0x00003fa4                servo_get_angleE
 .text.servo_move_smooth
                0x00003fb0       0xd8 ./dshanmcu_ra6m5/drivers/Servor.o
                0x00003fb0                servo_move_smooth
 .text.servo_catch_target
                0x00004088        0x8 ./dshanmcu_ra6m5/drivers/Servor.o
                0x00004088                servo_catch_target
 .text.servo_release_target
                0x00004090        0x8 ./dshanmcu_ra6m5/drivers/Servor.o
                0x00004090                servo_release_target
 .text.servo_emergency_stop
                0x00004098        0xc ./dshanmcu_ra6m5/drivers/Servor.o
                0x00004098                servo_emergency_stop
 .text.servo_emergency_stop_is_set
                0x000040a4        0xc ./dshanmcu_ra6m5/drivers/Servor.o
                0x000040a4                servo_emergency_stop_is_set
 .text.voice_extend_mode_is_set
                0x000040b0        0xc ./dshanmcu_ra6m5/drivers/VoiceControl.o
                0x000040b0                voice_extend_mode_is_set
 .text.voice_extend_step_try_consume
                0x000040bc       0x1c ./dshanmcu_ra6m5/drivers/VoiceControl.o
                0x000040bc                voice_extend_step_try_consume
 .text.voice_mem_start_try_consume
                0x000040d8       0x1c ./dshanmcu_ra6m5/drivers/VoiceControl.o
                0x000040d8                voice_mem_start_try_consume
 .text.voice_mem_end_try_consume
                0x000040f4       0x1c ./dshanmcu_ra6m5/drivers/VoiceControl.o
                0x000040f4                voice_mem_end_try_consume
 .text.voice_mem_play_try_consume
                0x00004110       0x1c ./dshanmcu_ra6m5/drivers/VoiceControl.o
                0x00004110                voice_mem_play_try_consume
 .text.voice_wireless_control_is_set
                0x0000412c        0xc ./dshanmcu_ra6m5/drivers/VoiceControl.o
                0x0000412c                voice_wireless_control_is_set
 .text.voice_uart2_rx_byte
                0x00004138       0x4c ./dshanmcu_ra6m5/drivers/VoiceControl.o
                0x00004138                voice_uart2_rx_byte
 .text.uart_recv_asr_cmd
                0x00004184      0x1ec ./dshanmcu_ra6m5/drivers/VoiceControl.o
                0x00004184                uart_recv_asr_cmd
 .text.uart6_write_blocking
                0x00004370       0x44 ./dshanmcu_ra6m5/drivers/Wifi.o
 .text.WiFiBtDevCmdRet.constprop.0
                0x000043b4       0xa8 ./dshanmcu_ra6m5/drivers/Wifi.o
 .text.uart6_read_until_crlf2.part.0.constprop.0
                0x0000445c       0xa4 ./dshanmcu_ra6m5/drivers/Wifi.o
 .text.wifi_read_ok_value
                0x00004500       0x54 ./dshanmcu_ra6m5/drivers/Wifi.o
 .text.Wifi_Init
                0x00004554       0x68 ./dshanmcu_ra6m5/drivers/Wifi.o
                0x00004554                Wifi_Init
 .text.Wifi_Reset
                0x000045bc       0x58 ./dshanmcu_ra6m5/drivers/Wifi.o
                0x000045bc                Wifi_Reset
 .text.Wifi_ConnectSTA
                0x00004614      0x114 ./dshanmcu_ra6m5/drivers/Wifi.o
                0x00004614                Wifi_ConnectSTA
 .text.Wifi_QueryIpSta
                0x00004728       0x6c ./dshanmcu_ra6m5/drivers/Wifi.o
                0x00004728                Wifi_QueryIpSta
 .text.Wifi_TcpServerStart
                0x00004794       0x74 ./dshanmcu_ra6m5/drivers/Wifi.o
                0x00004794                Wifi_TcpServerStart
 .text.Wifi_TcpServerPollClient
                0x00004808      0x100 ./dshanmcu_ra6m5/drivers/Wifi.o
                0x00004808                Wifi_TcpServerPollClient
 .text.Wifi_TcpRecv
                0x00004908       0xe8 ./dshanmcu_ra6m5/drivers/Wifi.o
                0x00004908                Wifi_TcpRecv
 .text.Wifi_TcpSend
                0x000049f0       0x74 ./dshanmcu_ra6m5/drivers/Wifi.o
                0x000049f0                Wifi_TcpSend
 .text.uart6_callback
                0x00004a64       0x60 ./dshanmcu_ra6m5/drivers/Wifi.o
                0x00004a64                uart6_callback
 .text.drv_uart_write_blocking.part.0
                0x00004ac4       0x88 ./dshanmcu_ra6m5/drivers/drv_uart.o
 .text.drv_uart_init
                0x00004b4c       0x48 ./dshanmcu_ra6m5/drivers/drv_uart.o
                0x00004b4c                drv_uart_init
 .text.uart7_callback
                0x00004b94       0x28 ./dshanmcu_ra6m5/drivers/drv_uart.o
                0x00004b94                uart7_callback
 .text.uart2_callback
                0x00004bbc       0x28 ./dshanmcu_ra6m5/drivers/drv_uart.o
                0x00004bbc                uart2_callback
 .text._write   0x00004be4       0x5c ./dshanmcu_ra6m5/drivers/drv_uart.o
                0x00004be4                _write
 .text._read    0x00004c40       0x90 ./dshanmcu_ra6m5/drivers/drv_uart.o
                0x00004c40                _read
 .text          0x00004cd0      0x378 C:/Renesas/RA/e2studio_v2026-04.2_fsp_v6.5.0/toolchains/gcc_arm/13.2.rel1/bin/../lib/gcc/arm-none-eabi/13.2.1/thumb/v8-m.main+fp/hard\libgcc.a(_arm_addsubdf3.o)
                0x00004cd0                __aeabi_drsub
                0x00004cd8                __aeabi_dsub
                0x00004cd8                __subdf3
                0x00004cdc                __aeabi_dadd
                0x00004cdc                __adddf3
                0x00004f54                __floatunsidf
                0x00004f54                __aeabi_ui2d
                0x00004f74                __floatsidf
                0x00004f74                __aeabi_i2d
                0x00004f98                __aeabi_f2d
                0x00004f98                __extendsfdf2
                0x00004fdc                __floatundidf
                0x00004fdc                __aeabi_ul2d
                0x00004fec                __floatdidf
                0x00004fec                __aeabi_l2d
 .text          0x00005048       0x30 C:/Renesas/RA/e2studio_v2026-04.2_fsp_v6.5.0/toolchains/gcc_arm/13.2.rel1/bin/../lib/gcc/arm-none-eabi/13.2.1/thumb/v8-m.main+fp/hard\libgcc.a(_aeabi_uldivmod.o)
                0x00005048                __aeabi_uldivmod
 .text.__udivmoddi4
                0x00005078      0x300 C:/Renesas/RA/e2studio_v2026-04.2_fsp_v6.5.0/toolchains/gcc_arm/13.2.rel1/bin/../lib/gcc/arm-none-eabi/13.2.1/thumb/v8-m.main+fp/hard\libgcc.a(_udivmoddi4.o)
                0x00005078                __udivmoddi4
 .text          0x00005378        0x4 C:/Renesas/RA/e2studio_v2026-04.2_fsp_v6.5.0/toolchains/gcc_arm/13.2.rel1/bin/../lib/gcc/arm-none-eabi/13.2.1/thumb/v8-m.main+fp/hard\libgcc.a(_dvmd_tls.o)
                0x00005378                __aeabi_idiv0
                0x00005378                __aeabi_ldiv0
 .text._strtoul_l.isra.0
                0x0000537c       0xdc C:/Renesas/RA/e2studio_v2026-04.2_fsp_v6.5.0/toolchains/gcc_arm/13.2.rel1/bin/../lib/gcc/arm-none-eabi/13.2.1/thumb/v8-m.main+fp/hard\libg_nano.a(libc_a-strtoul.o)
 .text.strtoul  0x00005458       0x14 C:/Renesas/RA/e2studio_v2026-04.2_fsp_v6.5.0/toolchains/gcc_arm/13.2.rel1/bin/../lib/gcc/arm-none-eabi/13.2.1/thumb/v8-m.main+fp/hard\libg_nano.a(libc_a-strtoul.o)
                0x00005458                strtoul
 .text.__sflush_r
                0x0000546c      0x108 C:/Renesas/RA/e2studio_v2026-04.2_fsp_v6.5.0/toolchains/gcc_arm/13.2.rel1/bin/../lib/gcc/arm-none-eabi/13.2.1/thumb/v8-m.main+fp/hard\libg_nano.a(libc_a-fflush.o)
                0x0000546c                __sflush_r
 .text._fflush_r
                0x00005574       0x50 C:/Renesas/RA/e2studio_v2026-04.2_fsp_v6.5.0/toolchains/gcc_arm/13.2.rel1/bin/../lib/gcc/arm-none-eabi/13.2.1/thumb/v8-m.main+fp/hard\libg_nano.a(libc_a-fflush.o)
                0x00005574                _fflush_r
 .text.std      0x000055c4       0x6c C:/Renesas/RA/e2studio_v2026-04.2_fsp_v6.5.0/toolchains/gcc_arm/13.2.rel1/bin/../lib/gcc/arm-none-eabi/13.2.1/thumb/v8-m.main+fp/hard\libg_nano.a(libc_a-findfp.o)
 .text.stdio_exit_handler
                0x00005630       0x18 C:/Renesas/RA/e2studio_v2026-04.2_fsp_v6.5.0/toolchains/gcc_arm/13.2.rel1/bin/../lib/gcc/arm-none-eabi/13.2.1/thumb/v8-m.main+fp/hard\libg_nano.a(libc_a-findfp.o)
 .text.cleanup_stdio
                0x00005648       0x40 C:/Renesas/RA/e2studio_v2026-04.2_fsp_v6.5.0/toolchains/gcc_arm/13.2.rel1/bin/../lib/gcc/arm-none-eabi/13.2.1/thumb/v8-m.main+fp/hard\libg_nano.a(libc_a-findfp.o)
 .text.global_stdio_init.part.0
                0x00005688       0x3c C:/Renesas/RA/e2studio_v2026-04.2_fsp_v6.5.0/toolchains/gcc_arm/13.2.rel1/bin/../lib/gcc/arm-none-eabi/13.2.1/thumb/v8-m.main+fp/hard\libg_nano.a(libc_a-findfp.o)
 .text.__sfp_lock_acquire
                0x000056c4        0xc C:/Renesas/RA/e2studio_v2026-04.2_fsp_v6.5.0/toolchains/gcc_arm/13.2.rel1/bin/../lib/gcc/arm-none-eabi/13.2.1/thumb/v8-m.main+fp/hard\libg_nano.a(libc_a-findfp.o)
                0x000056c4                __sfp_lock_acquire
 .text.__sfp_lock_release
                0x000056d0        0xc C:/Renesas/RA/e2studio_v2026-04.2_fsp_v6.5.0/toolchains/gcc_arm/13.2.rel1/bin/../lib/gcc/arm-none-eabi/13.2.1/thumb/v8-m.main+fp/hard\libg_nano.a(libc_a-findfp.o)
                0x000056d0                __sfp_lock_release
 .text.__sinit  0x000056dc       0x30 C:/Renesas/RA/e2studio_v2026-04.2_fsp_v6.5.0/toolchains/gcc_arm/13.2.rel1/bin/../lib/gcc/arm-none-eabi/13.2.1/thumb/v8-m.main+fp/hard\libg_nano.a(libc_a-findfp.o)
                0x000056dc                __sinit
 .text._fwalk_sglue
                0x0000570c       0x3c C:/Renesas/RA/e2studio_v2026-04.2_fsp_v6.5.0/toolchains/gcc_arm/13.2.rel1/bin/../lib/gcc/arm-none-eabi/13.2.1/thumb/v8-m.main+fp/hard\libg_nano.a(libc_a-fwalk.o)
                0x0000570c                _fwalk_sglue
 .text.printf   0x00005748       0x24 C:/Renesas/RA/e2studio_v2026-04.2_fsp_v6.5.0/toolchains/gcc_arm/13.2.rel1/bin/../lib/gcc/arm-none-eabi/13.2.1/thumb/v8-m.main+fp/hard\libg_nano.a(libc_a-printf.o)
                0x00005748                iprintf
                0x00005748                printf
 .text._puts_r  0x0000576c       0xaa C:/Renesas/RA/e2studio_v2026-04.2_fsp_v6.5.0/toolchains/gcc_arm/13.2.rel1/bin/../lib/gcc/arm-none-eabi/13.2.1/thumb/v8-m.main+fp/hard\libg_nano.a(libc_a-puts.o)
                0x0000576c                _puts_r
 *fill*         0x00005816        0x2 
 .text.puts     0x00005818       0x10 C:/Renesas/RA/e2studio_v2026-04.2_fsp_v6.5.0/toolchains/gcc_arm/13.2.rel1/bin/../lib/gcc/arm-none-eabi/13.2.1/thumb/v8-m.main+fp/hard\libg_nano.a(libc_a-puts.o)
                0x00005818                puts
 .text.snprintf
                0x00005828       0x68 C:/Renesas/RA/e2studio_v2026-04.2_fsp_v6.5.0/toolchains/gcc_arm/13.2.rel1/bin/../lib/gcc/arm-none-eabi/13.2.1/thumb/v8-m.main+fp/hard\libg_nano.a(libc_a-snprintf.o)
                0x00005828                sniprintf
                0x00005828                snprintf
 .text.__sread  0x00005890       0x22 C:/Renesas/RA/e2studio_v2026-04.2_fsp_v6.5.0/toolchains/gcc_arm/13.2.rel1/bin/../lib/gcc/arm-none-eabi/13.2.1/thumb/v8-m.main+fp/hard\libg_nano.a(libc_a-stdio.o)
                0x00005890                __sread
 .text.__swrite
                0x000058b2       0x38 C:/Renesas/RA/e2studio_v2026-04.2_fsp_v6.5.0/toolchains/gcc_arm/13.2.rel1/bin/../lib/gcc/arm-none-eabi/13.2.1/thumb/v8-m.main+fp/hard\libg_nano.a(libc_a-stdio.o)
                0x000058b2                __swrite
 .text.__sseek  0x000058ea       0x24 C:/Renesas/RA/e2studio_v2026-04.2_fsp_v6.5.0/toolchains/gcc_arm/13.2.rel1/bin/../lib/gcc/arm-none-eabi/13.2.1/thumb/v8-m.main+fp/hard\libg_nano.a(libc_a-stdio.o)
                0x000058ea                __sseek
 .text.__sclose
                0x0000590e        0x8 C:/Renesas/RA/e2studio_v2026-04.2_fsp_v6.5.0/toolchains/gcc_arm/13.2.rel1/bin/../lib/gcc/arm-none-eabi/13.2.1/thumb/v8-m.main+fp/hard\libg_nano.a(libc_a-stdio.o)
                0x0000590e                __sclose
 .text.__swbuf_r
                0x00005916       0x7c C:/Renesas/RA/e2studio_v2026-04.2_fsp_v6.5.0/toolchains/gcc_arm/13.2.rel1/bin/../lib/gcc/arm-none-eabi/13.2.1/thumb/v8-m.main+fp/hard\libg_nano.a(libc_a-wbuf.o)
                0x00005916                __swbuf_r
 *fill*         0x00005992        0x2 
 .text.__swsetup_r
                0x00005994       0xac C:/Renesas/RA/e2studio_v2026-04.2_fsp_v6.5.0/toolchains/gcc_arm/13.2.rel1/bin/../lib/gcc/arm-none-eabi/13.2.1/thumb/v8-m.main+fp/hard\libg_nano.a(libc_a-wsetup.o)
                0x00005994                __swsetup_r
 .text.memset   0x00005a40       0x10 C:/Renesas/RA/e2studio_v2026-04.2_fsp_v6.5.0/toolchains/gcc_arm/13.2.rel1/bin/../lib/gcc/arm-none-eabi/13.2.1/thumb/v8-m.main+fp/hard\libg_nano.a(libc_a-memset.o)
                0x00005a40                memset
 .text.strchr   0x00005a50       0x1a C:/Renesas/RA/e2studio_v2026-04.2_fsp_v6.5.0/toolchains/gcc_arm/13.2.rel1/bin/../lib/gcc/arm-none-eabi/13.2.1/thumb/v8-m.main+fp/hard\libg_nano.a(libc_a-strchr.o)
                0x00005a50                strchr
 .text.strncmp  0x00005a6a       0x24 C:/Renesas/RA/e2studio_v2026-04.2_fsp_v6.5.0/toolchains/gcc_arm/13.2.rel1/bin/../lib/gcc/arm-none-eabi/13.2.1/thumb/v8-m.main+fp/hard\libg_nano.a(libc_a-strncmp.o)
                0x00005a6a                strncmp
 .text.strstr   0x00005a8e       0x2c C:/Renesas/RA/e2studio_v2026-04.2_fsp_v6.5.0/toolchains/gcc_arm/13.2.rel1/bin/../lib/gcc/arm-none-eabi/13.2.1/thumb/v8-m.main+fp/hard\libg_nano.a(libc_a-strstr.o)
                0x00005a8e                strstr
 *fill*         0x00005aba        0x2 
 .text._close_r
                0x00005abc       0x20 C:/Renesas/RA/e2studio_v2026-04.2_fsp_v6.5.0/toolchains/gcc_arm/13.2.rel1/bin/../lib/gcc/arm-none-eabi/13.2.1/thumb/v8-m.main+fp/hard\libg_nano.a(libc_a-closer.o)
                0x00005abc                _close_r
 .text._lseek_r
                0x00005adc       0x24 C:/Renesas/RA/e2studio_v2026-04.2_fsp_v6.5.0/toolchains/gcc_arm/13.2.rel1/bin/../lib/gcc/arm-none-eabi/13.2.1/thumb/v8-m.main+fp/hard\libg_nano.a(libc_a-lseekr.o)
                0x00005adc                _lseek_r
 .text._read_r  0x00005b00       0x24 C:/Renesas/RA/e2studio_v2026-04.2_fsp_v6.5.0/toolchains/gcc_arm/13.2.rel1/bin/../lib/gcc/arm-none-eabi/13.2.1/thumb/v8-m.main+fp/hard\libg_nano.a(libc_a-readr.o)
                0x00005b00                _read_r
 .text._write_r
                0x00005b24       0x24 C:/Renesas/RA/e2studio_v2026-04.2_fsp_v6.5.0/toolchains/gcc_arm/13.2.rel1/bin/../lib/gcc/arm-none-eabi/13.2.1/thumb/v8-m.main+fp/hard\libg_nano.a(libc_a-writer.o)
                0x00005b24                _write_r
 .text.__errno  0x00005b48        0xc C:/Renesas/RA/e2studio_v2026-04.2_fsp_v6.5.0/toolchains/gcc_arm/13.2.rel1/bin/../lib/gcc/arm-none-eabi/13.2.1/thumb/v8-m.main+fp/hard\libg_nano.a(libc_a-errno.o)
                0x00005b48                __errno
 .text.__retarget_lock_init_recursive
                0x00005b54        0x2 C:/Renesas/RA/e2studio_v2026-04.2_fsp_v6.5.0/toolchains/gcc_arm/13.2.rel1/bin/../lib/gcc/arm-none-eabi/13.2.1/thumb/v8-m.main+fp/hard\libg_nano.a(libc_a-lock.o)
                0x00005b54                __retarget_lock_init_recursive
 .text.__retarget_lock_acquire_recursive
                0x00005b56        0x2 C:/Renesas/RA/e2studio_v2026-04.2_fsp_v6.5.0/toolchains/gcc_arm/13.2.rel1/bin/../lib/gcc/arm-none-eabi/13.2.1/thumb/v8-m.main+fp/hard\libg_nano.a(libc_a-lock.o)
                0x00005b56                __retarget_lock_acquire_recursive
 .text.__retarget_lock_release_recursive
                0x00005b58        0x2 C:/Renesas/RA/e2studio_v2026-04.2_fsp_v6.5.0/toolchains/gcc_arm/13.2.rel1/bin/../lib/gcc/arm-none-eabi/13.2.1/thumb/v8-m.main+fp/hard\libg_nano.a(libc_a-lock.o)
                0x00005b58                __retarget_lock_release_recursive
 .text.memcpy   0x00005b5a       0x1a C:/Renesas/RA/e2studio_v2026-04.2_fsp_v6.5.0/toolchains/gcc_arm/13.2.rel1/bin/../lib/gcc/arm-none-eabi/13.2.1/thumb/v8-m.main+fp/hard\libg_nano.a(libc_a-memcpy-stub.o)
                0x00005b5a                memcpy
 .text          0x00005b74       0x10 C:/Renesas/RA/e2studio_v2026-04.2_fsp_v6.5.0/toolchains/gcc_arm/13.2.rel1/bin/../lib/gcc/arm-none-eabi/13.2.1/thumb/v8-m.main+fp/hard\libg_nano.a(libc_a-strlen.o)
                0x00005b74                strlen
 .text._free_r  0x00005b84       0x94 C:/Renesas/RA/e2studio_v2026-04.2_fsp_v6.5.0/toolchains/gcc_arm/13.2.rel1/bin/../lib/gcc/arm-none-eabi/13.2.1/thumb/v8-m.main+fp/hard\libg_nano.a(libc_a-freer.o)
                0x00005b84                _free_r
 .text.sbrk_aligned
                0x00005c18       0x44 C:/Renesas/RA/e2studio_v2026-04.2_fsp_v6.5.0/toolchains/gcc_arm/13.2.rel1/bin/../lib/gcc/arm-none-eabi/13.2.1/thumb/v8-m.main+fp/hard\libg_nano.a(libc_a-mallocr.o)
 .text._malloc_r
                0x00005c5c      0x100 C:/Renesas/RA/e2studio_v2026-04.2_fsp_v6.5.0/toolchains/gcc_arm/13.2.rel1/bin/../lib/gcc/arm-none-eabi/13.2.1/thumb/v8-m.main+fp/hard\libg_nano.a(libc_a-mallocr.o)
                0x00005c5c                _malloc_r
 .text.__malloc_lock
                0x00005d5c        0xc C:/Renesas/RA/e2studio_v2026-04.2_fsp_v6.5.0/toolchains/gcc_arm/13.2.rel1/bin/../lib/gcc/arm-none-eabi/13.2.1/thumb/v8-m.main+fp/hard\libg_nano.a(libc_a-mlock.o)
                0x00005d5c                __malloc_lock
 .text.__malloc_unlock
                0x00005d68        0xc C:/Renesas/RA/e2studio_v2026-04.2_fsp_v6.5.0/toolchains/gcc_arm/13.2.rel1/bin/../lib/gcc/arm-none-eabi/13.2.1/thumb/v8-m.main+fp/hard\libg_nano.a(libc_a-mlock.o)
                0x00005d68                __malloc_unlock
 .text.__ssputs_r
                0x00005d74       0xb6 C:/Renesas/RA/e2studio_v2026-04.2_fsp_v6.5.0/toolchains/gcc_arm/13.2.rel1/bin/../lib/gcc/arm-none-eabi/13.2.1/thumb/v8-m.main+fp/hard\libg_nano.a(libc_a-nano-svfprintf.o)
                0x00005d74                __ssputs_r
 *fill*         0x00005e2a        0x2 
 .text._svfprintf_r
                0x00005e2c      0x1f8 C:/Renesas/RA/e2studio_v2026-04.2_fsp_v6.5.0/toolchains/gcc_arm/13.2.rel1/bin/../lib/gcc/arm-none-eabi/13.2.1/thumb/v8-m.main+fp/hard\libg_nano.a(libc_a-nano-svfprintf.o)
                0x00005e2c                _svfiprintf_r
                0x00005e2c                _svfprintf_r
 .text.__sfputc_r
                0x00006024       0x2e C:/Renesas/RA/e2studio_v2026-04.2_fsp_v6.5.0/toolchains/gcc_arm/13.2.rel1/bin/../lib/gcc/arm-none-eabi/13.2.1/thumb/v8-m.main+fp/hard\libg_nano.a(libc_a-nano-vfprintf.o)
 .text.__sfputs_r
                0x00006052       0x24 C:/Renesas/RA/e2studio_v2026-04.2_fsp_v6.5.0/toolchains/gcc_arm/13.2.rel1/bin/../lib/gcc/arm-none-eabi/13.2.1/thumb/v8-m.main+fp/hard\libg_nano.a(libc_a-nano-vfprintf.o)
                0x00006052                __sfputs_r
 *fill*         0x00006076        0x2 
 .text._vfprintf_r
                0x00006078      0x230 C:/Renesas/RA/e2studio_v2026-04.2_fsp_v6.5.0/toolchains/gcc_arm/13.2.rel1/bin/../lib/gcc/arm-none-eabi/13.2.1/thumb/v8-m.main+fp/hard\libg_nano.a(libc_a-nano-vfprintf.o)
                0x00006078                _vfprintf_r
                0x00006078                _vfiprintf_r
 .text._printf_common
                0x000062a8       0xe4 C:/Renesas/RA/e2studio_v2026-04.2_fsp_v6.5.0/toolchains/gcc_arm/13.2.rel1/bin/../lib/gcc/arm-none-eabi/13.2.1/thumb/v8-m.main+fp/hard\libg_nano.a(libc_a-nano-vfprintf_i.o)
                0x000062a8                _printf_common
 .text._printf_i
                0x0000638c      0x23c C:/Renesas/RA/e2studio_v2026-04.2_fsp_v6.5.0/toolchains/gcc_arm/13.2.rel1/bin/../lib/gcc/arm-none-eabi/13.2.1/thumb/v8-m.main+fp/hard\libg_nano.a(libc_a-nano-vfprintf_i.o)
                0x0000638c                _printf_i
 .text.__swhatbuf_r
                0x000065c8       0x4a C:/Renesas/RA/e2studio_v2026-04.2_fsp_v6.5.0/toolchains/gcc_arm/13.2.rel1/bin/../lib/gcc/arm-none-eabi/13.2.1/thumb/v8-m.main+fp/hard\libg_nano.a(libc_a-makebuf.o)
                0x000065c8                __swhatbuf_r
 .text.__smakebuf_r
                0x00006612       0x78 C:/Renesas/RA/e2studio_v2026-04.2_fsp_v6.5.0/toolchains/gcc_arm/13.2.rel1/bin/../lib/gcc/arm-none-eabi/13.2.1/thumb/v8-m.main+fp/hard\libg_nano.a(libc_a-makebuf.o)
                0x00006612                __smakebuf_r
 .text.memmove  0x0000668a       0x34 C:/Renesas/RA/e2studio_v2026-04.2_fsp_v6.5.0/toolchains/gcc_arm/13.2.rel1/bin/../lib/gcc/arm-none-eabi/13.2.1/thumb/v8-m.main+fp/hard\libg_nano.a(libc_a-memmove.o)
                0x0000668a                memmove
 *fill*         0x000066be        0x2 
 .text._fstat_r
                0x000066c0       0x24 C:/Renesas/RA/e2studio_v2026-04.2_fsp_v6.5.0/toolchains/gcc_arm/13.2.rel1/bin/../lib/gcc/arm-none-eabi/13.2.1/thumb/v8-m.main+fp/hard\libg_nano.a(libc_a-fstatr.o)
                0x000066c0                _fstat_r
 .text._isatty_r
                0x000066e4       0x20 C:/Renesas/RA/e2studio_v2026-04.2_fsp_v6.5.0/toolchains/gcc_arm/13.2.rel1/bin/../lib/gcc/arm-none-eabi/13.2.1/thumb/v8-m.main+fp/hard\libg_nano.a(libc_a-isattyr.o)
                0x000066e4                _isatty_r
 .text._sbrk_r  0x00006704       0x20 C:/Renesas/RA/e2studio_v2026-04.2_fsp_v6.5.0/toolchains/gcc_arm/13.2.rel1/bin/../lib/gcc/arm-none-eabi/13.2.1/thumb/v8-m.main+fp/hard\libg_nano.a(libc_a-sbrkr.o)
                0x00006704                _sbrk_r
 .text.memchr   0x00006724       0x1c C:/Renesas/RA/e2studio_v2026-04.2_fsp_v6.5.0/toolchains/gcc_arm/13.2.rel1/bin/../lib/gcc/arm-none-eabi/13.2.1/thumb/v8-m.main+fp/hard\libg_nano.a(libc_a-memchr-stub.o)
                0x00006724                memchr
 .text._realloc_r
                0x00006740       0x5c C:/Renesas/RA/e2studio_v2026-04.2_fsp_v6.5.0/toolchains/gcc_arm/13.2.rel1/bin/../lib/gcc/arm-none-eabi/13.2.1/thumb/v8-m.main+fp/hard\libg_nano.a(libc_a-reallocr.o)
                0x00006740                _realloc_r
 .text._malloc_usable_size_r
                0x0000679c       0x10 C:/Renesas/RA/e2studio_v2026-04.2_fsp_v6.5.0/toolchains/gcc_arm/13.2.rel1/bin/../lib/gcc/arm-none-eabi/13.2.1/thumb/v8-m.main+fp/hard\libg_nano.a(libc_a-msizer.o)
                0x0000679c                _malloc_usable_size_r
 .text.atan2f   0x000067ac        0x4 C:/Renesas/RA/e2studio_v2026-04.2_fsp_v6.5.0/toolchains/gcc_arm/13.2.rel1/bin/../lib/gcc/arm-none-eabi/13.2.1/thumb/v8-m.main+fp/hard\libm.a(libm_a-wf_atan2.o)
                0x000067ac                atan2f
 .text.__ieee754_atan2f
                0x000067b0      0x158 C:/Renesas/RA/e2studio_v2026-04.2_fsp_v6.5.0/toolchains/gcc_arm/13.2.rel1/bin/../lib/gcc/arm-none-eabi/13.2.1/thumb/v8-m.main+fp/hard\libm.a(libm_a-ef_atan2.o)
                0x000067b0                __ieee754_atan2f
 .text.atanf    0x00006908      0x1a4 C:/Renesas/RA/e2studio_v2026-04.2_fsp_v6.5.0/toolchains/gcc_arm/13.2.rel1/bin/../lib/gcc/arm-none-eabi/13.2.1/thumb/v8-m.main+fp/hard\libm.a(libm_a-sf_atan.o)
                0x00006908                atanf
 .text.fabsf    0x00006aac       0x10 C:/Renesas/RA/e2studio_v2026-04.2_fsp_v6.5.0/toolchains/gcc_arm/13.2.rel1/bin/../lib/gcc/arm-none-eabi/13.2.1/thumb/v8-m.main+fp/hard\libm.a(libm_a-sf_fabs.o)
                0x00006aac                fabsf
 *(.rodata*)
 .rodata.wifi_http_send.part.0.str1.4
                0x00006abc      0x630 ./src/hal_entry.o
                                 0x23 (size before relaxing)
 .rodata.hal_entry.str1.4
                0x000070ec      0x3a2 ./src/hal_entry.o
 .rodata.html.0
                0x000070ec      0x5b1 ./src/hal_entry.o
 *fill*         0x0000769d        0x3 
 .rodata.g_ioport
                0x000076a0        0xc ./ra_gen/common_data.o
                0x000076a0                g_ioport
 .rodata.g_uart7
                0x000076ac        0xc ./ra_gen/hal_data.o
                0x000076ac                g_uart7
 .rodata.g_uart7_cfg
                0x000076b8       0x20 ./ra_gen/hal_data.o
                0x000076b8                g_uart7_cfg
 .rodata.g_uart7_cfg_extend
                0x000076d8       0x14 ./ra_gen/hal_data.o
                0x000076d8                g_uart7_cfg_extend
 .rodata.g_timer0_cfg
                0x000076ec       0x20 ./ra_gen/hal_data.o
                0x000076ec                g_timer0_cfg
 .rodata.g_timer0_extend
                0x0000770c       0x58 ./ra_gen/hal_data.o
                0x0000770c                g_timer0_extend
 .rodata.g_uart2_cfg
                0x00007764       0x20 ./ra_gen/hal_data.o
                0x00007764                g_uart2_cfg
 .rodata.g_uart2_cfg_extend
                0x00007784       0x14 ./ra_gen/hal_data.o
                0x00007784                g_uart2_cfg_extend
 .rodata.g_i2c_master0
                0x00007798        0xc ./ra_gen/hal_data.o
                0x00007798                g_i2c_master0
 .rodata.g_i2c_master0_cfg
                0x000077a4       0x28 ./ra_gen/hal_data.o
                0x000077a4                g_i2c_master0_cfg
 .rodata.g_i2c_master0_extend
                0x000077cc        0x8 ./ra_gen/hal_data.o
                0x000077cc                g_i2c_master0_extend
 .rodata.g_timer1_cfg
                0x000077d4       0x20 ./ra_gen/hal_data.o
                0x000077d4                g_timer1_cfg
 .rodata.g_timer1_extend
                0x000077f4       0x58 ./ra_gen/hal_data.o
                0x000077f4                g_timer1_extend
 .rodata.g_timer2_cfg
                0x0000784c       0x20 ./ra_gen/hal_data.o
                0x0000784c                g_timer2_cfg
 .rodata.g_timer2_extend
                0x0000786c       0x58 ./ra_gen/hal_data.o
                0x0000786c                g_timer2_extend
 .rodata.g_flash0
                0x000078c4        0xc ./ra_gen/hal_data.o
                0x000078c4                g_flash0
 .rodata.g_flash0_cfg
                0x000078d0       0x14 ./ra_gen/hal_data.o
                0x000078d0                g_flash0_cfg
 .rodata.g_uart6
                0x000078e4        0xc ./ra_gen/hal_data.o
                0x000078e4                g_uart6
 .rodata.g_uart6_cfg
                0x000078f0       0x20 ./ra_gen/hal_data.o
                0x000078f0                g_uart6_cfg
 .rodata.g_uart6_cfg_extend
                0x00007910       0x14 ./ra_gen/hal_data.o
                0x00007910                g_uart6_cfg_extend
 .rodata.g_bsp_pin_cfg
                0x00007924        0xc ./ra_gen/pin_data.o
                0x00007924                g_bsp_pin_cfg
 .rodata.g_bsp_pin_cfg_data
                0x00007930       0x80 ./ra_gen/pin_data.o
                0x00007930                g_bsp_pin_cfg_data
 .rodata.g_interrupt_event_link_select
                0x000079b0       0x20 ./ra_gen/vector_data.o
                0x000079b0                g_interrupt_event_link_select
 .rodata.g_uart_on_sci
                0x000079d0       0x2c ./ra/fsp/src/r_sci_uart/r_sci_uart.o
                0x000079d0                g_uart_on_sci
 .rodata.g_vbatt_pins_input
                0x000079fc        0x6 ./ra/fsp/src/r_ioport/r_ioport.o
 *fill*         0x00007a02        0x2 
 .rodata.g_ioport_on_ioport
                0x00007a04       0x34 ./ra/fsp/src/r_ioport/r_ioport.o
                0x00007a04                g_ioport_on_ioport
 .rodata.g_i2c_master_on_iic
                0x00007a38       0x20 ./ra/fsp/src/r_iic_master/r_iic_master.o
                0x00007a38                g_i2c_master_on_iic
 .rodata.g_flash_on_flash_hp
                0x00007a58       0x4c ./ra/fsp/src/r_flash_hp/r_flash_hp.o
                0x00007a58                g_flash_on_flash_hp
 .rodata.g_flash_data_region
                0x00007aa4        0x8 ./ra/fsp/src/r_flash_hp/r_flash_hp.o
 .rodata.g_data_flash_macro_info
                0x00007aac       0x10 ./ra/fsp/src/r_flash_hp/r_flash_hp.o
                0x00007aac                g_data_flash_macro_info
 .rodata.g_flash_code_region
                0x00007abc        0x8 ./ra/fsp/src/r_flash_hp/r_flash_hp.o
 .rodata.g_code_flash_macro_info
                0x00007ac4       0x20 ./ra/fsp/src/r_flash_hp/r_flash_hp.o
 .rodata.g_init_info
                0x00007ae4       0x18 ./ra/fsp/src/bsp/mcu/ra6m5/bsp_linker.o
                0x00007ae4                g_init_info
 .rodata.nocache_list
                0x00007afc       0x10 ./ra/fsp/src/bsp/mcu/ra6m5/bsp_linker.o
 .rodata.copy_list
                0x00007b0c       0x80 ./ra/fsp/src/bsp/mcu/ra6m5/bsp_linker.o
 .rodata.zero_list
                0x00007b8c       0x30 ./ra/fsp/src/bsp/mcu/ra6m5/bsp_linker.o
 .rodata.g_prcr_masks
                0x00007bbc        0xa ./ra/fsp/src/bsp/mcu/all/bsp_register_protection.o
 .rodata.servo_init.str1.4
                0x00007bc6       0xc5 ./dshanmcu_ra6m5/drivers/Servor.o
 .rodata.servo_move_smooth.str1.4
                0x00007bc6       0xcf ./dshanmcu_ra6m5/drivers/Servor.o
 .rodata.WiFiBtDevCmdRet.constprop.0.str1.4
                0x00007bc6        0x9 ./dshanmcu_ra6m5/drivers/Wifi.o
 .rodata.uart6_read_until_crlf2.part.0.constprop.0.str1.4
                0x00007bc6        0x5 ./dshanmcu_ra6m5/drivers/Wifi.o
 .rodata.wifi_read_ok_value.str1.4
                0x00007bc6        0x5 ./dshanmcu_ra6m5/drivers/Wifi.o
 .rodata.Wifi_Reset.str1.4
                0x00007bc6        0x6 ./dshanmcu_ra6m5/drivers/Wifi.o
 .rodata.Wifi_ConnectSTA.str1.4
                0x00007bc6       0x4b ./dshanmcu_ra6m5/drivers/Wifi.o
 .rodata.Wifi_QueryIpSta.str1.4
                0x00007bc6       0x18 ./dshanmcu_ra6m5/drivers/Wifi.o
 .rodata.Wifi_TcpServerStart.str1.4
                0x00007bc6       0x18 ./dshanmcu_ra6m5/drivers/Wifi.o
 .rodata.Wifi_TcpServerPollClient.str1.4
                0x00007bc6       0x13 ./dshanmcu_ra6m5/drivers/Wifi.o
 .rodata.Wifi_TcpRecv.str1.4
                0x00007bc6       0x10 ./dshanmcu_ra6m5/drivers/Wifi.o
 .rodata.Wifi_TcpSend.str1.4
                0x00007bc6       0x10 ./dshanmcu_ra6m5/drivers/Wifi.o
 .rodata._ctype_
                0x00007bc6      0x101 C:/Renesas/RA/e2studio_v2026-04.2_fsp_v6.5.0/toolchains/gcc_arm/13.2.rel1/bin/../lib/gcc/arm-none-eabi/13.2.1/thumb/v8-m.main+fp/hard\libg_nano.a(libc_a-ctype_.o)
                0x00007bc6                _ctype_
 .rodata._svfprintf_r.str1.1
                0x00007cc7       0x33 C:/Renesas/RA/e2studio_v2026-04.2_fsp_v6.5.0/toolchains/gcc_arm/13.2.rel1/bin/../lib/gcc/arm-none-eabi/13.2.1/thumb/v8-m.main+fp/hard\libg_nano.a(libc_a-nano-svfprintf.o)
                                 0x11 (size before relaxing)
 .rodata._vfprintf_r.str1.1
                0x00007cfa       0x11 C:/Renesas/RA/e2studio_v2026-04.2_fsp_v6.5.0/toolchains/gcc_arm/13.2.rel1/bin/../lib/gcc/arm-none-eabi/13.2.1/thumb/v8-m.main+fp/hard\libg_nano.a(libc_a-nano-vfprintf.o)
 .rodata._printf_i.str1.1
                0x00007cfa       0x22 C:/Renesas/RA/e2studio_v2026-04.2_fsp_v6.5.0/toolchains/gcc_arm/13.2.rel1/bin/../lib/gcc/arm-none-eabi/13.2.1/thumb/v8-m.main+fp/hard\libg_nano.a(libc_a-nano-vfprintf_i.o)
 *fill*         0x00007cfa        0x2 
 .rodata.CSWTCH.9
                0x00007cfc        0xc C:/Renesas/RA/e2studio_v2026-04.2_fsp_v6.5.0/toolchains/gcc_arm/13.2.rel1/bin/../lib/gcc/arm-none-eabi/13.2.1/thumb/v8-m.main+fp/hard\libm.a(libm_a-ef_atan2.o)
 .rodata.CSWTCH.8
                0x00007d08        0xc C:/Renesas/RA/e2studio_v2026-04.2_fsp_v6.5.0/toolchains/gcc_arm/13.2.rel1/bin/../lib/gcc/arm-none-eabi/13.2.1/thumb/v8-m.main+fp/hard\libm.a(libm_a-ef_atan2.o)
 .rodata.atanlo
                0x00007d14       0x10 C:/Renesas/RA/e2studio_v2026-04.2_fsp_v6.5.0/toolchains/gcc_arm/13.2.rel1/bin/../lib/gcc/arm-none-eabi/13.2.1/thumb/v8-m.main+fp/hard\libm.a(libm_a-sf_atan.o)
 .rodata.atanhi
                0x00007d24       0x10 C:/Renesas/RA/e2studio_v2026-04.2_fsp_v6.5.0/toolchains/gcc_arm/13.2.rel1/bin/../lib/gcc/arm-none-eabi/13.2.1/thumb/v8-m.main+fp/hard\libm.a(libm_a-sf_atan.o)
 *(.mcuboot_sce9_key)
 *(.version)
 .version       0x00007d34       0x50 ./ra/fsp/src/bsp/mcu/all/bsp_common.o
                0x00007d84                        __flash_readonly$$Limit = .

.glue_7         0x00007d84        0x0
 .glue_7        0x00007d84        0x0 linker stubs

.glue_7t        0x00007d84        0x0
 .glue_7t       0x00007d84        0x0 linker stubs

.vfp11_veneer   0x00007d84        0x0
 .vfp11_veneer  0x00007d84        0x0 linker stubs

.v4_bx          0x00007d84        0x0
 .v4_bx         0x00007d84        0x0 linker stubs

.init           0x00007d84        0x4
 .init          0x00007d84        0x4 C:/Renesas/RA/e2studio_v2026-04.2_fsp_v6.5.0/toolchains/gcc_arm/13.2.rel1/bin/../lib/gcc/arm-none-eabi/13.2.1/thumb/v8-m.main+fp/hard/crti.o
                0x00007d84                _init

.fini           0x00007d88        0x4
 .fini          0x00007d88        0x4 C:/Renesas/RA/e2studio_v2026-04.2_fsp_v6.5.0/toolchains/gcc_arm/13.2.rel1/bin/../lib/gcc/arm-none-eabi/13.2.1/thumb/v8-m.main+fp/hard/crti.o
                0x00007d88                _fini

.iplt           0x00007d8c        0x0
 .iplt          0x00007d8c        0x0 C:/Renesas/RA/e2studio_v2026-04.2_fsp_v6.5.0/toolchains/gcc_arm/13.2.rel1/bin/../lib/gcc/arm-none-eabi/13.2.1/thumb/v8-m.main+fp/hard/crtbegin.o

__flash_ctor$$
 *crtbegin.o(.ctors)
 *crtbegin?.o(.ctors)
 EXCLUDE_FILE(*crtend.o *crtend?.o) *(.ctors)
 *(SORT_BY_NAME(.ctors.*))
 *(.ctors)
 *crtbegin.o(.dtors)
 *crtbegin?.o(.dtors)
 EXCLUDE_FILE(*crtend.o *crtend?.o) *(.dtors)
 *(SORT_BY_NAME(.dtors.*))
 *(.dtors)

__flash_preinit_array$$
                0x00007d8c        0x0
                0x00007d8c                        __preinit_array_start = .
 *(.preinit_array)
                0x00007d8c                        __preinit_array_end = .

__flash_.got$$
 *(.got.plt)
 *(.got)

__flash_init_array$$
                0x00007d8c        0x4
                0x00007d8c                        __init_array_start = .
 *(SORT_BY_NAME(.init_array.*))
 *(.init_array)
 .init_array    0x00007d8c        0x4 C:/Renesas/RA/e2studio_v2026-04.2_fsp_v6.5.0/toolchains/gcc_arm/13.2.rel1/bin/../lib/gcc/arm-none-eabi/13.2.1/thumb/v8-m.main+fp/hard/crtbegin.o
                0x00007d90                        __init_array_end = .

__flash_fini_array$$
                0x00007d90        0x4
                0x00007d90                        __fini_array_start = .
 *(SORT_BY_NAME(.fini_array.*))
 *(.fini_array)
 .fini_array    0x00007d90        0x4 C:/Renesas/RA/e2studio_v2026-04.2_fsp_v6.5.0/toolchains/gcc_arm/13.2.rel1/bin/../lib/gcc/arm-none-eabi/13.2.1/thumb/v8-m.main+fp/hard/crtbegin.o
                0x00007d94                        __fini_array_end = .

__flash_arm.extab$$
 *(.ARM.extab*)
 *(.gnu.linkonce.armextab.*)

__flash_arm.exidx$$
                0x00007d94        0x8
                0x00007d94                        __exidx_start = .
 *(.ARM.exidx*)
 .ARM.exidx.text.__udivmoddi4
                0x00007d94        0x8 C:/Renesas/RA/e2studio_v2026-04.2_fsp_v6.5.0/toolchains/gcc_arm/13.2.rel1/bin/../lib/gcc/arm-none-eabi/13.2.1/thumb/v8-m.main+fp/hard\libgcc.a(_udivmoddi4.o)
 .ARM.exidx     0x00007d9c        0x0 C:/Renesas/RA/e2studio_v2026-04.2_fsp_v6.5.0/toolchains/gcc_arm/13.2.rel1/bin/../lib/gcc/arm-none-eabi/13.2.1/thumb/v8-m.main+fp/hard\libg_nano.a(libc_a-strlen.o)
                                  0x8 (size before relaxing)
 *(.gnu.linkonce.armexidx.*)
                0x00007d9c                        __exidx_end = .

.flash.endof    0x00008000        0x0
                0x00008000                        __ddsc_FLASH_END = .

.flash.flat_nsc
                0x00008000        0x0
                0x00008000                        __ddsc_FLASH_NSC = .

.option_setting_ofs0.startof
                0x0100a100        0x0
                0x0100a100                        __ddsc_OPTION_SETTING_OFS0_START = .

__option_setting_ofs0_reg$$
                0x0100a100        0x4
                0x0100a100                        __option_setting_ofs0_reg$$Base = .
 *(.option_setting_ofs0)
 .option_setting_ofs0
                0x0100a100        0x4 ./ra/fsp/src/bsp/mcu/ra6m5/bsp_linker.o
                0x0100a104                        __option_setting_ofs0_reg$$Limit = .

.option_setting_ofs0.endof
                0x0100a104        0x0
                0x0100a104                        __ddsc_OPTION_SETTING_OFS0_END = .

.option_setting_dualsel.startof
                0x0100a110        0x0
                0x0100a110                        __ddsc_OPTION_SETTING_DUALSEL_START = .

__option_setting_dualsel_reg$$
                0x0100a110        0x0
                0x0100a110                        __option_setting_dualsel_reg$$Base = .
 *(.option_setting_dualsel)
                0x0100a110                        __option_setting_dualsel_reg$$Limit = .

.option_setting_dualsel.endof
                0x0100a110        0x0
                0x0100a110                        __ddsc_OPTION_SETTING_DUALSEL_END = .

.option_setting_ofs1.startof
                0x0100a180        0x0
                0x0100a180                        __ddsc_OPTION_SETTING_OFS1_START = .

__option_setting_ofs1_reg$$
                0x0100a180        0x0
                0x0100a180                        __option_setting_ofs1_reg$$Base = .
 *(.option_setting_ofs1)
                0x0100a180                        __option_setting_ofs1_reg$$Limit = .

.option_setting_ofs1.endof
                0x0100a180        0x0
                0x0100a180                        __ddsc_OPTION_SETTING_OFS1_END = .

.option_setting_banksel.startof
                0x0100a190        0x0
                0x0100a190                        __ddsc_OPTION_SETTING_BANKSEL_START = .

__option_setting_banksel_reg$$
                0x0100a190        0x0
                0x0100a190                        __option_setting_banksel_reg$$Base = .
 *(.option_setting_banksel)
                0x0100a190                        __option_setting_banksel_reg$$Limit = .

.option_setting_banksel.endof
                0x0100a190        0x0
                0x0100a190                        __ddsc_OPTION_SETTING_BANKSEL_END = .

.option_setting_bps.startof
                0x0100a1c0        0x0
                0x0100a1c0                        __ddsc_OPTION_SETTING_BPS_START = .

__option_setting_bps_reg$$
                0x0100a1c0        0x0
                0x0100a1c0                        __option_setting_bps_reg$$Base = .
 *(.option_setting_bps)
                0x0100a1c0                        __option_setting_bps_reg$$Limit = .

.option_setting_bps.endof
                0x0100a1c0        0x0
                0x0100a1c0                        __ddsc_OPTION_SETTING_BPS_END = .

.option_setting_pbps.startof
                0x0100a1e0        0x0
                0x0100a1e0                        __ddsc_OPTION_SETTING_PBPS_START = .

__option_setting_pbps_reg$$
                0x0100a1e0        0x0
                0x0100a1e0                        __option_setting_pbps_reg$$Base = .
 *(.option_setting_pbps)
                0x0100a1e0                        __option_setting_pbps_reg$$Limit = .

.option_setting_pbps.endof
                0x0100a1e0        0x0
                0x0100a1e0                        __ddsc_OPTION_SETTING_PBPS_END = .

.option_setting_ofs1_sec.startof
                0x0100a200        0x0
                0x0100a200                        __ddsc_OPTION_SETTING_OFS1_SEC_START = .

__option_setting_ofs1_sec_reg$$
                0x0100a200        0x4
                0x0100a200                        __option_setting_ofs1_sec_reg$$Base = .
 *(.option_setting_ofs1_sec)
 .option_setting_ofs1_sec
                0x0100a200        0x4 ./ra/fsp/src/bsp/mcu/ra6m5/bsp_linker.o
                0x0100a204                        __option_setting_ofs1_sec_reg$$Limit = .

.option_setting_ofs1_sec.endof
                0x0100a204        0x0
                0x0100a204                        __ddsc_OPTION_SETTING_OFS1_SEC_END = .

.option_setting_banksel_sec.startof
                0x0100a210        0x0
                0x0100a210                        __ddsc_OPTION_SETTING_BANKSEL_SEC_START = .

__option_setting_banksel_sec_reg$$
                0x0100a210        0x0
                0x0100a210                        __option_setting_banksel_sec_reg$$Base = .
 *(.option_setting_banksel_sec)
                0x0100a210                        __option_setting_banksel_sec_reg$$Limit = .

.option_setting_banksel_sec.endof
                0x0100a210        0x0
                0x0100a210                        __ddsc_OPTION_SETTING_BANKSEL_SEC_END = .

.option_setting_bps_sec.startof
                0x0100a240        0x0
                0x0100a240                        __ddsc_OPTION_SETTING_BPS_SEC_START = .

__option_setting_bps_sec_reg$$
                0x0100a240        0x0
                0x0100a240                        __option_setting_bps_sec_reg$$Base = .
 *(.option_setting_bps_sec)
                0x0100a240                        __option_setting_bps_sec_reg$$Limit = .

.option_setting_bps_sec.endof
                0x0100a240        0x0
                0x0100a240                        __ddsc_OPTION_SETTING_BPS_SEC_END = .

.option_setting_pbps_sec.startof
                0x0100a260        0x0
                0x0100a260                        __ddsc_OPTION_SETTING_PBPS_SEC_START = .

__option_setting_pbps_sec_reg$$
                0x0100a260        0x0
                0x0100a260                        __option_setting_pbps_sec_reg$$Base = .
 *(.option_setting_pbps_sec)
                0x0100a260                        __option_setting_pbps_sec_reg$$Limit = .

.option_setting_pbps_sec.endof
                0x0100a260        0x0
                0x0100a260                        __ddsc_OPTION_SETTING_PBPS_SEC_END = .

.option_setting_ofs1_sel.startof
                0x0100a280        0x0
                0x0100a280                        __ddsc_OPTION_SETTING_OFS1_SEL_START = .

__option_setting_ofs1_sel_reg$$
                0x0100a280        0x4
                0x0100a280                        __option_setting_ofs1_sel_reg$$Base = .
 *(.option_setting_ofs1_sel)
 .option_setting_ofs1_sel
                0x0100a280        0x4 ./ra/fsp/src/bsp/mcu/ra6m5/bsp_linker.o
                0x0100a284                        __option_setting_ofs1_sel_reg$$Limit = .

.eh_frame       0x0100a284        0x0
 .eh_frame      0x0100a284        0x0 C:/Renesas/RA/e2studio_v2026-04.2_fsp_v6.5.0/toolchains/gcc_arm/13.2.rel1/bin/../lib/gcc/arm-none-eabi/13.2.1/thumb/v8-m.main+fp/hard/crtbegin.o

.rel.dyn        0x0100a284        0x0
 .rel.iplt      0x0100a284        0x0 C:/Renesas/RA/e2studio_v2026-04.2_fsp_v6.5.0/toolchains/gcc_arm/13.2.rel1/bin/../lib/gcc/arm-none-eabi/13.2.1/thumb/v8-m.main+fp/hard/crtbegin.o

.option_setting_ofs1_sel.endof
                0x0100a284        0x0
                0x0100a284                        __ddsc_OPTION_SETTING_OFS1_SEL_END = .

.option_setting_banksel_sel.startof
                0x0100a290        0x0
                0x0100a290                        __ddsc_OPTION_SETTING_BANKSEL_SEL_START = .

__option_setting_banksel_sel_reg$$
                0x0100a290        0x0
                0x0100a290                        __option_setting_banksel_sel_reg$$Base = .
 *(.option_setting_banksel_sel)
                0x0100a290                        __option_setting_banksel_sel_reg$$Limit = .

.option_setting_banksel_sel.endof
                0x0100a290        0x0
                0x0100a290                        __ddsc_OPTION_SETTING_BANKSEL_SEL_END = .

.option_setting_bps_sel.startof
                0x0100a2c0        0x0
                0x0100a2c0                        __ddsc_OPTION_SETTING_BPS_SEL_START = .

__option_setting_bps_sel_reg$$
                0x0100a2c0        0x0
                0x0100a2c0                        __option_setting_bps_sel_reg$$Base = .
 *(.option_setting_bps_sel)
                0x0100a2c0                        __option_setting_bps_sel_reg$$Limit = .

.option_setting_bps_sel.endof
                0x0100a2c0        0x0
                0x0100a2c0                        __ddsc_OPTION_SETTING_BPS_SEL_END = .
OUTPUT(SevorAll+STOP2+MPU6050+voicePro+webpage+Complementary filter.elf elf32-littlearm)
LOAD linker stubs

.ARM.attributes
                0x00000000       0x36
 .ARM.attributes
                0x00000000       0x26 C:/Renesas/RA/e2studio_v2026-04.2_fsp_v6.5.0/toolchains/gcc_arm/13.2.rel1/bin/../lib/gcc/arm-none-eabi/13.2.1/thumb/v8-m.main+fp/hard/crti.o
 .ARM.attributes
                0x00000026       0x38 C:/Renesas/RA/e2studio_v2026-04.2_fsp_v6.5.0/toolchains/gcc_arm/13.2.rel1/bin/../lib/gcc/arm-none-eabi/13.2.1/thumb/v8-m.main+fp/hard/crtbegin.o
 .ARM.attributes
                0x0000005e       0x3a ./src/hal_entry.o
 .ARM.attributes
                0x00000098       0x3a ./ra_gen/common_data.o
 .ARM.attributes
                0x000000d2       0x3a ./ra_gen/hal_data.o
 .ARM.attributes
                0x0000010c       0x3a ./ra_gen/main.o
 .ARM.attributes
                0x00000146       0x3a ./ra_gen/pin_data.o
 .ARM.attributes
                0x00000180       0x3a ./ra_gen/vector_data.o
 .ARM.attributes
                0x000001ba       0x3a ./ra/fsp/src/r_sci_uart/r_sci_uart.o
 .ARM.attributes
                0x000001f4       0x3a ./ra/fsp/src/r_ioport/r_ioport.o
 .ARM.attributes
                0x0000022e       0x3a ./ra/fsp/src/r_iic_master/r_iic_master.o
 .ARM.attributes
                0x00000268       0x3a ./ra/fsp/src/r_gpt/r_gpt.o
 .ARM.attributes
                0x000002a2       0x3a ./ra/fsp/src/r_flash_hp/r_flash_hp.o
 .ARM.attributes
                0x000002dc       0x3a ./ra/fsp/src/bsp/mcu/ra6m5/bsp_linker.o
 .ARM.attributes
                0x00000316       0x3a ./ra/fsp/src/bsp/mcu/all/bsp_clocks.o
 .ARM.attributes
                0x00000350       0x3a ./ra/fsp/src/bsp/mcu/all/bsp_common.o
 .ARM.attributes
                0x0000038a       0x3a ./ra/fsp/src/bsp/mcu/all/bsp_delay.o
 .ARM.attributes
                0x000003c4       0x3a ./ra/fsp/src/bsp/mcu/all/bsp_group_irq.o
 .ARM.attributes
                0x000003fe       0x3a ./ra/fsp/src/bsp/mcu/all/bsp_io.o
 .ARM.attributes
                0x00000438       0x3a ./ra/fsp/src/bsp/mcu/all/bsp_irq.o
 .ARM.attributes
                0x00000472       0x3a ./ra/fsp/src/bsp/mcu/all/bsp_register_protection.o
 .ARM.attributes
                0x000004ac       0x3a ./ra/fsp/src/bsp/mcu/all/bsp_sbrk.o
 .ARM.attributes
                0x000004e6       0x3a ./ra/fsp/src/bsp/cmsis/Device/RENESAS/Source/startup.o
 .ARM.attributes